###############################################################################
#
# IAR ELF Linker V7.30.4.8167/W32 for ARM                 28/Dec/2016  12:01:36
# Copyright 2007-2014 IAR Systems AB.
#
#    Output file  =  
#        D:\uvutechnology-exam\i2watch\trunk\I4_H\MCU
#        Firmware\I4S\projects\ihealthtrack\iar\i4_H-release\Exe\rockband0_MCU_H.out
#    Map file     =  
#        D:\uvutechnology-exam\i2watch\trunk\I4_H\MCU
#        Firmware\I4S\projects\ihealthtrack\iar\i4_H-release\List\rockband0_MCU_H.map
#    Command line =  
#        "D:\uvutechnology-exam\i2watch\trunk\I4_H\MCU
#        Firmware\I4S\projects\ihealthtrack\iar\i4_H-release\Obj\AD7156.o"
#        "D:\uvutechnology-exam\i2watch\trunk\I4_H\MCU
#        Firmware\I4S\projects\ihealthtrack\iar\i4_H-release\Obj\adc.o"
#        "D:\uvutechnology-exam\i2watch\trunk\I4_H\MCU
#        Firmware\I4S\projects\ihealthtrack\iar\i4_H-release\Obj\AFE44x0.o"
#        "D:\uvutechnology-exam\i2watch\trunk\I4_H\MCU
#        Firmware\I4S\projects\ihealthtrack\iar\i4_H-release\Obj\BLE-LEUART-DMA.o"
#        "D:\uvutechnology-exam\i2watch\trunk\I4_H\MCU
#        Firmware\I4S\projects\ihealthtrack\iar\i4_H-release\Obj\BMM150.o"
#        "D:\uvutechnology-exam\i2watch\trunk\I4_H\MCU
#        Firmware\I4S\projects\ihealthtrack\iar\i4_H-release\Obj\bsp.o"
#        "D:\uvutechnology-exam\i2watch\trunk\I4_H\MCU
#        Firmware\I4S\projects\ihealthtrack\iar\i4_H-release\Obj\caplesense.o"
#        "D:\uvutechnology-exam\i2watch\trunk\I4_H\MCU
#        Firmware\I4S\projects\ihealthtrack\iar\i4_H-release\Obj\CapTouchDetect.o"
#        "D:\uvutechnology-exam\i2watch\trunk\I4_H\MCU
#        Firmware\I4S\projects\ihealthtrack\iar\i4_H-release\Obj\clock.o"
#        "D:\uvutechnology-exam\i2watch\trunk\I4_H\MCU
#        Firmware\I4S\projects\ihealthtrack\iar\i4_H-release\Obj\clockApp.o"
#        "D:\uvutechnology-exam\i2watch\trunk\I4_H\MCU
#        Firmware\I4S\projects\ihealthtrack\iar\i4_H-release\Obj\common_vars.o"
#        "D:\uvutechnology-exam\i2watch\trunk\I4_H\MCU
#        Firmware\I4S\projects\ihealthtrack\iar\i4_H-release\Obj\cortex-m_faults.o"
#        "D:\uvutechnology-exam\i2watch\trunk\I4_H\MCU
#        Firmware\I4S\projects\ihealthtrack\iar\i4_H-release\Obj\crc.o"
#        "D:\uvutechnology-exam\i2watch\trunk\I4_H\MCU
#        Firmware\I4S\projects\ihealthtrack\iar\i4_H-release\Obj\data_gather.o"
#        "D:\uvutechnology-exam\i2watch\trunk\I4_H\MCU
#        Firmware\I4S\projects\ihealthtrack\iar\i4_H-release\Obj\DelayUsingTimerInt.o"
#        "D:\uvutechnology-exam\i2watch\trunk\I4_H\MCU
#        Firmware\I4S\projects\ihealthtrack\iar\i4_H-release\Obj\Device_task.o"
#        "D:\uvutechnology-exam\i2watch\trunk\I4_H\MCU
#        Firmware\I4S\projects\ihealthtrack\iar\i4_H-release\Obj\display_task.o"
#        "D:\uvutechnology-exam\i2watch\trunk\I4_H\MCU
#        Firmware\I4S\projects\ihealthtrack\iar\i4_H-release\Obj\dmactrl.o"
#        "D:\uvutechnology-exam\i2watch\trunk\I4_H\MCU
#        Firmware\I4S\projects\ihealthtrack\iar\i4_H-release\Obj\drv2605.o"
#        "D:\uvutechnology-exam\i2watch\trunk\I4_H\MCU
#        Firmware\I4S\projects\ihealthtrack\iar\i4_H-release\Obj\em_acmp.o"
#        "D:\uvutechnology-exam\i2watch\trunk\I4_H\MCU
#        Firmware\I4S\projects\ihealthtrack\iar\i4_H-release\Obj\em_adc.o"
#        "D:\uvutechnology-exam\i2watch\trunk\I4_H\MCU
#        Firmware\I4S\projects\ihealthtrack\iar\i4_H-release\Obj\em_burtc.o"
#        "D:\uvutechnology-exam\i2watch\trunk\I4_H\MCU
#        Firmware\I4S\projects\ihealthtrack\iar\i4_H-release\Obj\em_cmu.o"
#        "D:\uvutechnology-exam\i2watch\trunk\I4_H\MCU
#        Firmware\I4S\projects\ihealthtrack\iar\i4_H-release\Obj\em_dma.o"
#        "D:\uvutechnology-exam\i2watch\trunk\I4_H\MCU
#        Firmware\I4S\projects\ihealthtrack\iar\i4_H-release\Obj\em_emu.o"
#        "D:\uvutechnology-exam\i2watch\trunk\I4_H\MCU
#        Firmware\I4S\projects\ihealthtrack\iar\i4_H-release\Obj\em_gpio.o"
#        "D:\uvutechnology-exam\i2watch\trunk\I4_H\MCU
#        Firmware\I4S\projects\ihealthtrack\iar\i4_H-release\Obj\em_i2c.o"
#        "D:\uvutechnology-exam\i2watch\trunk\I4_H\MCU
#        Firmware\I4S\projects\ihealthtrack\iar\i4_H-release\Obj\em_int.o"
#        "D:\uvutechnology-exam\i2watch\trunk\I4_H\MCU
#        Firmware\I4S\projects\ihealthtrack\iar\i4_H-release\Obj\em_lcd.o"
#        "D:\uvutechnology-exam\i2watch\trunk\I4_H\MCU
#        Firmware\I4S\projects\ihealthtrack\iar\i4_H-release\Obj\em_lesense.o"
#        "D:\uvutechnology-exam\i2watch\trunk\I4_H\MCU
#        Firmware\I4S\projects\ihealthtrack\iar\i4_H-release\Obj\em_letimer.o"
#        "D:\uvutechnology-exam\i2watch\trunk\I4_H\MCU
#        Firmware\I4S\projects\ihealthtrack\iar\i4_H-release\Obj\em_leuart.o"
#        "D:\uvutechnology-exam\i2watch\trunk\I4_H\MCU
#        Firmware\I4S\projects\ihealthtrack\iar\i4_H-release\Obj\em_msc.o"
#        "D:\uvutechnology-exam\i2watch\trunk\I4_H\MCU
#        Firmware\I4S\projects\ihealthtrack\iar\i4_H-release\Obj\em_prs.o"
#        "D:\uvutechnology-exam\i2watch\trunk\I4_H\MCU
#        Firmware\I4S\projects\ihealthtrack\iar\i4_H-release\Obj\em_rmu.o"
#        "D:\uvutechnology-exam\i2watch\trunk\I4_H\MCU
#        Firmware\I4S\projects\ihealthtrack\iar\i4_H-release\Obj\em_rtc.o"
#        "D:\uvutechnology-exam\i2watch\trunk\I4_H\MCU
#        Firmware\I4S\projects\ihealthtrack\iar\i4_H-release\Obj\em_system.o"
#        "D:\uvutechnology-exam\i2watch\trunk\I4_H\MCU
#        Firmware\I4S\projects\ihealthtrack\iar\i4_H-release\Obj\em_timer.o"
#        "D:\uvutechnology-exam\i2watch\trunk\I4_H\MCU
#        Firmware\I4S\projects\ihealthtrack\iar\i4_H-release\Obj\em_usart.o"
#        "D:\uvutechnology-exam\i2watch\trunk\I4_H\MCU
#        Firmware\I4S\projects\ihealthtrack\iar\i4_H-release\Obj\em_vcmp.o"
#        "D:\uvutechnology-exam\i2watch\trunk\I4_H\MCU
#        Firmware\I4S\projects\ihealthtrack\iar\i4_H-release\Obj\em_wdog.o"
#        "D:\uvutechnology-exam\i2watch\trunk\I4_H\MCU
#        Firmware\I4S\projects\ihealthtrack\iar\i4_H-release\Obj\flash_task.o"
#        "D:\uvutechnology-exam\i2watch\trunk\I4_H\MCU
#        Firmware\I4S\projects\ihealthtrack\iar\i4_H-release\Obj\GlobalData.o"
#        "D:\uvutechnology-exam\i2watch\trunk\I4_H\MCU
#        Firmware\I4S\projects\ihealthtrack\iar\i4_H-release\Obj\heap_1.o"
#        "D:\uvutechnology-exam\i2watch\trunk\I4_H\MCU
#        Firmware\I4S\projects\ihealthtrack\iar\i4_H-release\Obj\i2c_driver.o"
#        "D:\uvutechnology-exam\i2watch\trunk\I4_H\MCU
#        Firmware\I4S\projects\ihealthtrack\src\iar_cortexM4lf_math.a"
#        "D:\uvutechnology-exam\i2watch\trunk\I4_H\MCU
#        Firmware\I4S\projects\ihealthtrack\iar\i4_H-release\Obj\interrupt.o"
#        "D:\uvutechnology-exam\i2watch\trunk\I4_H\MCU
#        Firmware\I4S\projects\ihealthtrack\iar\i4_H-release\Obj\L3GD20H.o"
#        "D:\uvutechnology-exam\i2watch\trunk\I4_H\MCU
#        Firmware\I4S\projects\ihealthtrack\iar\i4_H-release\Obj\led_font.o"
#        "D:\uvutechnology-exam\i2watch\trunk\I4_H\MCU
#        Firmware\I4S\projects\ihealthtrack\iar\i4_H-release\Obj\list.o"
#        "D:\uvutechnology-exam\i2watch\trunk\I4_H\MCU
#        Firmware\I4S\projects\ihealthtrack\iar\i4_H-release\Obj\low_power_tick_management.o"
#        "D:\uvutechnology-exam\i2watch\trunk\I4_H\MCU
#        Firmware\I4S\projects\ihealthtrack\iar\i4_H-release\Obj\LPS22HB.o"
#        "D:\uvutechnology-exam\i2watch\trunk\I4_H\MCU
#        Firmware\I4S\projects\ihealthtrack\iar\i4_H-release\Obj\M00930.o"
#        "D:\uvutechnology-exam\i2watch\trunk\I4_H\MCU
#        Firmware\I4S\projects\ihealthtrack\iar\i4_H-release\Obj\m25pxx.o"
#        "D:\uvutechnology-exam\i2watch\trunk\I4_H\MCU
#        Firmware\I4S\projects\ihealthtrack\iar\i4_H-release\Obj\main.o"
#        "D:\uvutechnology-exam\i2watch\trunk\I4_H\MCU
#        Firmware\I4S\projects\ihealthtrack\iar\i4_H-release\Obj\mcp9804.o"
#        "D:\uvutechnology-exam\i2watch\trunk\I4_H\MCU
#        Firmware\I4S\projects\ihealthtrack\iar\i4_H-release\Obj\mems.o"
#        "D:\uvutechnology-exam\i2watch\trunk\I4_H\MCU
#        Firmware\I4S\projects\ihealthtrack\iar\i4_H-release\Obj\mems_tracking.o"
#        "D:\uvutechnology-exam\i2watch\trunk\I4_H\MCU
#        Firmware\I4S\projects\ihealthtrack\iar\i4_H-release\Obj\Menu.o"
#        "D:\uvutechnology-exam\i2watch\trunk\I4_H\MCU
#        Firmware\I4S\projects\ihealthtrack\iar\i4_H-release\Obj\notification.o"
#        "D:\uvutechnology-exam\i2watch\trunk\I4_H\MCU
#        Firmware\I4S\projects\ihealthtrack\iar\i4_H-release\Obj\port.o"
#        "D:\uvutechnology-exam\i2watch\trunk\I4_H\MCU
#        Firmware\I4S\projects\ihealthtrack\iar\i4_H-release\Obj\portasm.o"
#        "D:\uvutechnology-exam\i2watch\trunk\I4_H\MCU
#        Firmware\I4S\projects\ihealthtrack\iar\i4_H-release\Obj\queue.o"
#        "D:\uvutechnology-exam\i2watch\trunk\I4_H\MCU
#        Firmware\I4S\projects\ihealthtrack\iar\i4_H-release\Obj\Si14x.o"
#        "D:\uvutechnology-exam\i2watch\trunk\I4_H\MCU
#        Firmware\I4S\projects\ihealthtrack\iar\i4_H-release\Obj\signal_proc.o"
#        "D:\uvutechnology-exam\i2watch\trunk\I4_H\MCU
#        Firmware\I4S\projects\ihealthtrack\iar\i4_H-release\Obj\sleep.o"
#        "D:\uvutechnology-exam\i2watch\trunk\I4_H\MCU
#        Firmware\I4S\projects\ihealthtrack\iar\i4_H-release\Obj\startup_efm32wg.o"
#        "D:\uvutechnology-exam\i2watch\trunk\I4_H\MCU
#        Firmware\I4S\projects\ihealthtrack\iar\i4_H-release\Obj\subMenu.o"
#        "D:\uvutechnology-exam\i2watch\trunk\I4_H\MCU
#        Firmware\I4S\projects\ihealthtrack\iar\i4_H-release\Obj\sys_sharing_source.o"
#        "D:\uvutechnology-exam\i2watch\trunk\I4_H\MCU
#        Firmware\I4S\projects\ihealthtrack\iar\i4_H-release\Obj\system_efm32wg.o"
#        "D:\uvutechnology-exam\i2watch\trunk\I4_H\MCU
#        Firmware\I4S\projects\ihealthtrack\iar\i4_H-release\Obj\tasks.o" -o
#        "D:\uvutechnology-exam\i2watch\trunk\I4_H\MCU
#        Firmware\I4S\projects\ihealthtrack\iar\i4_H-release\Exe\rockband0_MCU_H.out"
#        --strip --map "D:\uvutechnology-exam\i2watch\trunk\I4_H\MCU
#        Firmware\I4S\projects\ihealthtrack\iar\i4_H-release\List\rockband0_MCU_H.map"
#        --config "D:\uvutechnology-exam\i2watch\trunk\I4_H\MCU
#        Firmware\I4S\projects\ihealthtrack\iar\support-boot.icf" --entry
#        __iar_program_start --inline --no_exceptions --vfe
#
###############################################################################

*******************************************************************************
*** RUNTIME MODEL ATTRIBUTES
***

CppFlavor       = *
__Heap_Handler  = DLMalloc
__SystemLibrary = DLib


*******************************************************************************
*** PLACEMENT SUMMARY
***

"A1":  place at 0x00009800 { ro section .intvec };
"P1":  place in [from 0x00009800 to 0x0003ffff] { ro };
"P2":  place in [from 0x20000000 to 0x20007fff] { rw, block CSTACK, block HEAP };

  Section             Kind        Address     Size  Object
  -------             ----        -------     ----  ------
"A1":                                         0xe0
  .intvec             ro code  0x00009800     0xe0  startup_efm32wg.o [1]
                             - 0x000098e0     0xe0

"P1":                                      0x2b3c1
  .rodata             const    0x000098e0  0x13458  arm_common_tables.o [4]
  .text               ro code  0x0001cd38   0x2c38  BLE-LEUART-DMA.o [1]
  .text               ro code  0x0001f970    0x204  DelayUsingTimerInt.o [1]
  .text               ro code  0x0001fb74      0x6  ABImemclr.o [6]
  .text               ro code  0x0001fb7a     0x22  zero_init3.o [6]
  .text               ro code  0x0001fb9c     0x76  ABImemcpy_unaligned.o [6]
  .text               ro code  0x0001fc12      0xa  xsprout.o [3]
  .text               ro code  0x0001fc1c    0xa5c  em_cmu.o [1]
  .text               ro code  0x00020678     0xc2  em_leuart.o [1]
  .text               ro code  0x0002073c     0xd6  em_gpio.o [1]
  .text               ro code  0x00020814    0x224  em_dma.o [1]
  .text               ro code  0x00020a38    0x3f4  queue.o [1]
  .text               ro code  0x00020e2c      0x6  ABImemclr4.o [6]
  .text               ro code  0x00020e34    0xaf0  flash_task.o [1]
  .text               ro code  0x00021924    0xc58  sys_sharing_source.o [1]
  .text               ro code  0x0002257c     0x66  ABImemset.o [6]
  .text               ro code  0x000225e4    0x824  tasks.o [1]
  .text               ro code  0x00022e08    0x20c  main.o [1]
  .text               ro code  0x00023014    0x85c  m25pxx.o [1]
  .text               ro code  0x00023870   0x1518  dlmalloc.o [3]
  .text               ro code  0x00024d88    0x668  AFE44x0.o [1]
  .text               ro code  0x000253f0     0x9e  crc.o [1]
  .text               ro code  0x00025490   0x1e1e  subMenu.o [1]
  .text               ro code  0x000272b0    0x2b0  M00930.o [1]
  .text               ro code  0x00027560     0x30  I32ToDbl.o [5]
  .text               ro code  0x00027590    0x1a2  DblMul.o [5]
  .text               ro code  0x00027734     0x90  DblToFlt.o [5]
  Veneer              ro code  0x000277c4      0x8  - Linker created -
  Veneer              ro code  0x000277cc      0x8  - Linker created -
  .text               ro code  0x000277d4    0x498  GlobalData.o [1]
  .text               ro code  0x00027c6c    0x240  clockApp.o [1]
  .text               ro code  0x00027eac     0x7c  clock.o [1]
  .text               ro code  0x00027f28    0x2c4  CapTouchDetect.o [1]
  .text               ro code  0x000281ec    0x8e0  Menu.o [1]
  .text               ro code  0x00028acc     0x7c  notification.o [1]
  .text               ro code  0x00028b48     0x6e  ceil.o [5]
  .text               ro code  0x00028bb8     0x58  DblToI32.o [5]
  .text               ro code  0x00028c10     0x9a  em_timer.o [1]
  .text               ro code  0x00028cac    0x18c  system_efm32wg.o [1]
  .text               ro code  0x00028e38    0x1b4  em_emu.o [1]
  .text               ro code  0x00028fec     0x58  heap_1.o [1]
  .text               ro code  0x00029044    0x130  port.o [1]
  .text               ro code  0x00029174     0x90  list.o [1]
  CODE                ro code  0x00029204     0xb4  portasm.o [1]
  .text               ro code  0x000292b8     0x3a  ABImemset48.o [6]
  .text               ro code  0x000292f4    0x450  data_gather.o [1]
  .text               ro code  0x00029744    0x184  em_adc.o [1]
  .text               ro code  0x000298c8     0x4e  FltToDbl.o [5]
  .text               ro code  0x00029918     0xe8  DblAdd.o [5]
  .text               ro code  0x00029a00    0x1f4  drv2605.o [1]
  .text               ro code  0x00029bf4    0x93c  mems.o [1]
  .text               ro code  0x0002a530    0x3c8  mcp9804.o [1]
  .text               ro code  0x0002a8f8    0x664  Si14x.o [1]
  .text               ro code  0x0002af5c    0x250  caplesense.o [1]
  .text               ro code  0x0002b1ac     0xe0  em_rmu.o [1]
  .text               ro code  0x0002b28c     0x8a  em_letimer.o [1]
  .text               ro code  0x0002b318     0x4a  em_rtc.o [1]
  .text               ro code  0x0002b364     0x94  em_wdog.o [1]
  .text               ro code  0x0002b3f8    0x1e0  low_power_tick_management.o [1]
  .text               ro code  0x0002b5d8    0xb6c  Device_task.o [1]
  .text               ro code  0x0002c144    0x2d4  display_task.o [1]
  .text               ro code  0x0002c418     0xc4  sleep.o [1]
  .text               ro code  0x0002c4dc     0x20  em_system.o [1]
  .text               ro code  0x0002c4fc    0x15c  bsp.o [1]
  .text               ro code  0x0002c658     0xdc  em_usart.o [1]
  .text               ro code  0x0002c734      0x6  abort.o [3]
  .text               ro code  0x0002c73c     0x2c  xgetmemchunk.o [3]
  .text               ro code  0x0002c768    0x65c  signal_proc.o [1]
  .text               ro code  0x0002cdc4    0x9c4  mems_tracking.o [1]
  .text               ro code  0x0002d788     0x34  sprintf.o [3]
  .text               ro code  0x0002d7bc     0x36  strlen.o [6]
  .text               ro code  0x0002d7f4    0x246  DblDiv.o [5]
  .text               ro code  0x0002da3c    0x2da  em_i2c.o [1]
  .text               ro code  0x0002dd18     0xb8  i2c_driver.o [1]
  .text               ro code  0x0002ddd0    0x180  DblSub.o [5]
  .text               ro code  0x0002df50     0x7c  em_msc.o [1]
  .text               ro code  0x0002dfcc     0xe0  em_burtc.o [1]
  .text               ro code  0x0002e0ac     0xb6  localtim.o [3]
  .text               ro code  0x0002e164     0xd0  mktime.o [3]
  .text               ro code  0x0002e234    0x2e4  em_lesense.o [1]
  .text               ro code  0x0002e518     0x5c  em_acmp.o [1]
  .text               ro code  0x0002e574      0xc  XXexit.o [6]
  .text               ro code  0x0002e580    0x144  arm_rfft_fast_init_f32.o [4]
  .text               ro code  0x0002e6c4    0x194  arm_rfft_fast_f32.o [4]
  .text               ro code  0x0002e858    0x10a  arm_cmplx_mag_f32.o [4]
  .text               ro code  0x0002e964    0x100  sqrt.o [5]
  .text               ro code  0x0002ea64    0xc02  xprintflarge_nomb.o [3]
  .text               ro code  0x0002f668     0x29  setlocale.o [3]
  .text               ro code  0x0002f694      0xa  getzone.o [3]
  .text               ro code  0x0002f69e     0x42  xgettime.o [3]
  .text               ro code  0x0002f6e0     0x86  xstol.o [3]
  .text               ro code  0x0002f768    0x188  xttotm.o [3]
  .text               ro code  0x0002f8f0    0x748  arm_cfft_f32.o [4]
  .text               ro code  0x00030038     0x1c  sqrtf.o [5]
  .text               ro code  0x00030054      0xc  iarEdom.o [6]
  .text               ro code  0x00030060     0x16  strchr.o [6]
  .text               ro code  0x00030078     0x58  memchr.o [6]
  .text               ro code  0x000300d0     0xee  I64DivMod.o [6]
  .text               ro code  0x000301be     0x42  xdnorm.o [5]
  .text               ro code  0x00030200     0x2e  DblCmpLe.o [5]
  .text               ro code  0x0003022e      0xe  div.o [3]
  .text               ro code  0x0003023c    0x198  xstoul.o [3]
  .text               ro code  0x000303d4      0xc  errno.o [3]
  .text               ro code  0x000303e0    0x134  xisdst.o [3]
  .text               ro code  0x00030514    0x560  arm_cfft_radix8_f32.o [4]
  .text               ro code  0x00030a74     0x6a  arm_bitreversal2.o [4]
  .text               ro code  0x00030ae0      0x2  I64DivZer.o [6]
  .text               ro code  0x00030ae2      0x2  xtls.o [3]
  .text               ro code  0x00030ae4    0x164  xgetdst.o [3]
  .rodata             const    0x00030c48    0xd5c  led_font.o [1]
  .rodata             const    0x000319a4    0xa00  led_font.o [1]
  .rodata             const    0x000323a4    0x5f0  led_font.o [1]
  .rodata             const    0x00032994    0x370  led_font.o [1]
  .rodata             const    0x00032d04    0x2d0  led_font.o [1]
  .rodata             const    0x00032fd4    0x2a0  led_font.o [1]
  .rodata             const    0x00033274    0x200  caplesense.o [1]
  .rodata             const    0x00033474    0x200  caplesense.o [1]
  .text               ro code  0x00033674    0x1c2  lz77_init.o [6]
  .rodata             const    0x00033838    0x1a4  led_font.o [1]
  .rodata             const    0x000339dc    0x180  led_font.o [1]
  .rodata             const    0x00033b5c    0x160  led_font.o [1]
  .rodata             const    0x00033cbc    0x100  led_font.o [1]
  .rodata             const    0x00033dbc    0x100  led_font.o [1]
  .rodata             const    0x00033ebc    0x100  led_font.o [1]
  .rodata             const    0x00033fbc     0xfc  led_font.o [1]
  .rodata             const    0x000340b8     0xf0  led_font.o [1]
  .text               ro code  0x000341a8     0xc4  cortex-m_faults.o [1]
  .rodata             const    0x0003426c     0xc0  led_font.o [1]
  .text               ro code  0x0003432c     0x74  interrupt.o [1]
  .rodata             const    0x000343a0     0x58  led_font.o [1]
  .rodata             const    0x000343f8     0x50  led_font.o [1]
  .rodata             const    0x00034448     0x40  caplesense.o [1]
  .rodata             const    0x00034488     0x40  led_font.o [1]
  .rodata             const    0x000344c8     0x40  led_font.o [1]
  .rodata             const    0x00034508     0x40  led_font.o [1]
  .rodata             const    0x00034548     0x3c  led_font.o [1]
  .rodata             const    0x00034584     0x3c  led_font.o [1]
  .rodata             const    0x000345c0     0x30  led_font.o [1]
  .rodata             const    0x000345f0     0x30  led_font.o [1]
  .rodata             const    0x00034620     0x30  signal_proc.o [1]
  .text               ro code  0x00034650     0x28  data_init.o [6]
  .text               ro code  0x00034678     0x22  fpinit_M.o [5]
  .iar.init_table     const    0x0003469c     0x2c  - Linker created -
  .rodata             const    0x000346c8     0x20  led_font.o [1]
  .rodata             const    0x000346e8     0x20  led_font.o [1]
  .rodata             const    0x00034708     0x1c  led_font.o [1]
  .rodata             const    0x00034724     0x1c  led_font.o [1]
  .text               ro code  0x00034740     0x1a  cmain.o [6]
  .text               ro code  0x0003475a      0x4  exit.o [3]
  .text               ro code  0x00034760      0xa  cexit.o [6]
  .rodata             const    0x0003476c     0x18  AFE44x0.o [1]
  .rodata             const    0x00034784     0x18  BLE-LEUART-DMA.o [1]
  .rodata             const    0x0003479c     0x18  m25pxx.o [1]
  .rodata             const    0x000347b4     0x18  mems.o [1]
  .rodata             const    0x000347cc     0x14  caplesense.o [1]
  .rodata             const    0x000347e0     0x14  clockApp.o [1]
  .rodata             const    0x000347f4     0x14  led_font.o [1]
  .rodata             const    0x00034808     0x10  BLE-LEUART-DMA.o [1]
  .rodata             const    0x00034818     0x10  DelayUsingTimerInt.o [1]
  .rodata             const    0x00034828     0x10  display_task.o [1]
  .rodata             const    0x00034838     0x10  M00930.o [1]
  .rodata             const    0x00034848     0x10  mcp9804.o [1]
  .rodata             const    0x00034858     0x10  Si14x.o [1]
  .text               ro code  0x00034868     0x10  startup_efm32wg.o [1]
  .rodata             const    0x00034878      0xc  BLE-LEUART-DMA.o [1]
  .rodata             const    0x00034884      0xc  BLE-LEUART-DMA.o [1]
  .rodata             const    0x00034890      0xc  bsp.o [1]
  .rodata             const    0x0003489c      0xc  clockApp.o [1]
  .rodata             const    0x000348a8      0xc  Device_task.o [1]
  .rodata             const    0x000348b4      0xc  Device_task.o [1]
  .rodata             const    0x000348c0      0xc  flash_task.o [1]
  .rodata             const    0x000348cc      0xc  m25pxx.o [1]
  .rodata             const    0x000348d8      0xc  subMenu.o [1]
  .rodata             const    0x000348e4      0xc  sys_sharing_source.o [1]
  .text               ro code  0x000348f0      0xc  cstartup_M.o [6]
  .rodata             const    0x000348fc      0x8  BLE-LEUART-DMA.o [1]
  .rodata             const    0x00034904      0x8  BLE-LEUART-DMA.o [1]
  .rodata             const    0x0003490c      0x8  Device_task.o [1]
  .rodata             const    0x00034914      0x8  display_task.o [1]
  .rodata             const    0x0003491c      0x8  flash_task.o [1]
  .rodata             const    0x00034924      0x8  flash_task.o [1]
  .rodata             const    0x0003492c      0x8  led_font.o [1]
  .rodata             const    0x00034934      0x8  subMenu.o [1]
  .rodata             const    0x0003493c      0x8  subMenu.o [1]
  .rodata             const    0x00034944      0x8  subMenu.o [1]
  .rodata             const    0x0003494c      0x8  subMenu.o [1]
  .rodata             const    0x00034954      0x8  sys_sharing_source.o [1]
  .rodata             const    0x0003495c      0x8  tasks.o [1]
  .rodata             const    0x00034964      0x4  clockApp.o [1]
  .rodata             const    0x00034968      0x4  em_i2c.o [1]
  .rodata             const    0x0003496c      0x4  Menu.o [1]
  .rodata             const    0x00034970      0x4  Menu.o [1]
  .rodata             const    0x00034974      0x4  Si14x.o [1]
  .rodata             const    0x00034978      0x4  sys_sharing_source.o [1]
  .text               ro code  0x0003497c      0x4  startup_efm32wg.o [1]
  .text               ro code  0x00034980      0x4  startup_efm32wg.o [1]
  .text               ro code  0x00034984      0x4  startup_efm32wg.o [1]
  .text               ro code  0x00034988      0x4  startup_efm32wg.o [1]
  .text               ro code  0x0003498c      0x4  startup_efm32wg.o [1]
  .text               ro code  0x00034990      0x4  startup_efm32wg.o [1]
  .text               ro code  0x00034994      0x4  startup_efm32wg.o [1]
  .text               ro code  0x00034998      0x4  startup_efm32wg.o [1]
  .text               ro code  0x0003499c      0x4  startup_efm32wg.o [1]
  .text               ro code  0x000349a0      0x4  startup_efm32wg.o [1]
  .text               ro code  0x000349a4      0x4  startup_efm32wg.o [1]
  .text               ro code  0x000349a8      0x4  startup_efm32wg.o [1]
  .text               ro code  0x000349ac      0x4  startup_efm32wg.o [1]
  .text               ro code  0x000349b0      0x4  startup_efm32wg.o [1]
  .text               ro code  0x000349b4      0x4  startup_efm32wg.o [1]
  .text               ro code  0x000349b8      0x4  startup_efm32wg.o [1]
  .text               ro code  0x000349bc      0x4  startup_efm32wg.o [1]
  .text               ro code  0x000349c0      0x4  startup_efm32wg.o [1]
  .text               ro code  0x000349c4      0x4  startup_efm32wg.o [1]
  .text               ro code  0x000349c8      0x4  startup_efm32wg.o [1]
  .text               ro code  0x000349cc      0x4  startup_efm32wg.o [1]
  .text               ro code  0x000349d0      0x4  startup_efm32wg.o [1]
  .text               ro code  0x000349d4      0x4  startup_efm32wg.o [1]
  .text               ro code  0x000349d8      0x4  startup_efm32wg.o [1]
  .text               ro code  0x000349dc      0x4  startup_efm32wg.o [1]
  .text               ro code  0x000349e0      0x4  startup_efm32wg.o [1]
  .text               ro code  0x000349e4      0x4  startup_efm32wg.o [1]
  .text               ro code  0x000349e8      0x4  startup_efm32wg.o [1]
  .text               ro code  0x000349ec      0x4  startup_efm32wg.o [1]
  .text               ro code  0x000349f0      0x4  startup_efm32wg.o [1]
  .text               ro code  0x000349f4      0x4  startup_efm32wg.o [1]
  .text               ro code  0x000349f8      0x4  startup_efm32wg.o [1]
  .text               ro code  0x000349fc      0x4  startup_efm32wg.o [1]
  .rodata             const    0x00034a00      0x0  zero_init3.o [6]
  .rodata             const    0x00034a00      0x0  lz77_init.o [6]
  Initializer bytes   const    0x00034a00    0x2a1  <for P2 s0>
                             - 0x00034ca1  0x2b3c1

"P2":                                       0x7aa8
  P2 s0                        0x20000000    0x489  <Init block>
    .textrw           inited   0x20000000    0x120  em_msc.o [1]
    .data             inited   0x20000120     0xc4  AFE44x0.o [1]
    .data             inited   0x200001e4     0xb4  Menu.o [1]
    __DLIB_PERTHREAD  inited   0x20000298     0x2c  xttotm.o [3]
    .data             inited   0x200002c4     0x20  data_gather.o [1]
    .data             inited   0x200002e4     0x20  flash_task.o [1]
    .data             inited   0x20000304     0x10  data_gather.o [1]
    .data             inited   0x20000314     0x10  data_gather.o [1]
    .data             inited   0x20000324     0x10  data_gather.o [1]
    .data             inited   0x20000334     0x10  data_gather.o [1]
    .data             inited   0x20000344     0x10  data_gather.o [1]
    .data             inited   0x20000354     0x10  data_gather.o [1]
    .data             inited   0x20000364     0x10  data_gather.o [1]
    .data             inited   0x20000374     0x10  data_gather.o [1]
    .data             inited   0x20000384     0x10  flash_task.o [1]
    .data             inited   0x20000394     0x10  flash_task.o [1]
    .data             inited   0x200003a4     0x10  flash_task.o [1]
    .data             inited   0x200003b4     0x10  flash_task.o [1]
    .data             inited   0x200003c4     0x10  flash_task.o [1]
    .data             inited   0x200003d4     0x10  flash_task.o [1]
    .data             inited   0x200003e4     0x10  flash_task.o [1]
    .data             inited   0x200003f4     0x10  flash_task.o [1]
    .data             inited   0x20000404      0xc  Device_task.o [1]
    .data             inited   0x20000410      0x8  BLE-LEUART-DMA.o [1]
    __DLIB_PERTHREAD  inited   0x20000418      0x8  localtim.o [3]
    __DLIB_PERTHREAD  inited   0x20000420      0x8  setlocale.o [3]
    .data             inited   0x20000428      0x4  BLE-LEUART-DMA.o [1]
    .data             inited   0x2000042c      0x4  common_vars.o [1]
    .data             inited   0x20000430      0x4  common_vars.o [1]
    .data             inited   0x20000434      0x4  common_vars.o [1]
    .data             inited   0x20000438      0x4  common_vars.o [1]
    .data             inited   0x2000043c      0x4  common_vars.o [1]
    .data             inited   0x20000440      0x4  common_vars.o [1]
    .data             inited   0x20000444      0x4  cortex-m_faults.o [1]
    .data             inited   0x20000448      0x4  Device_task.o [1]
    .data             inited   0x2000044c      0x4  mems.o [1]
    .data             inited   0x20000450      0x4  mems_tracking.o [1]
    .data             inited   0x20000454      0x4  mems_tracking.o [1]
    .data             inited   0x20000458      0x4  port.o [1]
    .data             inited   0x2000045c      0x4  system_efm32wg.o [1]
    .data             inited   0x20000460      0x4  system_efm32wg.o [1]
    .data             inited   0x20000464      0x4  tasks.o [1]
    __DLIB_PERTHREAD  inited   0x20000468      0x4  xisdst.o [3]
    __DLIB_PERTHREAD  inited   0x2000046c      0x4  errno.o [3]
    __DLIB_PERTHREAD  inited   0x20000470      0x4  xisdstData.o [3]
    .data             inited   0x20000474      0x1  AFE44x0.o [1]
    .data             inited   0x20000475      0x1  BLE-LEUART-DMA.o [1]
    .data             inited   0x20000476      0x1  BLE-LEUART-DMA.o [1]
    .data             inited   0x20000477      0x1  BLE-LEUART-DMA.o [1]
    .data             inited   0x20000478      0x1  BLE-LEUART-DMA.o [1]
    .data             inited   0x20000479      0x1  BLE-LEUART-DMA.o [1]
    .data             inited   0x2000047a      0x1  BLE-LEUART-DMA.o [1]
    .data             inited   0x2000047b      0x1  BLE-LEUART-DMA.o [1]
    .data             inited   0x2000047c      0x1  BLE-LEUART-DMA.o [1]
    .data             inited   0x2000047d      0x1  BLE-LEUART-DMA.o [1]
    .data             inited   0x2000047e      0x1  CapTouchDetect.o [1]
    .data             inited   0x2000047f      0x1  CapTouchDetect.o [1]
    .data             inited   0x20000480      0x1  CapTouchDetect.o [1]
    .data             inited   0x20000481      0x1  common_vars.o [1]
    .data             inited   0x20000482      0x1  common_vars.o [1]
    .data             inited   0x20000483      0x1  data_gather.o [1]
    .data             inited   0x20000484      0x1  Device_task.o [1]
    .data             inited   0x20000485      0x1  GlobalData.o [1]
    .data             inited   0x20000486      0x1  mems_tracking.o [1]
    .data             inited   0x20000487      0x1  sys_sharing_source.o [1]
    .data             inited   0x20000488      0x1  sys_sharing_source.o [1]
  .bss                zero     0x2000048c   0x1800  heap_1.o [1]
  .bss                zero     0x20001c8c    0x400  signal_proc.o [1]
  .bss                zero     0x2000208c    0x400  signal_proc.o [1]
  .bss                zero     0x2000248c    0x400  signal_proc.o [1]
  .bss                zero     0x2000288c    0x400  signal_proc.o [1]
  .bss                zero     0x20002c8c    0x300  mems_tracking.o [1]
  .bss                zero     0x20002f8c    0x300  Menu.o [1]
  .bss                zero     0x2000328c    0x200  BLE-LEUART-DMA.o [1]
  .bss                zero     0x2000348c    0x200  mems_tracking.o [1]
  .bss                zero     0x2000368c    0x1fc  data_gather.o [1]
  .bss                zero     0x20003888    0x1d8  dlmalloc.o [3]
  .bss                zero     0x20003a60    0x180  mems_tracking.o [1]
  .bss                zero     0x20003be0    0x100  signal_proc.o [1]
  .bss                zero     0x20003ce0    0x100  signal_proc.o [1]
  .bss                zero     0x20003de0     0xf8  common_vars.o [1]
  .bss                zero     0x20003ed8     0xc0  mems.o [1]
  .bss                zero     0x20003f98     0x98  BLE-LEUART-DMA.o [1]
  .bss                zero     0x20004030     0x80  BLE-LEUART-DMA.o [1]
  .bss                zero     0x20004200     0x80  dmactrl.o [1]
  .bss                zero     0x20004280     0x74  common_vars.o [1]
  .bss                zero     0x200042f4     0x60  DelayUsingTimerInt.o [1]
  .bss                zero     0x20004354     0x58  data_gather.o [1]
  .bss                zero     0x200043ac     0x50  queue.o [1]
  .bss                zero     0x200043fc     0x4c  mems_tracking.o [1]
  .bss                zero     0x20004448     0x40  main.o [1]
  .bss                zero     0x20004488     0x3c  tasks.o [1]
  .bss                zero     0x200044c4     0x30  signal_proc.o [1]
  .bss                zero     0x200044f4     0x20  BLE-LEUART-DMA.o [1]
  .bss                zero     0x20004514     0x20  flash_task.o [1]
  .bss                zero     0x20004534     0x18  em_i2c.o [1]
  .bss                zero     0x2000454c     0x18  signal_proc.o [1]
  .bss                zero     0x20004564     0x18  dlmalloc.o [3]
  .bss                zero     0x2000457c     0x14  common_vars.o [1]
  .bss                zero     0x20004590     0x14  tasks.o [1]
  .bss                zero     0x200045a4     0x14  tasks.o [1]
  .bss                zero     0x200045b8     0x14  tasks.o [1]
  .bss                zero     0x200045cc     0x14  tasks.o [1]
  .bss                zero     0x200045e0     0x10  BLE-LEUART-DMA.o [1]
  .bss                zero     0x200045f0     0x10  BLE-LEUART-DMA.o [1]
  .bss                zero     0x20004600     0x10  GlobalData.o [1]
  .bss                zero     0x20004610     0x10  Menu.o [1]
  .bss                zero     0x20004620     0x10  signal_proc.o [1]
  .bss                zero     0x20004630     0x10  sys_sharing_source.o [1]
  .bss                zero     0x20004640     0x10  sys_sharing_source.o [1]
  .bss                zero     0x20004650      0xc  BLE-LEUART-DMA.o [1]
  .bss                zero     0x2000465c      0xc  BLE-LEUART-DMA.o [1]
  .bss                zero     0x20004668      0xc  BLE-LEUART-DMA.o [1]
  .bss                zero     0x20004674      0xc  flash_task.o [1]
  .bss                zero     0x20004680      0xc  mems.o [1]
  .bss                zero     0x2000468c      0xc  mems.o [1]
  .bss                zero     0x20004698      0xc  mems_tracking.o [1]
  .bss                zero     0x200046a4      0x8  AFE44x0.o [1]
  .bss                zero     0x200046ac      0x8  AFE44x0.o [1]
  .bss                zero     0x200046b4      0x8  BLE-LEUART-DMA.o [1]
  .bss                zero     0x200046bc      0x8  display_task.o [1]
  .bss                zero     0x200046c4      0x8  signal_proc.o [1]
  .bss                zero     0x200046cc      0x8  signal_proc.o [1]
  .bss                zero     0x200046d4      0x8  sys_sharing_source.o [1]
  .bss                zero     0x200046dc      0x4  AFE44x0.o [1]
  .bss                zero     0x200046e0      0x4  AFE44x0.o [1]
  .bss                zero     0x200046e4      0x4  AFE44x0.o [1]
  .bss                zero     0x200046e8      0x4  AFE44x0.o [1]
  .bss                zero     0x200046ec      0x4  AFE44x0.o [1]
  .bss                zero     0x200046f0      0x4  BLE-LEUART-DMA.o [1]
  .bss                zero     0x200046f4      0x4  BLE-LEUART-DMA.o [1]
  .bss                zero     0x200046f8      0x4  BLE-LEUART-DMA.o [1]
  .bss                zero     0x200046fc      0x4  BLE-LEUART-DMA.o [1]
  .bss                zero     0x20004700      0x4  BLE-LEUART-DMA.o [1]
  .bss                zero     0x20004704      0x4  BLE-LEUART-DMA.o [1]
  .bss                zero     0x20004708      0x4  BLE-LEUART-DMA.o [1]
  .bss                zero     0x2000470c      0x4  BLE-LEUART-DMA.o [1]
  .bss                zero     0x20004710      0x4  BLE-LEUART-DMA.o [1]
  .bss                zero     0x20004714      0x4  BLE-LEUART-DMA.o [1]
  .bss                zero     0x20004718      0x4  BLE-LEUART-DMA.o [1]
  .bss                zero     0x2000471c      0x4  BLE-LEUART-DMA.o [1]
  .bss                zero     0x20004720      0x4  BLE-LEUART-DMA.o [1]
  .bss                zero     0x20004724      0x4  BLE-LEUART-DMA.o [1]
  .bss                zero     0x20004728      0x4  BLE-LEUART-DMA.o [1]
  .bss                zero     0x2000472c      0x4  BLE-LEUART-DMA.o [1]
  .bss                zero     0x20004730      0x4  caplesense.o [1]
  .bss                zero     0x20004734      0x4  caplesense.o [1]
  .bss                zero     0x20004738      0x4  CapTouchDetect.o [1]
  .bss                zero     0x2000473c      0x4  CapTouchDetect.o [1]
  .bss                zero     0x20004740      0x4  CapTouchDetect.o [1]
  .bss                zero     0x20004744      0x4  clock.o [1]
  .bss                zero     0x20004748      0x4  clock.o [1]
  .bss                zero     0x2000474c      0x4  clock.o [1]
  .bss                zero     0x20004750      0x4  clock.o [1]
  .bss                zero     0x20004754      0x4  clockApp.o [1]
  .bss                zero     0x20004758      0x4  clockApp.o [1]
  .bss                zero     0x2000475c      0x4  clockApp.o [1]
  .bss                zero     0x20004760      0x4  clockApp.o [1]
  .bss                zero     0x20004764      0x4  clockApp.o [1]
  .bss                zero     0x20004768      0x4  clockApp.o [1]
  .bss                zero     0x2000476c      0x4  clockApp.o [1]
  .bss                zero     0x20004770      0x4  common_vars.o [1]
  .bss                zero     0x20004774      0x4  common_vars.o [1]
  .bss                zero     0x20004778      0x4  common_vars.o [1]
  .bss                zero     0x2000477c      0x4  common_vars.o [1]
  .bss                zero     0x20004780      0x4  common_vars.o [1]
  .bss                zero     0x20004784      0x4  common_vars.o [1]
  .bss                zero     0x20004788      0x4  common_vars.o [1]
  .bss                zero     0x2000478c      0x4  common_vars.o [1]
  .bss                zero     0x20004790      0x4  common_vars.o [1]
  .bss                zero     0x20004794      0x4  common_vars.o [1]
  .bss                zero     0x20004798      0x4  common_vars.o [1]
  .bss                zero     0x2000479c      0x4  common_vars.o [1]
  .bss                zero     0x200047a0      0x4  common_vars.o [1]
  .bss                zero     0x200047a4      0x4  common_vars.o [1]
  .bss                zero     0x200047a8      0x4  common_vars.o [1]
  .bss                zero     0x200047ac      0x4  common_vars.o [1]
  .bss                zero     0x200047b0      0x4  common_vars.o [1]
  .bss                zero     0x200047b4      0x4  common_vars.o [1]
  .bss                zero     0x200047b8      0x4  common_vars.o [1]
  .bss                zero     0x200047bc      0x4  common_vars.o [1]
  .bss                zero     0x200047c0      0x4  common_vars.o [1]
  .bss                zero     0x200047c4      0x4  cortex-m_faults.o [1]
  .bss                zero     0x200047c8      0x4  Device_task.o [1]
  .bss                zero     0x200047cc      0x4  Device_task.o [1]
  .bss                zero     0x200047d0      0x4  Device_task.o [1]
  .bss                zero     0x200047d4      0x4  Device_task.o [1]
  .bss                zero     0x200047d8      0x4  Device_task.o [1]
  .bss                zero     0x200047dc      0x4  display_task.o [1]
  .bss                zero     0x200047e0      0x4  em_int.o [1]
  .bss                zero     0x200047e4      0x4  flash_task.o [1]
  .bss                zero     0x200047e8      0x4  GlobalData.o [1]
  .bss                zero     0x200047ec      0x4  GlobalData.o [1]
  .bss                zero     0x200047f0      0x4  heap_1.o [1]
  .bss                zero     0x200047f4      0x4  heap_1.o [1]
  .bss                zero     0x200047f8      0x4  i2c_driver.o [1]
  .bss                zero     0x200047fc      0x4  i2c_driver.o [1]
  .bss                zero     0x20004800      0x4  low_power_tick_management.o [1]
  .bss                zero     0x20004804      0x4  low_power_tick_management.o [1]
  .bss                zero     0x20004808      0x4  low_power_tick_management.o [1]
  .bss                zero     0x2000480c      0x4  m25pxx.o [1]
  .bss                zero     0x20004810      0x4  main.o [1]
  .bss                zero     0x20004814      0x4  mems.o [1]
  .bss                zero     0x20004818      0x4  mems.o [1]
  .bss                zero     0x2000481c      0x4  mems.o [1]
  .bss                zero     0x20004820      0x4  mems.o [1]
  .bss                zero     0x20004824      0x4  mems.o [1]
  .bss                zero     0x20004828      0x4  mems_tracking.o [1]
  .bss                zero     0x2000482c      0x4  mems_tracking.o [1]
  .bss                zero     0x20004830      0x4  mems_tracking.o [1]
  .bss                zero     0x20004834      0x4  mems_tracking.o [1]
  .bss                zero     0x20004838      0x4  mems_tracking.o [1]
  .bss                zero     0x2000483c      0x4  Menu.o [1]
  .bss                zero     0x20004840      0x4  port.o [1]
  .bss                zero     0x20004844      0x4  signal_proc.o [1]
  .bss                zero     0x20004848      0x4  signal_proc.o [1]
  .bss                zero     0x2000484c      0x4  signal_proc.o [1]
  .bss                zero     0x20004850      0x4  signal_proc.o [1]
  .bss                zero     0x20004854      0x4  signal_proc.o [1]
  .bss                zero     0x20004858      0x4  signal_proc.o [1]
  .bss                zero     0x2000485c      0x4  signal_proc.o [1]
  .bss                zero     0x20004860      0x4  signal_proc.o [1]
  .bss                zero     0x20004864      0x4  signal_proc.o [1]
  .bss                zero     0x20004868      0x4  signal_proc.o [1]
  .bss                zero     0x2000486c      0x4  signal_proc.o [1]
  .bss                zero     0x20004870      0x4  signal_proc.o [1]
  .bss                zero     0x20004874      0x4  signal_proc.o [1]
  .bss                zero     0x20004878      0x4  signal_proc.o [1]
  .bss                zero     0x2000487c      0x4  sleep.o [1]
  .bss                zero     0x20004880      0x4  sleep.o [1]
  .bss                zero     0x20004884      0x4  sleep.o [1]
  .bss                zero     0x20004888      0x4  system_efm32wg.o [1]
  .bss                zero     0x2000488c      0x4  tasks.o [1]
  .bss                zero     0x20004890      0x4  tasks.o [1]
  .bss                zero     0x20004894      0x4  tasks.o [1]
  .bss                zero     0x20004898      0x4  tasks.o [1]
  .bss                zero     0x2000489c      0x4  tasks.o [1]
  .bss                zero     0x200048a0      0x4  tasks.o [1]
  .bss                zero     0x200048a4      0x4  tasks.o [1]
  .bss                zero     0x200048a8      0x4  tasks.o [1]
  .bss                zero     0x200048ac      0x4  tasks.o [1]
  .bss                zero     0x200048b0      0x4  tasks.o [1]
  .bss                zero     0x200048b4      0x4  tasks.o [1]
  .bss                zero     0x200048b8      0x4  tasks.o [1]
  .bss                zero     0x200048bc      0x4  xgetmemchunk.o [3]
  .bss                zero     0x200048c0      0x2  AFE44x0.o [1]
  .bss                zero     0x200048c2      0x2  AFE44x0.o [1]
  .bss                zero     0x200048c4      0x2  AFE44x0.o [1]
  .bss                zero     0x200048c6      0x2  BLE-LEUART-DMA.o [1]
  .bss                zero     0x200048c8      0x2  BLE-LEUART-DMA.o [1]
  .bss                zero     0x200048ca      0x2  BLE-LEUART-DMA.o [1]
  .bss                zero     0x200048cc      0x2  BLE-LEUART-DMA.o [1]
  .bss                zero     0x200048ce      0x2  BLE-LEUART-DMA.o [1]
  .bss                zero     0x200048d0      0x2  BLE-LEUART-DMA.o [1]
  .bss                zero     0x200048d2      0x2  BLE-LEUART-DMA.o [1]
  .bss                zero     0x200048d4      0x2  BLE-LEUART-DMA.o [1]
  .bss                zero     0x200048d6      0x2  BLE-LEUART-DMA.o [1]
  .bss                zero     0x200048d8      0x2  BLE-LEUART-DMA.o [1]
  .bss                zero     0x200048da      0x2  BLE-LEUART-DMA.o [1]
  .bss                zero     0x200048dc      0x2  BLE-LEUART-DMA.o [1]
  .bss                zero     0x200048de      0x2  BLE-LEUART-DMA.o [1]
  .bss                zero     0x200048e0      0x2  BLE-LEUART-DMA.o [1]
  .bss                zero     0x200048e2      0x2  caplesense.o [1]
  .bss                zero     0x200048e4      0x2  caplesense.o [1]
  .bss                zero     0x200048e6      0x2  CapTouchDetect.o [1]
  .bss                zero     0x200048e8      0x2  common_vars.o [1]
  .bss                zero     0x200048ea      0x2  DelayUsingTimerInt.o [1]
  .bss                zero     0x200048ec      0x2  em_emu.o [1]
  .bss                zero     0x200048ee      0x2  flash_task.o [1]
  .bss                zero     0x200048f0      0x2  main.o [1]
  .bss                zero     0x200048f2      0x2  mcp9804.o [1]
  .bss                zero     0x200048f4      0x2  mcp9804.o [1]
  .bss                zero     0x200048f6      0x2  mcp9804.o [1]
  .bss                zero     0x200048f8      0x2  mems.o [1]
  .bss                zero     0x200048fa      0x2  mems.o [1]
  .bss                zero     0x200048fc      0x2  mems.o [1]
  .bss                zero     0x200048fe      0x2  mems_tracking.o [1]
  .bss                zero     0x20004900      0x2  mems_tracking.o [1]
  .bss                zero     0x20004902      0x2  mems_tracking.o [1]
  .bss                zero     0x20004904      0x2  mems_tracking.o [1]
  .bss                zero     0x20004906      0x2  mems_tracking.o [1]
  .bss                zero     0x20004908      0x2  mems_tracking.o [1]
  .bss                zero     0x2000490a      0x2  mems_tracking.o [1]
  .bss                zero     0x2000490c      0x2  mems_tracking.o [1]
  .bss                zero     0x2000490e      0x2  mems_tracking.o [1]
  .bss                zero     0x20004910      0x2  mems_tracking.o [1]
  .bss                zero     0x20004912      0x2  signal_proc.o [1]
  .bss                zero     0x20004914      0x2  signal_proc.o [1]
  .bss                zero     0x20004916      0x2  signal_proc.o [1]
  .bss                zero     0x20004918      0x2  signal_proc.o [1]
  .bss                zero     0x2000491a      0x2  signal_proc.o [1]
  .bss                zero     0x2000491c      0x2  signal_proc.o [1]
  .bss                zero     0x2000491e      0x2  signal_proc.o [1]
  .bss                zero     0x20004920      0x2  signal_proc.o [1]
  .bss                zero     0x20004922      0x2  signal_proc.o [1]
  .bss                zero     0x20004924      0x2  sys_sharing_source.o [1]
  .bss                zero     0x20004926      0x2  sys_sharing_source.o [1]
  .bss                zero     0x20004928      0x2  sys_sharing_source.o [1]
  .bss                zero     0x2000492a      0x1  AFE44x0.o [1]
  .bss                zero     0x2000492b      0x1  AFE44x0.o [1]
  .bss                zero     0x2000492c      0x1  AFE44x0.o [1]
  .bss                zero     0x2000492d      0x1  AFE44x0.o [1]
  .bss                zero     0x2000492e      0x1  BLE-LEUART-DMA.o [1]
  .bss                zero     0x2000492f      0x1  BLE-LEUART-DMA.o [1]
  .bss                zero     0x20004930      0x1  BLE-LEUART-DMA.o [1]
  .bss                zero     0x20004931      0x1  BLE-LEUART-DMA.o [1]
  .bss                zero     0x20004932      0x1  BLE-LEUART-DMA.o [1]
  .bss                zero     0x20004933      0x1  BLE-LEUART-DMA.o [1]
  .bss                zero     0x20004934      0x1  BLE-LEUART-DMA.o [1]
  .bss                zero     0x20004935      0x1  BLE-LEUART-DMA.o [1]
  .bss                zero     0x20004936      0x1  BLE-LEUART-DMA.o [1]
  .bss                zero     0x20004937      0x1  BLE-LEUART-DMA.o [1]
  .bss                zero     0x20004938      0x1  BLE-LEUART-DMA.o [1]
  .bss                zero     0x20004939      0x1  BLE-LEUART-DMA.o [1]
  .bss                zero     0x2000493a      0x1  BLE-LEUART-DMA.o [1]
  .bss                zero     0x2000493b      0x1  BLE-LEUART-DMA.o [1]
  .bss                zero     0x2000493c      0x1  BLE-LEUART-DMA.o [1]
  .bss                zero     0x2000493d      0x1  BLE-LEUART-DMA.o [1]
  .bss                zero     0x2000493e      0x1  BLE-LEUART-DMA.o [1]
  .bss                zero     0x2000493f      0x1  BLE-LEUART-DMA.o [1]
  .bss                zero     0x20004940      0x1  BLE-LEUART-DMA.o [1]
  .bss                zero     0x20004941      0x1  BLE-LEUART-DMA.o [1]
  .bss                zero     0x20004942      0x1  BLE-LEUART-DMA.o [1]
  .bss                zero     0x20004943      0x1  BLE-LEUART-DMA.o [1]
  .bss                zero     0x20004944      0x1  BLE-LEUART-DMA.o [1]
  .bss                zero     0x20004945      0x1  BLE-LEUART-DMA.o [1]
  .bss                zero     0x20004946      0x1  BLE-LEUART-DMA.o [1]
  .bss                zero     0x20004947      0x1  BLE-LEUART-DMA.o [1]
  .bss                zero     0x20004948      0x1  BLE-LEUART-DMA.o [1]
  .bss                zero     0x20004949      0x1  BLE-LEUART-DMA.o [1]
  .bss                zero     0x2000494a      0x1  bsp.o [1]
  .bss                zero     0x2000494b      0x1  caplesense.o [1]
  .bss                zero     0x2000494c      0x1  caplesense.o [1]
  .bss                zero     0x2000494d      0x1  caplesense.o [1]
  .bss                zero     0x2000494e      0x1  CapTouchDetect.o [1]
  .bss                zero     0x2000494f      0x1  CapTouchDetect.o [1]
  .bss                zero     0x20004950      0x1  CapTouchDetect.o [1]
  .bss                zero     0x20004951      0x1  common_vars.o [1]
  .bss                zero     0x20004952      0x1  common_vars.o [1]
  .bss                zero     0x20004953      0x1  common_vars.o [1]
  .bss                zero     0x20004954      0x1  common_vars.o [1]
  .bss                zero     0x20004955      0x1  common_vars.o [1]
  .bss                zero     0x20004956      0x1  common_vars.o [1]
  .bss                zero     0x20004957      0x1  common_vars.o [1]
  .bss                zero     0x20004958      0x1  common_vars.o [1]
  .bss                zero     0x20004959      0x1  common_vars.o [1]
  .bss                zero     0x2000495a      0x1  common_vars.o [1]
  .bss                zero     0x2000495b      0x1  common_vars.o [1]
  .bss                zero     0x2000495c      0x1  common_vars.o [1]
  .bss                zero     0x2000495d      0x1  common_vars.o [1]
  .bss                zero     0x2000495e      0x1  common_vars.o [1]
  .bss                zero     0x2000495f      0x1  common_vars.o [1]
  .bss                zero     0x20004960      0x1  common_vars.o [1]
  .bss                zero     0x20004961      0x1  common_vars.o [1]
  .bss                zero     0x20004962      0x1  common_vars.o [1]
  .bss                zero     0x20004963      0x1  Device_task.o [1]
  .bss                zero     0x20004964      0x1  Device_task.o [1]
  .bss                zero     0x20004965      0x1  Device_task.o [1]
  .bss                zero     0x20004966      0x1  Device_task.o [1]
  .bss                zero     0x20004967      0x1  Device_task.o [1]
  .bss                zero     0x20004968      0x1  drv2605.o [1]
  .bss                zero     0x20004969      0x1  drv2605.o [1]
  .bss                zero     0x2000496a      0x1  drv2605.o [1]
  .bss                zero     0x2000496b      0x1  drv2605.o [1]
  .bss                zero     0x2000496c      0x1  drv2605.o [1]
  .bss                zero     0x2000496d      0x1  flash_task.o [1]
  .bss                zero     0x2000496e      0x1  GlobalData.o [1]
  .bss                zero     0x2000496f      0x1  GlobalData.o [1]
  .bss                zero     0x20004970      0x1  GlobalData.o [1]
  .bss                zero     0x20004971      0x1  i2c_driver.o [1]
  .bss                zero     0x20004972      0x1  i2c_driver.o [1]
  .bss                zero     0x20004973      0x1  low_power_tick_management.o [1]
  .bss                zero     0x20004974      0x1  M00930.o [1]
  .bss                zero     0x20004975      0x1  mems.o [1]
  .bss                zero     0x20004976      0x1  mems.o [1]
  .bss                zero     0x20004977      0x1  mems.o [1]
  .bss                zero     0x20004978      0x1  mems.o [1]
  .bss                zero     0x20004979      0x1  mems.o [1]
  .bss                zero     0x2000497a      0x1  mems.o [1]
  .bss                zero     0x2000497b      0x1  mems.o [1]
  .bss                zero     0x2000497c      0x1  mems.o [1]
  .bss                zero     0x2000497d      0x1  mems_tracking.o [1]
  .bss                zero     0x2000497e      0x1  mems_tracking.o [1]
  .bss                zero     0x2000497f      0x1  mems_tracking.o [1]
  .bss                zero     0x20004980      0x1  mems_tracking.o [1]
  .bss                zero     0x20004981      0x1  mems_tracking.o [1]
  .bss                zero     0x20004982      0x1  mems_tracking.o [1]
  .bss                zero     0x20004983      0x1  mems_tracking.o [1]
  .bss                zero     0x20004984      0x1  mems_tracking.o [1]
  .bss                zero     0x20004985      0x1  mems_tracking.o [1]
  .bss                zero     0x20004986      0x1  Menu.o [1]
  .bss                zero     0x20004987      0x1  port.o [1]
  .bss                zero     0x20004988      0x1  signal_proc.o [1]
  .bss                zero     0x20004989      0x1  signal_proc.o [1]
  .bss                zero     0x2000498a      0x1  signal_proc.o [1]
  .bss                zero     0x2000498b      0x1  signal_proc.o [1]
  .bss                zero     0x2000498c      0x1  signal_proc.o [1]
  .bss                zero     0x2000498d      0x1  signal_proc.o [1]
  .bss                zero     0x2000498e      0x1  signal_proc.o [1]
  .bss                zero     0x2000498f      0x1  signal_proc.o [1]
  .bss                zero     0x20004990      0x1  signal_proc.o [1]
  .bss                zero     0x20004991      0x1  signal_proc.o [1]
  .bss                zero     0x20004992      0x1  subMenu.o [1]
  .bss                zero     0x20004993      0x1  subMenu.o [1]
  .bss                zero     0x20004994      0x1  subMenu.o [1]
  .bss                zero     0x20004995      0x1  subMenu.o [1]
  .bss                zero     0x20004996      0x1  sys_sharing_source.o [1]
  .bss                zero     0x20004997      0x1  sys_sharing_source.o [1]
  .bss                zero     0x20004998      0x1  sys_sharing_source.o [1]
  .bss                zero     0x20004999      0x1  sys_sharing_source.o [1]
  .bss                zero     0x2000499a      0x1  sys_sharing_source.o [1]
  .bss                zero     0x2000499b      0x1  sys_sharing_source.o [1]
  .bss                zero     0x2000499c      0x1  sys_sharing_source.o [1]
  .bss                zero     0x2000499d      0x1  sys_sharing_source.o [1]
  .bss                zero     0x2000499e      0x1  sys_sharing_source.o [1]
  .bss                zero     0x2000499f      0x1  sys_sharing_source.o [1]
  .bss                zero     0x200049a0      0x1  sys_sharing_source.o [1]
  .bss                zero     0x200049a1      0x1  sys_sharing_source.o [1]
  .bss                zero     0x200049a2      0x1  sys_sharing_source.o [1]
  CSTACK                       0x200049a8   0x1100  <Block>
    CSTACK            uninit   0x200049a8   0x1100  <Block tail>
  HEAP                         0x20005aa8   0x2000  <Block>
    HEAP              uninit   0x20005aa8   0x2000  <Block tail>
                             - 0x20007aa8   0x7aa8


*******************************************************************************
*** INIT TABLE
***

          Address     Size
          -------     ----
Zero (__iar_zero_init3)
    1 destination range, total size 0x4517:
          0x2000048c  0x4517

Copy/lz77 (__iar_lz77_init3)
    1 source range, total size 0x2a1 (57% of destination):
          0x00034a00   0x2a1
    1 destination range, total size 0x489:
          0x20000000   0x489



*******************************************************************************
*** MODULE SUMMARY
***

    Module                       ro code  rw code  ro data  rw data
    ------                       -------  -------  -------  -------
D:\uvutechnology-exam\i2watch\trunk\I4_H\MCU Firmware\I4S\projects\ihealthtrack\iar\i4_H-release\Obj: [1]
    AFE44x0.o                      1 640               139      243
    BLE-LEUART-DMA.o              11 320                93    1 041
    CapTouchDetect.o                 708                 2       20
    DelayUsingTimerInt.o             516                16       98
    Device_task.o                  2 924                41       42
    GlobalData.o                   1 176                 1       28
    M00930.o                         688                16        1
    Menu.o                         2 272               112      969
    Si14x.o                        1 636                20
    bsp.o                            348                12        1
    caplesense.o                     592             1 108       15
    clock.o                          124                         16
    clockApp.o                       576                36       28
    common_vars.o                                       15      514
    cortex-m_faults.o                196                 2        8
    crc.o                            158
    data_gather.o                  1 104                93      757
    display_task.o                   724                24       12
    dmactrl.o                                                   128
    drv2605.o                        500                          5
    em_acmp.o                         92
    em_adc.o                         388
    em_burtc.o                       224
    em_cmu.o                       2 652
    em_dma.o                         548
    em_emu.o                         436                          2
    em_gpio.o                        214
    em_i2c.o                         730                 4       24
    em_int.o                                                      4
    em_lesense.o                     740
    em_letimer.o                     138
    em_leuart.o                      194
    em_msc.o                         124      288      166
    em_rmu.o                         224
    em_rtc.o                          74
    em_system.o                       32
    em_timer.o                       154
    em_usart.o                       220
    em_wdog.o                        148
    flash_task.o                   2 800               121      211
    heap_1.o                          88                      6 152
    i2c_driver.o                     184                         10
    interrupt.o                      116
    led_font.o                                      13 104
    list.o                           144
    low_power_tick_management.o      480                         13
    m25pxx.o                       2 140                36        4
    main.o                           524                         70
    mcp9804.o                        968                16        6
    mems.o                         2 364                26      254
    mems_tracking.o                2 500                 5    1 810
    notification.o                   124
    port.o                           304                 2        9
    portasm.o                        180
    queue.o                        1 012                         80
    signal_proc.o                  1 628                48    4 796
    sleep.o                          196                         12
    startup_efm32wg.o                372
    subMenu.o                      7 710                44        4
    sys_sharing_source.o           3 160                26       61
    system_efm32wg.o                 396                 5       12
    tasks.o                        2 084                10      192
    ---------------------------------------------------------------
    Total:                        64 008      288   15 343   17 652

command line: [2]
    ---------------------------------------------------------------
    Total:

dl7M_tln.a: [3]
    abort.o                            6
    div.o                             14
    dlmalloc.o                     5 400                        496
    errno.o                           12                 2        4
    exit.o                             4
    getzone.o                         10
    localtim.o                       182                 5        8
    mktime.o                         208
    setlocale.o                       41                 4        8
    sprintf.o                         52
    xgetdst.o                        356
    xgetmemchunk.o                    44                          4
    xgettime.o                        66
    xisdst.o                         308                 3        4
    xisdstData.o                                         2        4
    xprintflarge_nomb.o            3 074
    xsprout.o                         10
    xstol.o                          134
    xstoul.o                         408
    xtls.o                             2
    xttotm.o                         392                26       44
    ---------------------------------------------------------------
    Total:                        10 723                42      572

iar_cortexM4lf_math.a: [4]
    arm_bitreversal2.o               106
    arm_cfft_f32.o                 1 864
    arm_cfft_radix8_f32.o          1 376
    arm_cmplx_mag_f32.o              266
    arm_common_tables.o                             78 936
    arm_rfft_fast_f32.o              404
    arm_rfft_fast_init_f32.o         324
    ---------------------------------------------------------------
    Total:                         4 340            78 936

m7M_tls.a: [5]
    DblAdd.o                         232
    DblCmpLe.o                        46
    DblDiv.o                         582
    DblMul.o                         418
    DblSub.o                         384
    DblToFlt.o                       144
    DblToI32.o                        88
    FltToDbl.o                        78
    I32ToDbl.o                        48
    ceil.o                           110
    fpinit_M.o                        34
    sqrt.o                           256
    sqrtf.o                           28
    xdnorm.o                          66
    ---------------------------------------------------------------
    Total:                         2 514

rt7M_tl.a: [6]
    ABImemclr.o                        6
    ABImemclr4.o                       6
    ABImemcpy_unaligned.o            118
    ABImemset.o                      102
    ABImemset48.o                     58
    I64DivMod.o                      238
    I64DivZer.o                        2
    XXexit.o                          12
    cexit.o                           10
    cmain.o                           26
    cstartup_M.o                      12
    data_init.o                       40
    iarEdom.o                         12
    lz77_init.o                      450
    memchr.o                          88
    strchr.o                          22
    strlen.o                          54
    zero_init3.o                      34
    ---------------------------------------------------------------
    Total:                         1 290

    Gaps                              51                 6      339
    Linker created                    16                44   12 544
-------------------------------------------------------------------
    Grand Total:                  82 942      288   94 371   31 107


*******************************************************************************
*** ENTRY LIST
***

Entry                      Address    Size  Type      Object
-----                      -------    ----  ----      ------
.iar.init_table$$Base   0x0003469c           --   Gb  - Linker created -
.iar.init_table$$Limit  0x000346c8           --   Gb  - Linker created -
?main                   0x00034741          Code  Gb  cmain.o [6]
ACC_8S                  0x2000208c   0x400  Data  Gb  signal_proc.o [1]
ACC_Mag_ORI             0x20003ce0   0x100  Data  Gb  signal_proc.o [1]
ACMP_CapsenseInit       0x0002e519    0x3e  Code  Gb  em_acmp.o [1]
ACMP_GPIOSetup          0x0002e557    0x16  Code  Gb  em_acmp.o [1]
ADC_INIT                0x00021a85    0x40  Code  Gb  sys_sharing_source.o [1]
ADC_Init                0x00029745    0x32  Code  Gb  em_adc.o [1]
ADC_InitSingle          0x00029779    0xce  Code  Gb  em_adc.o [1]
ADC_PrescaleCalc        0x00029847    0x32  Code  Gb  em_adc.o [1]
ADC_TimebaseCalc        0x00029879    0x28  Code  Gb  em_adc.o [1]
AFE44xx_Default_Reg_Init
                        0x00024f3d    0x1e  Code  Gb  AFE44x0.o [1]
AFE44xx_Default_Register_Settings
                        0x20000120    0xc4  Data  Lc  AFE44x0.o [1]
AFE44xx_PowerOn_Init    0x00025069   0x164  Code  Gb  AFE44x0.o [1]
AFE44xx_Reg_Read        0x00024ee5    0x58  Code  Gb  AFE44x0.o [1]
AFE44xx_Reg_Write       0x00024e75    0x52  Code  Gb  AFE44x0.o [1]
AFE44xx_SW_CMD          0x00024e25    0x50  Code  Gb  AFE44x0.o [1]
AFE44xx_Shutoff         0x00024fad    0xbc  Code  Gb  AFE44x0.o [1]
AFE_AN_Voltage          0x2000492c     0x1  Data  Gb  AFE44x0.o [1]
AFE_DATA_PROC           0x000251cd   0x108  Code  Gb  AFE44x0.o [1]
AFE_INT_CALLBACK        0x000252d5    0x86  Code  Gb  AFE44x0.o [1]
AMB_TMP                 0x200048f2     0x2  Data  Gb  mcp9804.o [1]
AMB_uA                  0x2000492a     0x1  Data  Gb  AFE44x0.o [1]
AdjustCapVal            0x00027ff9    0x60  Code  Gb  CapTouchDetect.o [1]
AmbientLight            0x200048e8     0x2  Data  Gb  common_vars.o [1]
AutoLockScreen          0x0002811f    0x4a  Code  Gb  CapTouchDetect.o [1]
AxieOUT                 0x200046a4     0x8  Data  Gb  AFE44x0.o [1]
BAT_ADC_INIT            0x000348e4     0xc  Data  Gb  sys_sharing_source.o [1]
BLE2EFM32_ANCSHandle    0x0001ea35   0x304  Code  Gb  BLE-LEUART-DMA.o [1]
BLE_APP_Model           0x20000475     0x1  Data  Gb  BLE-LEUART-DMA.o [1]
BLE_BROADCAST_UPDATE    0x0001f0fd   0x146  Code  Gb  BLE-LEUART-DMA.o [1]
BLE_BUSY_COUNT          0x200048ca     0x2  Data  Gb  BLE-LEUART-DMA.o [1]
BLE_Close               0x0001f2e9    0x20  Code  Gb  BLE-LEUART-DMA.o [1]
BLE_DATA_UPLOADING_PROC
                        0x0001e8c9   0x11a  Code  Gb  BLE-LEUART-DMA.o [1]
BLE_DevChip             0x2000465c     0xc  Data  Gb  BLE-LEUART-DMA.o [1]
BLE_INIT                0x0001ef43    0x7c  Code  Gb  BLE-LEUART-DMA.o [1]
BLE_Open                0x0001f311    0x2e  Code  Gb  BLE-LEUART-DMA.o [1]
BLE_RESET               0x0001ef21    0x22  Code  Gb  BLE-LEUART-DMA.o [1]
BLE_STATE               0x2000492e     0x1  Data  Gb  BLE-LEUART-DMA.o [1]
BLE_Should_Status       0x20004932     0x1  Data  Gb  BLE-LEUART-DMA.o [1]
BMR_PER_SECOND          0x20004770     0x4  Data  Gb  common_vars.o [1]
BMR_RATE                0x20004774     0x4  Data  Gb  common_vars.o [1]
BURTC_CompareGet        0x0002e08b     0x6  Code  Gb  em_burtc.o [1]
BURTC_CompareSet        0x0002e05d    0x2e  Code  Gb  em_burtc.o [1]
BURTC_ERR               0x2000494a     0x1  Data  Gb  bsp.o [1]
BURTC_IRQHandler        0x00027d2f    0x40  Code  Gb  clockApp.o [1]
BURTC_Init              0x0002dff9    0x64  Code  Gb  em_burtc.o [1]
BURTC_Sync              0x0002dfcd    0x2c  Code  Lc  em_burtc.o [1]
Band_PassFIR_Coefs      0x00034620    0x30  Data  Gb  signal_proc.o [1]
BatteryDrainVibratorControlFunc
                        0x00027bb7     0xa  Code  Gb  GlobalData.o [1]
Battery_ADC_Init        0x00021ac5    0x26  Code  Gb  sys_sharing_source.o [1]
Battery_ADC_Read        0x00021aed   0x138  Code  Gb  sys_sharing_source.o [1]
BleLeUartSta            0x20004936     0x1  Data  Gb  BLE-LEUART-DMA.o [1]
BleTxDMADone            0x0001cf31     0xe  Code  Gb  BLE-LEUART-DMA.o [1]
BspInit                 0x0002c517    0xce  Code  Gb  bsp.o [1]
CAPLESENSE_Init         0x0002b063    0x84  Code  Gb  caplesense.o [1]
CAPLESENSE_setupCMU     0x0002af5f    0x34  Code  Gb  caplesense.o [1]
CAPLESENSE_setupScaners
                        0x0002af93    0x56  Code  Gb  caplesense.o [1]
CHARGER_STA_INIT        0x0002c4fd    0x1a  Code  Gb  bsp.o [1]
CHECK_BATTERY           0x000220d9   0x212  Code  Gb  sys_sharing_source.o [1]
CHECK_BLE_STUFF         0x0001cda7    0x32  Code  Gb  BLE-LEUART-DMA.o [1]
CHECK_PER_Xsecond       0x00021dc1    0xcc  Code  Gb  sys_sharing_source.o [1]
CMU_AUXClkGet           0x0001fcaf    0x54  Code  Lc  em_cmu.o [1]
CMU_ClockDivGet         0x0001fd51    0xbe  Code  Gb  em_cmu.o [1]
CMU_ClockDivSet         0x0001fe0f   0x190  Code  Gb  em_cmu.o [1]
CMU_ClockEnable         0x0001ffa1    0xae  Code  Gb  em_cmu.o [1]
CMU_ClockFreqGet        0x0002004f   0x25e  Code  Gb  em_cmu.o [1]
CMU_ClockSelectGet      0x000202cd    0xc8  Code  Gb  em_cmu.o [1]
CMU_ClockSelectSet      0x00020395   0x1a6  Code  Gb  em_cmu.o [1]
CMU_FlashWaitStateControl
                        0x0001fc43    0x6c  Code  Lc  em_cmu.o [1]
CMU_FlashWaitStateMax   0x0001fc1d    0x26  Code  Lc  em_cmu.o [1]
CMU_HFRCOBandSet        0x0002053d    0x72  Code  Gb  em_cmu.o [1]
CMU_LFClkGet            0x0001fd03    0x4c  Code  Lc  em_cmu.o [1]
CMU_OscillatorEnable    0x000205b1    0x52  Code  Gb  em_cmu.o [1]
CRC_TEMP                0x200048dc     0x2  Data  Gb  BLE-LEUART-DMA.o [1]
CRC_Tracking            0x00025459    0x36  Code  Gb  crc.o [1]
CRC_calc                0x00025427    0x32  Code  Gb  crc.o [1]
CSTACK$$Base            0x200049a8           --   Gb  - Linker created -
CSTACK$$Limit           0x20005aa8           --   Gb  - Linker created -
CallBackSubMenuActivate
                        0x00025ed5    0x58  Code  Gb  subMenu.o [1]
CallBackSubMenuAlarm    0x00025f55   0x258  Code  Gb  subMenu.o [1]
CallBackSubMenuAmbientTemper
                        0x00026d79    0x38  Code  Gb  subMenu.o [1]
CallBackSubMenuBattery  0x000261c9   0x112  Code  Gb  subMenu.o [1]
CallBackSubMenuBleMAC   0x00026311   0x234  Code  Gb  subMenu.o [1]
CallBackSubMenuBodyTemper
                        0x00026d3d    0x3a  Code  Gb  subMenu.o [1]
CallBackSubMenuCalories
                        0x00026a19    0xc6  Code  Gb  subMenu.o [1]
CallBackSubMenuDistance
                        0x00026bdd   0x12c  Code  Gb  subMenu.o [1]
CallBackSubMenuDownload
                        0x0002654b    0xee  Code  Gb  subMenu.o [1]
CallBackSubMenuFallAlert
                        0x00026f61    0x5a  Code  Gb  subMenu.o [1]
CallBackSubMenuHeartRate
                        0x00026859   0x1b2  Code  Gb  subMenu.o [1]
CallBackSubMenuStep     0x00026ae9    0xca  Code  Gb  subMenu.o [1]
CallBackSubMenuTesting  0x00026e55   0x10a  Code  Gb  subMenu.o [1]
CallBackSubMenuTime     0x00025f2d    0x22  Code  Gb  subMenu.o [1]
CallBackSubMenuUltraViolet
                        0x00026d09    0x32  Code  Gb  subMenu.o [1]
CheckFall               0x0001f6e1    0xb6  Code  Gb  BLE-LEUART-DMA.o [1]
CheckFlashBusyStatus    0x00020ed3    0x1a  Code  Gb  flash_task.o [1]
CheckFlashStatus        0x00020ea3    0x30  Code  Gb  flash_task.o [1]
CheckGoalsAccomplish    0x00021f13   0x1c6  Code  Gb  sys_sharing_source.o [1]
CheckSOS                0x0001f797    0x5a  Code  Gb  BLE-LEUART-DMA.o [1]
CheckVibrateStatus      0x00029aeb    0x2a  Code  Gb  drv2605.o [1]
Check_ADV_Counter       0x2000493f     0x1  Data  Lc  BLE-LEUART-DMA.o [1]
Check_Connect_Counter   0x2000493e     0x1  Data  Lc  BLE-LEUART-DMA.o [1]
Check_UV_Sensor         0x00021e91    0x82  Code  Gb  sys_sharing_source.o [1]
ChunksPerSector         0x20000483     0x1  Data  Gb  data_gather.o [1]
ClearFlashBusyBit       0x00020e81    0x10  Code  Gb  flash_task.o [1]
ClearSysEnergyModeFlag  0x00027b8f     0xc  Code  Gb  GlobalData.o [1]
Close_ALLCAPLESENSE     0x0002b0e7    0x58  Code  Gb  caplesense.o [1]
CombinIndexNumber       0x0002166b    0x9c  Code  Gb  flash_task.o [1]
Current_Connect_Interval
                        0x20000479     0x1  Data  Gb  BLE-LEUART-DMA.o [1]
DATA_DEF_ACTIVE_LEVEL   0x20000334    0x10  Data  Lc  data_gather.o [1]
DATA_DEF_ACTIVE_LEVEL   0x200003b4    0x10  Data  Lc  flash_task.o [1]
DATA_DEF_AMBIENT_TEMPERATURE
                        0x20000314    0x10  Data  Lc  data_gather.o [1]
DATA_DEF_AMBIENT_TEMPERATURE
                        0x20000394    0x10  Data  Lc  flash_task.o [1]
DATA_DEF_CALORIE_CONSUMPTION
                        0x20000364    0x10  Data  Lc  data_gather.o [1]
DATA_DEF_CALORIE_CONSUMPTION
                        0x200003e4    0x10  Data  Lc  flash_task.o [1]
DATA_DEF_DISTANCE       0x20000354    0x10  Data  Lc  data_gather.o [1]
DATA_DEF_DISTANCE       0x200003d4    0x10  Data  Lc  flash_task.o [1]
DATA_DEF_HEART_RATE     0x20000304    0x10  Data  Lc  data_gather.o [1]
DATA_DEF_HEART_RATE     0x20000384    0x10  Data  Lc  flash_task.o [1]
DATA_DEF_SKIN_TEMPERATURE
                        0x20000324    0x10  Data  Lc  data_gather.o [1]
DATA_DEF_SKIN_TEMPERATURE
                        0x200003a4    0x10  Data  Lc  flash_task.o [1]
DATA_DEF_STEPS          0x20000344    0x10  Data  Lc  data_gather.o [1]
DATA_DEF_STEPS          0x200003c4    0x10  Data  Lc  flash_task.o [1]
DATA_DEF_UV             0x20000374    0x10  Data  Lc  data_gather.o [1]
DATA_DEF_UV             0x200003f4    0x10  Data  Lc  flash_task.o [1]
DMA_ActivateBasic       0x00020903    0x28  Code  Gb  em_dma.o [1]
DMA_CfgChannel          0x0002092b    0x3a  Code  Gb  em_dma.o [1]
DMA_CfgDescr            0x00020965    0x36  Code  Gb  em_dma.o [1]
DMA_IRQHandler          0x00020893    0x70  Code  Gb  em_dma.o [1]
DMA_Init                0x0002099b    0x34  Code  Gb  em_dma.o [1]
DMA_Prepare             0x00020815    0x7e  Code  Lc  em_dma.o [1]
DMA_Reset               0x000209cf    0x30  Code  Gb  em_dma.o [1]
DRV2605_Driver          0x00029b15    0x70  Code  Gb  drv2605.o [1]
DRV2605_Init            0x00029a01    0xea  Code  Gb  drv2605.o [1]
DRV2605_TEST_VAL        0x20004968     0x1  Data  Gb  drv2605.o [1]
DRV2605_WriteReg        0x00029ba3    0x2a  Code  Gb  drv2605.o [1]
Data_Upload_Pak_Size    0x20000478     0x1  Data  Gb  BLE-LEUART-DMA.o [1]
DelayTimerCallback      0x0001faad    0xa2  Code  Gb  DelayUsingTimerInt.o [1]
DelayTimerStatus        0x200048ea     0x2  Data  Gb  DelayUsingTimerInt.o [1]
DevChip                 0x20004600    0x10  Data  Gb  GlobalData.o [1]
DeviceTask              0x0002baa1   0x5a6  Code  Gb  Device_task.o [1]
DisableDelayTimer       0x0001f9c9    0x56  Code  Gb  DelayUsingTimerInt.o [1]
DisableLeUart           0x0001efbf    0x48  Code  Gb  BLE-LEUART-DMA.o [1]
DisableLongTimer        0x00022f17    0x12  Code  Gb  main.o [1]
DisplayTask             0x0002c191   0x23e  Code  Gb  display_task.o [1]
DoNeed_Change_CONNECT_INTERVAL
                        0x0001cdd9    0xdc  Code  Gb  BLE-LEUART-DMA.o [1]
EMU_BUPDInit            0x00028f5f    0x64  Code  Gb  em_emu.o [1]
EMU_EM4Init             0x00028f3b    0x24  Code  Gb  em_emu.o [1]
EMU_EnterEM2            0x00028e95    0x28  Code  Gb  em_emu.o [1]
EMU_EnterEM3            0x00028ebd    0x46  Code  Gb  em_emu.o [1]
EMU_EnterEM4            0x00028f03    0x2e  Code  Gb  em_emu.o [1]
EMU_Restore             0x00028e39    0x5c  Code  Lc  em_emu.o [1]
EMU_UpdateOscConfig     0x00028f31     0xa  Code  Gb  em_emu.o [1]
EXT_FLASH_SECTOR_OFFSET
                        0x200048da     0x2  Data  Gb  BLE-LEUART-DMA.o [1]
En_HR_Read              0x20004931     0x1  Data  Gb  BLE-LEUART-DMA.o [1]
EnableDelayTimer        0x0001fa2d    0x80  Code  Gb  DelayUsingTimerInt.o [1]
EnableLeUart            0x0001f007    0x92  Code  Gb  BLE-LEUART-DMA.o [1]
EnableLongTimer         0x00022f29    0x26  Code  Gb  main.o [1]
EnableMenu              0x00028319    0x3c  Code  Gb  Menu.o [1]
FD_result               0x20004984     0x1  Data  Gb  mems_tracking.o [1]
FFT_PROC                0x0002c865   0x13c  Code  Gb  signal_proc.o [1]
FLASH_POWER_BACK        0x0002344f    0x64  Code  Gb  m25pxx.o [1]
FLASH_POWER_DOWN        0x000233ef    0x60  Code  Gb  m25pxx.o [1]
FONT_ARIAL_8x16         0x00034708    0x1c  Data  Gb  led_font.o [1]
FONT_ASCII_12x24        0x00034724    0x1c  Data  Gb  led_font.o [1]
FONT_DATA_ARIAL_8x16    0x000323a4   0x5f0  Data  Gb  led_font.o [1]
FONT_DATA_ASCII_12x24   0x00030c48   0xd5c  Data  Gb  led_font.o [1]
FW_INFO                 0x200045f0    0x10  Data  Gb  BLE-LEUART-DMA.o [1]
FW_RX_BUFF              0x20003f98    0x98  Data  Gb  BLE-LEUART-DMA.o [1]
FW_RX_BUFF_WP           0x20004938     0x1  Data  Gb  BLE-LEUART-DMA.o [1]
FW_Update_sta           0x20004937     0x1  Data  Gb  BLE-LEUART-DMA.o [1]
Fall_Detect             0x0002d4d1   0x1be  Code  Gb  mems_tracking.o [1]
FlashBulkErase          0x000235bb    0x58  Code  Gb  m25pxx.o [1]
FlashCRC                0x00023797    0xa0  Code  Gb  m25pxx.o [1]
FlashOpeartionCallback  0x000215c9    0x3e  Code  Gb  flash_task.o [1]
FlashPageProgram        0x00023613    0x76  Code  Gb  m25pxx.o [1]
FlashProgram            0x00023689   0x10e  Code  Gb  m25pxx.o [1]
FlashRead               0x000234b3    0x74  Code  Gb  m25pxx.o [1]
FlashReadManufacturerIdentification
                        0x000233a5    0x4a  Code  Gb  m25pxx.o [1]
FlashReadStatusRegister
                        0x000231e3    0x34  Code  Gb  m25pxx.o [1]
FlashSectorErase        0x00023527    0x94  Code  Gb  m25pxx.o [1]
FlashTask               0x00021745   0x17a  Code  Gb  flash_task.o [1]
FlashUsingTimeCount     0x200048ee     0x2  Data  Gb  flash_task.o [1]
FlashWriteEnable        0x000231b5    0x28  Code  Gb  m25pxx.o [1]
ForceShowMenu           0x000283c5    0xbe  Code  Gb  Menu.o [1]
GATHERABLE_INDEX_DATA   0x200002c4    0x20  Data  Lc  data_gather.o [1]
GATHERABLE_INDEX_DATA   0x200002e4    0x20  Data  Lc  flash_task.o [1]
GPIO_DriveModeSet       0x0002073d    0x14  Code  Gb  em_gpio.o [1]
GPIO_EVEN_IRQHandler    0x0003434b    0x10  Code  Gb  interrupt.o [1]
GPIO_IntConfig          0x00020751    0x4a  Code  Gb  em_gpio.o [1]
GPIO_ODD_IRQHandler     0x0003435b    0x26  Code  Gb  interrupt.o [1]
GPIO_PinModeSet         0x000207b1    0x62  Code  Gb  em_gpio.o [1]
GetAmbLight             0x0002aeef    0x30  Code  Gb  Si14x.o [1]
GetCurrentMenuType      0x00028263    0x16  Code  Gb  Menu.o [1]
GetEnabledMenus         0x000282f1    0x28  Code  Gb  Menu.o [1]
GetEnergyMode           0x00027ba1    0x16  Code  Gb  GlobalData.o [1]
GetFlashCapacity        0x00023217   0x18e  Code  Gb  m25pxx.o [1]
GetMenuIndex            0x00028231    0x32  Code  Gb  Menu.o [1]
[...]
iSteps_lastSaving       0x20004788     0x4  Data  Gb  common_vars.o [1]
iUVexp                  0x200047a4     0x4  Data  Gb  common_vars.o [1]
iconAlarmColon          0x000347f4    0x14  Data  Gb  led_font.o [1]
iconAlarmHourNumber_20_24
                        0x00032d04   0x2d0  Data  Gb  led_font.o [1]
iconAlarmMintuesNumbers_14_24
                        0x00033838   0x1a4  Data  Gb  led_font.o [1]
iconAlarmOnOff_9_16     0x00033fbc    0xfc  Data  Gb  led_font.o [1]
iconAlarmTimeNow        0x00033cbc   0x100  Data  Gb  led_font.o [1]
iconAlarm_10_8          0x000346c8    0x20  Data  Gb  led_font.o [1]
iconBLEConnected        0x000345f0    0x30  Data  Gb  led_font.o [1]
iconBLEDisconnected     0x000346e8    0x20  Data  Gb  led_font.o [1]
iconBattery64_32        0x000319a4   0xa00  Data  Gb  led_font.o [1]
iconBigNumbers_12_16    0x000340b8    0xf0  Data  Gb  led_font.o [1]
iconCaloriesPercentage_64_4
                        0x000339dc   0x180  Data  Gb  led_font.o [1]
iconCalories_32_13      0x00034488    0x40  Data  Gb  led_font.o [1]
iconDecimalPoint_4_16   0x0003492c     0x8  Data  Gb  led_font.o [1]
iconDistance            0x00034508    0x40  Data  Gb  led_font.o [1]
iconHeartNumbers_14_32  0x00032fd4   0x2a0  Data  Gb  led_font.o [1]
iconHeart_22_32         0x000343a0    0x58  Data  Gb  led_font.o [1]
iconKmMeter             0x00034548    0x3c  Data  Gb  led_font.o [1]
iconNumbers_22_32       0x00032994   0x370  Data  Gb  led_font.o [1]
iconSmallNumbers_8_13   0x0003426c    0xc0  Data  Gb  led_font.o [1]
iconStep                0x000344c8    0x40  Data  Gb  led_font.o [1]
iconTemperatureUnit_12_16
                        0x000345c0    0x30  Data  Gb  led_font.o [1]
iconTemperature_15_16   0x00034584    0x3c  Data  Gb  led_font.o [1]
iconUV                  0x000343f8    0x50  Data  Gb  led_font.o [1]
indexDataBuffer         0x2000368c   0x1fc  Data  Gb  data_gather.o [1]
initDeviceTask          0x0002ba35    0x1e  Code  Gb  Device_task.o [1]
initDisplayTask         0x0002c177    0x1a  Code  Gb  display_task.o [1]
initFlashTask           0x00020e35    0x1e  Code  Gb  flash_task.o [1]
initIndexDataBuffer     0x000292f5   0x16a  Code  Gb  data_gather.o [1]
initLETIMER             0x0002c5e5    0x50  Code  Gb  bsp.o [1]
initSystemStatus        0x00022e11    0x92  Code  Gb  main.o [1]
init_mparams            0x0002388b    0x32  Code  Lc  dlmalloc.o [3]
init_top                0x000238bd    0x34  Code  Lc  dlmalloc.o [3]
insert_zero_number      0x20000476     0x1  Data  Gb  BLE-LEUART-DMA.o [1]
inside_iSteps           0x2000497f     0x1  Data  Gb  mems_tracking.o [1]
intTickFlag             0x20004973     0x1  Data  Lc  low_power_tick_management.o [1]
isBLEError              0x0001f33f    0x58  Code  Gb  BLE-LEUART-DMA.o [1]
isChargeStatusChange    0x20004961     0x1  Data  Gb  common_vars.o [1]
isDetectedFall          0x2000495c     0x1  Data  Gb  common_vars.o [1]
isLedFlashing           0x20004997     0x1  Data  Gb  sys_sharing_source.o [1]
isMemsDeepSleeping      0x2000496e     0x1  Data  Gb  GlobalData.o [1]
isMemsError             0x0002a01f    0x3e  Code  Gb  mems.o [1]
isMemsSleeping          0x2000496f     0x1  Data  Gb  GlobalData.o [1]
isOLEDOff               0x00027321     0xa  Code  Gb  M00930.o [1]
isSOSDetected           0x2000495f     0x1  Data  Gb  common_vars.o [1]
isTouchSensorOn         0x2000494d     0x1  Data  Gb  caplesense.o [1]
key_released            0x2000047f     0x1  Data  Gb  CapTouchDetect.o [1]
lastKeyTouchTime        0x200047d8     0x4  Data  Gb  Device_task.o [1]
lastLongPressedisBLE    0x20004966     0x1  Data  Gb  Device_task.o [1]
last_bottom_peak_position
                        0x20004858     0x4  Data  Gb  signal_proc.o [1]
last_bottom_pos_dela    0x20004922     0x2  Data  Gb  signal_proc.o [1]
last_heart_ac_signal    0x2000486c     0x4  Data  Gb  signal_proc.o [1]
last_mems_sample        0x20004900     0x2  Data  Gb  mems_tracking.o [1]
last_top_peak_position  0x20004860     0x4  Data  Gb  signal_proc.o [1]
last_top_pos_dela       0x2000491e     0x2  Data  Gb  signal_proc.o [1]
lesenseChCb             0x20004734     0x4  Data  Lc  caplesense.o [1]
lesenseScanCb           0x20004730     0x4  Data  Lc  caplesense.o [1]
lmos                    0x0002f8c0    0x18  Data  Lc  xttotm.o [3]
longTimerDefs           0x20004448    0x40  Data  Gb  main.o [1]
long_pressed_happened   0x20004950     0x1  Data  Gb  CapTouchDetect.o [1]
lowBatteryLevelAlert    0x20004962     0x1  Data  Gb  common_vars.o [1]
macAddrdata             0x00033b5c   0x160  Data  Gb  led_font.o [1]
main                    0x00022ea3    0x74  Code  Gb  main.o [1]
maxUVIndex              0x00033dbc   0x100  Data  Gb  led_font.o [1]
memchr                  0x00030079          Code  Gb  memchr.o [6]
mems_P2P_Val_Delta      0x2000482c     0x4  Data  Gb  mems_tracking.o [1]
mems_test_val           0x2000497a     0x1  Data  Gb  mems.o [1]
menu_enabled_status     0x20004610    0x10  Data  Gb  Menu.o [1]
menu_enabled_status_saved
                        0x20004986     0x1  Data  Gb  Menu.o [1]
merge_rfft_f32          0x0002e775    0xa0  Code  Gb  arm_rfft_fast_f32.o [4]
mos                     0x0002f8d8    0x18  Data  Lc  xttotm.o [3]
mparams                 0x20004564    0x18  Data  Lc  dlmalloc.o [3]
ndigs                   0x000303ac    0x28  Data  Lc  xstoul.o [3]
oldFallStatus           0x20004985     0x1  Data  Gb  mems_tracking.o [1]
oled_drawHortLine       0x000289c3    0x2a  Code  Gb  Menu.o [1]
oled_drawPic            0x000289ed    0xaa  Code  Gb  Menu.o [1]
onBleHeartBeatCheck     0x0002ba53    0x40  Code  Gb  Device_task.o [1]
onBleTaskTimeOut        0x0001cd39    0x26  Code  Gb  BLE-LEUART-DMA.o [1]
onCmdFlashInit          0x000210d7    0xb8  Code  Gb  flash_task.o [1]
onCmdInitChip           0x00020fad    0x3e  Code  Gb  flash_task.o [1]
onCmdPrepareSector      0x0002118f    0x86  Code  Gb  flash_task.o [1]
onCmdSaveDataToFlash    0x000212fb   0x122  Code  Gb  flash_task.o [1]
onManualRestMCU         0x0002b799     0xa  Code  Gb  Device_task.o [1]
onMenuAction            0x0002b7a5   0x17e  Code  Gb  Device_task.o [1]
onPostScanFlashStorage  0x00021545    0x48  Code  Gb  flash_task.o [1]
onPostWroteDataToFlash  0x0002158d    0x3c  Code  Gb  flash_task.o [1]
onRealtimeClockTick     0x0002b923   0x112  Code  Gb  Device_task.o [1]
onSystemModeChanged     0x0002b70b    0x8e  Code  Gb  Device_task.o [1]
overflow_interval       0x2000474c     0x4  Data  Lc  clock.o [1]
overflow_interval_r     0x20004750     0x4  Data  Lc  clock.o [1]
pAlarmSetting           0x2000042c     0x4  Data  Gb  common_vars.o [1]
pFlashInfo              0x20000438     0x4  Data  Gb  common_vars.o [1]
pFlashStorageIndicator  0x2000043c     0x4  Data  Gb  common_vars.o [1]
pFuncUpDataMenu         0x200001e4    0xb4  Data  Gb  Menu.o [1]
pSystemTime             0x20000434     0x4  Data  Gb  common_vars.o [1]
pUserProfile            0x20000430     0x4  Data  Gb  common_vars.o [1]
peak_buff_wpr           0x20004989     0x1  Data  Gb  signal_proc.o [1]
peak_good_count         0x2000498e     0x1  Data  Gb  signal_proc.o [1]
peak_interval           0x200046cc     0x8  Data  Gb  signal_proc.o [1]
perimitSend             0x20004948     0x1  Data  Gb  BLE-LEUART-DMA.o [1]
pos_at_bottom_peak      0x2000490c     0x2  Data  Gb  mems_tracking.o [1]
pos_at_top_peak         0x2000490a     0x2  Data  Gb  mems_tracking.o [1]
pos_max_interval        0x200048f8     0x2  Data  Gb  mems.o [1]
pos_min_interval        0x200048fa     0x2  Data  Gb  mems.o [1]
ppg_avg_peak2peak       0x20004918     0x2  Data  Gb  signal_proc.o [1]
prepareNextFlashSector  0x00021215    0x32  Code  Gb  flash_task.o [1]
prepend_alloc           0x000238f1   0x36e  Code  Lc  dlmalloc.o [3]
prev_inside_iSteps      0x20004906     0x2  Data  Gb  mems_tracking.o [1]
prvAddCurrentTaskToDelayedList
                        0x00022c87    0x38  Code  Lc  tasks.o [1]
prvCopyDataFromQueue    0x00020d6d    0x26  Code  Lc  queue.o [1]
prvCopyDataToQueue      0x00020cff    0x6e  Code  Lc  queue.o [1]
prvIdleTask             0x00022c15    0x4a  Code  Lc  tasks.o [1]
prvTaskExitError        0x00029069     0x8  Code  Lc  port.o [1]
prvUnlockQueue          0x00020d93    0x64  Code  Lc  queue.o [1]
putIndexData            0x000294d9    0x3e  Code  Gb  data_gather.o [1]
pvPortMalloc            0x00028fed    0x48  Code  Gb  heap_1.o [1]
pvTaskIncrementMutexHeldCount
                        0x00022da7    0x12  Code  Gb  tasks.o [1]
pxCurrentTCB            0x2000488c     0x4  Data  Gb  tasks.o [1]
pxDelayedTaskList       0x20004890     0x4  Data  Lc  tasks.o [1]
pxOverflowDelayedTaskList
                        0x20004894     0x4  Data  Lc  tasks.o [1]
pxPortInitialiseStack   0x00029045    0x24  Code  Gb  port.o [1]
pxReadyTasksLists       0x20004488    0x3c  Data  Lc  tasks.o [1]
read_AB_reg             0x200048c4     0x2  Data  Gb  AFE44x0.o [1]
read_AB_reg_22bit       0x200046e4     0x4  Data  Gb  AFE44x0.o [1]
read_IR_reg             0x200048c2     0x2  Data  Gb  AFE44x0.o [1]
read_IR_reg_22bit       0x200046e0     0x4  Data  Gb  AFE44x0.o [1]
resendTimes             0x200046b4     0x8  Data  Gb  BLE-LEUART-DMA.o [1]
resetcause              0x20004764     0x4  Data  Lc  clockApp.o [1]
rtcOverflowCounter      0x20004748     0x4  Data  Lc  clock.o [1]
rtcStartTime            0x20004744     0x4  Data  Lc  clock.o [1]
saveIndexDataToFlash    0x0002141d   0x128  Code  Gb  flash_task.o [1]
save_activity_delta     0x20004820     0x4  Data  Gb  mems.o [1]
scanWholeFlash          0x20000481     0x1  Data  Gb  common_vars.o [1]
searchEndIndex          0x20004710     0x4  Data  Gb  BLE-LEUART-DMA.o [1]
searchStartIndex        0x2000470c     0x4  Data  Gb  BLE-LEUART-DMA.o [1]
sectorNode              0x200046f0     0x4  Data  Gb  BLE-LEUART-DMA.o [1]
segment_holding         0x00023871    0x1a  Code  Lc  dlmalloc.o [3]
si114x_default_ucoef    0x0002ab13    0x18  Code  Gb  Si14x.o [1]
skinTempFlag            0x20004952     0x1  Data  Gb  common_vars.o [1]
sleepBlockCnt           0x20004884     0x4  Data  Lc  sleep.o [1]
sleepCallback           0x2000487c     0x4  Data  Lc  sleep.o [1]
smooth_hr_output        0x0002c9a1    0x9c  Code  Gb  signal_proc.o [1]
sosNotification         0x20004960     0x1  Data  Gb  common_vars.o [1]
sprintf                 0x0002d789    0x34  Code  Gb  sprintf.o [3]
sqrt                    0x0002e975          Code  Gb  sqrt.o [5]
sqrtf                   0x00030039          Code  Gb  sqrtf.o [5]
sqrtl                   0x0002e975          Code  Gb  sqrt.o [5]
stage_rfft_f32          0x0002e6c5    0xb0  Code  Gb  arm_rfft_fast_f32.o [4]
startCharging           0x20004955     0x1  Data  Gb  common_vars.o [1]
startFlashLed           0x00021c25    0x80  Code  Gb  sys_sharing_source.o [1]
startUploadSectorNum    0x200048ce     0x2  Data  Gb  BLE-LEUART-DMA.o [1]
status                  0x20004988     0x1  Data  Gb  signal_proc.o [1]
step_count              0x20004980     0x1  Data  Gb  mems_tracking.o [1]
step_sign               0x2000497d     0x1  Data  Gb  mems_tracking.o [1]
steps_time              0x20000486     0x1  Data  Gb  mems_tracking.o [1]
stopFlashLed            0x00021ca5    0x38  Code  Gb  sys_sharing_source.o [1]
stopVibrate             0x00029b9b     0x8  Code  Gb  drv2605.o [1]
strchr                  0x00030061          Code  Gb  strchr.o [6]
strlen                  0x0002d7bd          Code  Gb  strlen.o [6]
switchToNextSector      0x00021251    0x78  Code  Gb  flash_task.o [1]
sys_alloc               0x00023c5f   0x38c  Code  Lc  dlmalloc.o [3]
systemSetting           0x20004280    0x74  Data  Gb  common_vars.o [1]
systemStatus            0x20003de0    0xf8  Data  Gb  common_vars.o [1]
t2b_peak_pos_dela       0x2000498a     0x1  Data  Gb  signal_proc.o [1]
tempSectorNode          0x200046f4     0x4  Data  Gb  BLE-LEUART-DMA.o [1]
test_index              0x200047c4     0x4  Data  Gb  cortex-m_faults.o [1]
test_menu_loopcount     0x20004994     0x1  Data  Gb  subMenu.o [1]
test_val                0x200048f6     0x2  Data  Gb  mcp9804.o [1]
timerDefs               0x200042f4    0x60  Data  Gb  DelayUsingTimerInt.o [1]
tmalloc_large           0x00023ff9   0x39c  Code  Lc  dlmalloc.o [3]
tmalloc_small           0x00024395   0x21a  Code  Lc  dlmalloc.o [3]
top_index               0x20004981     0x1  Data  Gb  mems_tracking.o [1]
top_peak_position       0x2000485c     0x4  Data  Gb  signal_proc.o [1]
top_peak_val            0x20004868     0x4  Data  Gb  signal_proc.o [1]
top_pos_dela            0x2000491c     0x2  Data  Gb  signal_proc.o [1]
top_value               0x200043fc    0x4c  Data  Gb  mems_tracking.o [1]
totalUploadSector       0x200048d2     0x2  Data  Gb  BLE-LEUART-DMA.o [1]
touchValues             0x200048e2     0x2  Data  Gb  caplesense.o [1]
triggerAlarm            0x0002b5d9    0xfa  Code  Gb  Device_task.o [1]
twiddleCoef_1024        0x0000b860  0x2000  Data  Gb  arm_common_tables.o [4]
twiddleCoef_128         0x00009c60   0x400  Data  Gb  arm_common_tables.o [4]
twiddleCoef_16          0x000098e0    0x80  Data  Gb  arm_common_tables.o [4]
twiddleCoef_2048        0x0000d860  0x4000  Data  Gb  arm_common_tables.o [4]
twiddleCoef_256         0x0000a060   0x800  Data  Gb  arm_common_tables.o [4]
twiddleCoef_32          0x00009960   0x100  Data  Gb  arm_common_tables.o [4]
twiddleCoef_512         0x0000a860  0x1000  Data  Gb  arm_common_tables.o [4]
twiddleCoef_64          0x00009a60   0x200  Data  Gb  arm_common_tables.o [4]
twiddleCoef_rfft_1024   0x00015d38  0x1000  Data  Gb  arm_common_tables.o [4]
twiddleCoef_rfft_128    0x00014f38   0x200  Data  Gb  arm_common_tables.o [4]
twiddleCoef_rfft_2048   0x00016d38  0x2000  Data  Gb  arm_common_tables.o [4]
twiddleCoef_rfft_256    0x00015138   0x400  Data  Gb  arm_common_tables.o [4]
twiddleCoef_rfft_32     0x00014db8    0x80  Data  Gb  arm_common_tables.o [4]
twiddleCoef_rfft_4096   0x00018d38  0x4000  Data  Gb  arm_common_tables.o [4]
twiddleCoef_rfft_512    0x00015538   0x800  Data  Gb  arm_common_tables.o [4]
twiddleCoef_rfft_64     0x00014e38   0x100  Data  Gb  arm_common_tables.o [4]
uResetCause             0x20004810     0x4  Data  Gb  main.o [1]
ucHeap                  0x2000048c  0x1800  Data  Lc  heap_1.o [1]
ucMaxSysCallPriority    0x20004987     0x1  Data  Lc  port.o [1]
ucMenuRamBuf            0x20002f8c   0x300  Data  Gb  Menu.o [1]
ulMaxPRIGROUPValue      0x20004840     0x4  Data  Lc  port.o [1]
ulPortSetInterruptMask  0x00029255          Code  Gb  portasm.o [1]
ulStoppedTimerCompensation
                        0x20004808     0x4  Data  Lc  low_power_tick_management.o [1]
ulTimerReloadValueForOneTick
                        0x20004800     0x4  Data  Lc  low_power_tick_management.o [1]
up_dir                  0x2000498c     0x1  Data  Gb  signal_proc.o [1]
uxCriticalNesting       0x20000458     0x4  Data  Lc  port.o [1]
uxCurrentNumberOfTasks  0x20004898     0x4  Data  Lc  tasks.o [1]
uxListRemove            0x000291e1    0x24  Code  Gb  list.o [1]
uxPendedTicks           0x200048a8     0x4  Data  Lc  tasks.o [1]
uxSchedulerSuspended    0x200048b8     0x4  Data  Lc  tasks.o [1]
uxTaskNumber            0x200048b4     0x4  Data  Lc  tasks.o [1]
uxTopReadyPriority      0x200048a0     0x4  Data  Lc  tasks.o [1]
vListInitialise         0x00029175    0x1a  Code  Gb  list.o [1]
vListInitialiseItem     0x0002918f     0x6  Code  Gb  list.o [1]
vListInsert             0x000291ad    0x34  Code  Gb  list.o [1]
vListInsertEnd          0x00029195    0x18  Code  Gb  list.o [1]
vPortClearInterruptMask
                        0x00029263          Code  Gb  portasm.o [1]
vPortEnableVFP          0x0002929d          Code  Gb  portasm.o [1]
vPortEnterCritical      0x000290fd    0x18  Code  Gb  port.o [1]
vPortExitCritical       0x00029115    0x12  Code  Gb  port.o [1]
vPortFree               0x00029035     0x2  Code  Gb  heap_1.o [1]
vPortSetupTimerInterrupt
                        0x0002b435    0x8a  Code  Gb  low_power_tick_management.o [1]
vPortStartFirstTask     0x00029285          Code  Gb  portasm.o [1]
vPortSuppressTicksAndSleep
                        0x0002b4bf    0xda  Code  Gb  low_power_tick_management.o [1]
vPortValidateInterruptPriority
                        0x00029145     0xe  Code  Gb  port.o [1]
vPortYield              0x000290eb    0x12  Code  Gb  port.o [1]
vQueueAddToRegistry     0x00020df7    0x30  Code  Gb  queue.o [1]
vTaskDelay              0x00022751    0x58  Code  Gb  tasks.o [1]
vTaskMissedYield        0x00022c0d     0x8  Code  Gb  tasks.o [1]
vTaskPlaceOnEventList   0x00022b05    0x3a  Code  Gb  tasks.o [1]
vTaskPriorityInherit    0x00022cbf    0x82  Code  Gb  tasks.o [1]
vTaskSetTimeOutState    0x00022bb5     0xe  Code  Gb  tasks.o [1]
vTaskStartScheduler     0x000227a9   0x154  Code  Gb  tasks.o [1]
vTaskStepTick           0x000229bd     0xc  Code  Gb  tasks.o [1]
vTaskSuspendAll         0x000228fd     0xc  Code  Gb  tasks.o [1]
vTaskSwitchContext      0x00022ab9    0x4c  Code  Gb  tasks.o [1]
val_at_bottom_peak      0x20004904     0x2  Data  Gb  mems_tracking.o [1]
val_at_top_peak         0x20004902     0x2  Data  Gb  mems_tracking.o [1]
val_threshold           0x200048fc     0x2  Data  Gb  mems.o [1]
waitValidHeartrate      0x2000495b     0x1  Data  Gb  common_vars.o [1]
wakeUpCallback          0x20004880     0x4  Data  Lc  sleep.o [1]
walk_state              0x2000497e     0x1  Data  Gb  mems_tracking.o [1]
wathdoginit             0x20000404     0xc  Data  Gb  Device_task.o [1]
wearoffCurrentTime      0x2000473c     0x4  Data  Gb  CapTouchDetect.o [1]
wearoffOldTime          0x20004738     0x4  Data  Gb  CapTouchDetect.o [1]
wearonTime              0x20004740     0x4  Data  Gb  CapTouchDetect.o [1]
which_ax_near_zero      0x20004979     0x1  Data  Gb  mems.o [1]
writeToFlash            0x000212c9    0x32  Code  Gb  flash_task.o [1]
xDelayedTaskList1       0x20004590    0x14  Data  Lc  tasks.o [1]
xDelayedTaskList2       0x200045a4    0x14  Data  Lc  tasks.o [1]
xMaximumPossibleSuppressedTicks
                        0x20004804     0x4  Data  Lc  low_power_tick_management.o [1]
xNextFreeByte           0x200047f0     0x4  Data  Lc  heap_1.o [1]
xNextTaskUnblockTime    0x20000464     0x4  Data  Lc  tasks.o [1]
xNumOfOverflows         0x200048b0     0x4  Data  Lc  tasks.o [1]
xPendingReadyList       0x200045b8    0x14  Data  Lc  tasks.o [1]
xPortStartScheduler     0x00029071    0x7a  Code  Gb  port.o [1]
xQueueGenericCreate     0x00020a39    0x74  Code  Gb  queue.o [1]
xQueueGenericReceive    0x00020c01    0xfe  Code  Gb  queue.o [1]
xQueueGenericSend       0x00020aad    0xd8  Code  Gb  queue.o [1]
xQueueGenericSendFromISR
                        0x00020b91    0x70  Code  Gb  queue.o [1]
xQueueRegistry          0x200043ac    0x50  Data  Gb  queue.o [1]
xSchedulerRunning       0x200048a4     0x4  Data  Lc  tasks.o [1]
xSuspendedTaskList      0x200045cc    0x14  Data  Lc  tasks.o [1]
xTaskCheckForTimeOut    0x00022bc3    0x4a  Code  Gb  tasks.o [1]
xTaskGenericCreate      0x000225e5   0x16c  Code  Gb  tasks.o [1]
xTaskIncrementTick      0x000229c9    0xf0  Code  Gb  tasks.o [1]
xTaskPriorityDisinherit
                        0x00022d41    0x66  Code  Gb  tasks.o [1]
xTaskRemoveFromEventList
                        0x00022b59    0x54  Code  Gb  tasks.o [1]
xTaskResumeAll          0x00022909    0xb4  Code  Gb  tasks.o [1]
xTickCount              0x2000489c     0x4  Data  Lc  tasks.o [1]
xYieldPending           0x200048ac     0x4  Data  Lc  tasks.o [1]


[1] = D:\uvutechnology-exam\i2watch\trunk\I4_H\MCU Firmware\I4S\projects\ihealthtrack\iar\i4_H-release\Obj
[2] = command line
[3] = dl7M_tln.a
[4] = iar_cortexM4lf_math.a
[5] = m7M_tls.a
[6] = rt7M_tl.a

  82 942 bytes of readonly  code memory
     288 bytes of readwrite code memory
  94 371 bytes of readonly  data memory
  31 107 bytes of readwrite data memory

Errors: none
Warnings: none
