###############################################################################
#
# IAR ELF Linker V7.30.4.8167/W32 for ARM                 27/Dec/2016  16:28:58
# Copyright 2007-2014 IAR Systems AB.
#
#    Output file  =  
#        D:\uvutechnology-exam\i2watch\trunk\I4BOOT\proj\usbhid\iar\rockband1-Debug\Exe\usbhhidkbd.out
#    Map file     =  
#        D:\uvutechnology-exam\i2watch\trunk\I4BOOT\proj\usbhid\iar\rockband1-Debug\List\usbhhidkbd.map
#    Command line =  
#        D:\uvutechnology-exam\i2watch\trunk\I4BOOT\proj\usbhid\iar\rockband1-Debug\Obj\BLE_LEUART_DMA.o
#        D:\uvutechnology-exam\i2watch\trunk\I4BOOT\proj\usbhid\iar\rockband1-Debug\Obj\boot.o
#        D:\uvutechnology-exam\i2watch\trunk\I4BOOT\proj\usbhid\iar\rockband1-Debug\Obj\crc.o
#        D:\uvutechnology-exam\i2watch\trunk\I4BOOT\proj\usbhid\iar\rockband1-Debug\Obj\dmactrl.o
#        D:\uvutechnology-exam\i2watch\trunk\I4BOOT\proj\usbhid\iar\rockband1-Debug\Obj\em_assert.o
#        D:\uvutechnology-exam\i2watch\trunk\I4BOOT\proj\usbhid\iar\rockband1-Debug\Obj\em_cmu.o
#        D:\uvutechnology-exam\i2watch\trunk\I4BOOT\proj\usbhid\iar\rockband1-Debug\Obj\em_dma.o
#        D:\uvutechnology-exam\i2watch\trunk\I4BOOT\proj\usbhid\iar\rockband1-Debug\Obj\em_ebi.o
#        D:\uvutechnology-exam\i2watch\trunk\I4BOOT\proj\usbhid\iar\rockband1-Debug\Obj\em_emu.o
#        D:\uvutechnology-exam\i2watch\trunk\I4BOOT\proj\usbhid\iar\rockband1-Debug\Obj\em_gpio.o
#        D:\uvutechnology-exam\i2watch\trunk\I4BOOT\proj\usbhid\iar\rockband1-Debug\Obj\em_int.o
#        D:\uvutechnology-exam\i2watch\trunk\I4BOOT\proj\usbhid\iar\rockband1-Debug\Obj\em_letimer.o
#        D:\uvutechnology-exam\i2watch\trunk\I4BOOT\proj\usbhid\iar\rockband1-Debug\Obj\em_leuart.o
#        D:\uvutechnology-exam\i2watch\trunk\I4BOOT\proj\usbhid\iar\rockband1-Debug\Obj\em_msc.o
#        D:\uvutechnology-exam\i2watch\trunk\I4BOOT\proj\usbhid\iar\rockband1-Debug\Obj\em_system.o
#        D:\uvutechnology-exam\i2watch\trunk\I4BOOT\proj\usbhid\iar\rockband1-Debug\Obj\em_timer.o
#        D:\uvutechnology-exam\i2watch\trunk\I4BOOT\proj\usbhid\iar\rockband1-Debug\Obj\em_usart.o
#        D:\uvutechnology-exam\i2watch\trunk\I4BOOT\proj\usbhid\iar\rockband1-Debug\Obj\em_wdog.o
#        D:\uvutechnology-exam\i2watch\trunk\I4BOOT\proj\usbhid\iar\rockband1-Debug\Obj\GlobalData.o
#        D:\uvutechnology-exam\i2watch\trunk\I4BOOT\proj\usbhid\iar\rockband1-Debug\Obj\m25pxx.o
#        D:\uvutechnology-exam\i2watch\trunk\I4BOOT\proj\usbhid\iar\rockband1-Debug\Obj\main.o
#        D:\uvutechnology-exam\i2watch\trunk\I4BOOT\proj\usbhid\iar\rockband1-Debug\Obj\retargetio.o
#        D:\uvutechnology-exam\i2watch\trunk\I4BOOT\proj\usbhid\iar\rockband1-Debug\Obj\retargetserial.o
#        D:\uvutechnology-exam\i2watch\trunk\I4BOOT\proj\usbhid\iar\rockband1-Debug\Obj\startup_efm32wg.o
#        D:\uvutechnology-exam\i2watch\trunk\I4BOOT\proj\usbhid\iar\rockband1-Debug\Obj\system_efm32wg.o
#        --redirect _Printf=_PrintfFull --redirect _Scanf=_ScanfFull -o
#        D:\uvutechnology-exam\i2watch\trunk\I4BOOT\proj\usbhid\iar\rockband1-Debug\Exe\usbhhidkbd.out
#        --map
#        D:\uvutechnology-exam\i2watch\trunk\I4BOOT\proj\usbhid\iar\rockband1-Debug\List\usbhhidkbd.map
#        --config
#        D:\uvutechnology-exam\i2watch\trunk\I4BOOT\proj\usbhid\iar\EFM32-rom.icf
#        --entry __iar_program_start --vfe
#
###############################################################################

*******************************************************************************
*** RUNTIME MODEL ATTRIBUTES
***

CppFlavor       = *
__SystemLibrary = DLib


*******************************************************************************
*** PLACEMENT SUMMARY
***

"A1":  place at 0x00000000 { ro section .intvec };
"P1":  place in [from 0x00000000 to 0x0003ffff] { ro };
"P2":  place in [from 0x20000000 to 0x20007fff] { rw, block CSTACK };

  Section            Kind        Address    Size  Object
  -------            ----        -------    ----  ------
"A1":                                       0xe0
  .intvec            ro code  0x00000000    0xe0  startup_efm32wg.o [1]
                            - 0x000000e0    0xe0

"P1":                                     0x3a4c
  Veneer             ro code  0x000000e0     0x8  - Linker created -
  Veneer             ro code  0x000000e8     0x8  - Linker created -
  .text              ro code  0x000000f0   0xe7a  main.o [1]
  .text              ro code  0x00000f6a    0x2e  copy_init3.o [4]
  .text              ro code  0x00000f98   0x9fc  em_cmu.o [1]
  .text              ro code  0x00001994    0xa0  em_letimer.o [1]
  .text              ro code  0x00001a34     0x6  ABImemclr4.o [4]
  .text              ro code  0x00001a3a    0x22  zero_init3.o [4]
  .text              ro code  0x00001a5c    0x90  em_msc.o [1]
  .text              ro code  0x00001aec     0x8  GlobalData.o [1]
  .text              ro code  0x00001af4   0x680  m25pxx.o [1]
  .text              ro code  0x00002174    0xdc  em_wdog.o [1]
  .text              ro code  0x00002250    0x32  crc.o [1]
  .text              ro code  0x00002284   0x1d8  boot.o [1]
  .text              ro code  0x0000245c    0x66  ABImemset.o [4]
  .text              ro code  0x000024c4   0x8dc  BLE_LEUART_DMA.o [1]
  .text              ro code  0x00002da0   0x1b0  em_gpio.o [1]
  .text              ro code  0x00002f50   0x148  system_efm32wg.o [1]
  .text              ro code  0x00003098    0x14  em_emu.o [1]
  .text              ro code  0x000030ac    0x32  ABImemset48.o [4]
  .text              ro code  0x000030e0    0x76  ABImemcpy_unaligned.o [4]
  .text              ro code  0x00003158   0x108  em_usart.o [1]
  .text              ro code  0x00003260   0x10a  em_leuart.o [1]
  .text              ro code  0x0000336c   0x3ac  em_dma.o [1]
  .text              ro code  0x00003718    0x70  retargetserial.o [1]
  .text              ro code  0x00003788    0x28  data_init.o [4]
  .iar.init_table    const    0x000037b0    0x24  - Linker created -
  .text              ro code  0x000037d4    0x1a  cmain.o [4]
  .text              ro code  0x000037ee     0x4  low_level_init.o [3]
  .text              ro code  0x000037f2     0x4  exit.o [3]
  .text              ro code  0x000037f8     0xa  cexit.o [4]
  .text              ro code  0x00003804     0xc  XXexit.o [4]
  .rodata            const    0x00003810    0x18  m25pxx.o [1]
  .rodata            const    0x00003828    0x10  BLE_LEUART_DMA.o [1]
  .text              ro code  0x00003838    0x10  startup_efm32wg.o [1]
  .rodata            const    0x00003848     0xc  BLE_LEUART_DMA.o [1]
  .rodata            const    0x00003854     0xc  BLE_LEUART_DMA.o [1]
  .rodata            const    0x00003860     0xc  main.o [1]
  .text              ro code  0x0000386c     0xc  cstartup_M.o [4]
  .rodata            const    0x00003878     0x8  BLE_LEUART_DMA.o [1]
  .rodata            const    0x00003880     0x8  BLE_LEUART_DMA.o [1]
  .text              ro code  0x00003888     0x4  startup_efm32wg.o [1]
  .text              ro code  0x0000388c     0x4  startup_efm32wg.o [1]
  .text              ro code  0x00003890     0x4  startup_efm32wg.o [1]
  .text              ro code  0x00003894     0x4  startup_efm32wg.o [1]
  .text              ro code  0x00003898     0x4  startup_efm32wg.o [1]
  .text              ro code  0x0000389c     0x4  startup_efm32wg.o [1]
  .text              ro code  0x000038a0     0x4  startup_efm32wg.o [1]
  .text              ro code  0x000038a4     0x4  startup_efm32wg.o [1]
  .text              ro code  0x000038a8     0x4  startup_efm32wg.o [1]
  .text              ro code  0x000038ac     0x4  startup_efm32wg.o [1]
  .text              ro code  0x000038b0     0x4  startup_efm32wg.o [1]
  .text              ro code  0x000038b4     0x4  startup_efm32wg.o [1]
  .text              ro code  0x000038b8     0x4  startup_efm32wg.o [1]
  .text              ro code  0x000038bc     0x4  startup_efm32wg.o [1]
  .text              ro code  0x000038c0     0x4  startup_efm32wg.o [1]
  .text              ro code  0x000038c4     0x4  startup_efm32wg.o [1]
  .text              ro code  0x000038c8     0x4  startup_efm32wg.o [1]
  .text              ro code  0x000038cc     0x4  startup_efm32wg.o [1]
  .text              ro code  0x000038d0     0x4  startup_efm32wg.o [1]
  .text              ro code  0x000038d4     0x4  startup_efm32wg.o [1]
  .text              ro code  0x000038d8     0x4  startup_efm32wg.o [1]
  .text              ro code  0x000038dc     0x4  startup_efm32wg.o [1]
  .text              ro code  0x000038e0     0x4  startup_efm32wg.o [1]
  .text              ro code  0x000038e4     0x4  startup_efm32wg.o [1]
  .text              ro code  0x000038e8     0x4  startup_efm32wg.o [1]
  .text              ro code  0x000038ec     0x4  startup_efm32wg.o [1]
  .text              ro code  0x000038f0     0x4  startup_efm32wg.o [1]
  .text              ro code  0x000038f4     0x4  startup_efm32wg.o [1]
  .text              ro code  0x000038f8     0x4  startup_efm32wg.o [1]
  .text              ro code  0x000038fc     0x4  startup_efm32wg.o [1]
  .text              ro code  0x00003900     0x4  startup_efm32wg.o [1]
  .text              ro code  0x00003904     0x4  startup_efm32wg.o [1]
  .text              ro code  0x00003908     0x4  startup_efm32wg.o [1]
  .text              ro code  0x0000390c     0x4  startup_efm32wg.o [1]
  .text              ro code  0x00003910     0x4  startup_efm32wg.o [1]
  .text              ro code  0x00003914     0x4  startup_efm32wg.o [1]
  .text              ro code  0x00003918     0x4  startup_efm32wg.o [1]
  .text              ro code  0x0000391c     0x4  startup_efm32wg.o [1]
  .text              ro code  0x00003920     0x4  startup_efm32wg.o [1]
  .text              ro code  0x00003924     0x4  startup_efm32wg.o [1]
  .text              ro code  0x00003928     0x4  startup_efm32wg.o [1]
  .text              ro code  0x0000392c     0x4  startup_efm32wg.o [1]
  .text              ro code  0x00003930     0x4  startup_efm32wg.o [1]
  .text              ro code  0x00003934     0x4  startup_efm32wg.o [1]
  .text              ro code  0x00003938     0x4  startup_efm32wg.o [1]
  .rodata            const    0x0000393c     0x0  zero_init3.o [4]
  .rodata            const    0x0000393c     0x0  copy_init3.o [4]
  Initializer bytes  const    0x0000393c   0x1f0  <for P2 s0>
                            - 0x00003b2c  0x3a4c

"P2":                                     0x19d8
  P2 s0                       0x20000000   0x1f0  <Init block>
    .textrw          inited   0x20000000   0x1d4  em_msc.o [1]
    .data            inited   0x200001d4     0xc  main.o [1]
    .data            inited   0x200001e0     0x4  m25pxx.o [1]
    .data            inited   0x200001e4     0x4  system_efm32wg.o [1]
    .data            inited   0x200001e8     0x4  system_efm32wg.o [1]
    .data            inited   0x200001ec     0x1  BLE_LEUART_DMA.o [1]
    .data            inited   0x200001ed     0x1  BLE_LEUART_DMA.o [1]
    .data            inited   0x200001ee     0x1  BLE_LEUART_DMA.o [1]
    .data            inited   0x200001ef     0x1  main.o [1]
  .bss               zero     0x200001f0   0x400  BLE_LEUART_DMA.o [1]
  .bss               zero     0x20000600   0x180  dmactrl.o [1]
  .bss               zero     0x20000780    0xa0  BLE_LEUART_DMA.o [1]
  .bss               zero     0x20000820    0x80  m25pxx.o [1]
  .bss               zero     0x200008a0    0x40  BLE_LEUART_DMA.o [1]
  .bss               zero     0x200008e0    0x40  BLE_LEUART_DMA.o [1]
  .bss               zero     0x20000920    0x40  BLE_LEUART_DMA.o [1]
  .bss               zero     0x20000960    0x10  main.o [1]
  .bss               zero     0x20000970    0x10  main.o [1]
  .bss               zero     0x20000980     0xc  BLE_LEUART_DMA.o [1]
  .bss               zero     0x2000098c     0xc  BLE_LEUART_DMA.o [1]
  .bss               zero     0x20000998     0x8  retargetserial.o [1]
  .bss               zero     0x200009a0     0x4  em_int.o [1]
  .bss               zero     0x200009a4     0x4  main.o [1]
  .bss               zero     0x200009a8     0x4  main.o [1]
  .bss               zero     0x200009ac     0x4  retargetserial.o [1]
  .bss               zero     0x200009b0     0x4  retargetserial.o [1]
  .bss               zero     0x200009b4     0x4  retargetserial.o [1]
  .bss               zero     0x200009b8     0x4  system_efm32wg.o [1]
  .bss               zero     0x200009bc     0x2  BLE_LEUART_DMA.o [1]
  .bss               zero     0x200009be     0x2  BLE_LEUART_DMA.o [1]
  .bss               zero     0x200009c0     0x2  em_emu.o [1]
  .bss               zero     0x200009c2     0x2  main.o [1]
  .bss               zero     0x200009c4     0x1  BLE_LEUART_DMA.o [1]
  .bss               zero     0x200009c5     0x1  BLE_LEUART_DMA.o [1]
  .bss               zero     0x200009c6     0x1  BLE_LEUART_DMA.o [1]
  .bss               zero     0x200009c7     0x1  BLE_LEUART_DMA.o [1]
  .bss               zero     0x200009c8     0x1  BLE_LEUART_DMA.o [1]
  .bss               zero     0x200009c9     0x1  m25pxx.o [1]
  .bss               zero     0x200009ca     0x1  main.o [1]
  .bss               zero     0x200009cb     0x1  main.o [1]
  .bss               zero     0x200009cc     0x1  main.o [1]
  .bss               zero     0x200009cd     0x1  main.o [1]
  .bss               zero     0x200009ce     0x1  main.o [1]
  .bss               zero     0x200009cf     0x1  main.o [1]
  .bss               zero     0x200009d0     0x1  main.o [1]
  .bss               zero     0x200009d1     0x1  main.o [1]
  .bss               zero     0x200009d2     0x1  main.o [1]
  CSTACK                      0x200009d8  0x1000  <Block>
    CSTACK           uninit   0x200009d8  0x1000  <Block tail>
                            - 0x200019d8  0x19d8


*******************************************************************************
*** INIT TABLE
***

          Address     Size
          -------     ----
Zero (__iar_zero_init3)
    1 destination range, total size 0x7e3:
          0x200001f0  0x7e3

Copy (__iar_copy_init3)
    1 source range, total size 0x1f0:
          0x0000393c  0x1f0
    1 destination range, total size 0x1f0:
          0x20000000  0x1f0



*******************************************************************************
*** MODULE SUMMARY
***

    Module                 ro code  rw code  ro data  rw data
    ------                 -------  -------  -------  -------
D:\uvutechnology-exam\i2watch\trunk\I4BOOT\proj\usbhid\iar\rockband1-Debug\Obj: [1]
    BLE_LEUART_DMA.o         2 268                59    1 412
    GlobalData.o                 8
    boot.o                     472
    crc.o                       50
    dmactrl.o                                             384
    em_cmu.o                 2 556
    em_dma.o                   940
    em_emu.o                    20                          2
    em_gpio.o                  432
    em_int.o                                                4
    em_letimer.o               160
    em_leuart.o                266
    em_msc.o                   144      468      468
    em_usart.o                 264
    em_wdog.o                  220
    m25pxx.o                 1 664                28      133
    main.o                   3 706                25       64
    retargetserial.o           112                         20
    startup_efm32wg.o          420
    system_efm32wg.o           328                 8       12
    ---------------------------------------------------------
    Total:                  14 030      468      588    2 031

command line: [2]
    ---------------------------------------------------------
    Total:

dl7M_tln.a: [3]
    exit.o                       4
    low_level_init.o             4
    ---------------------------------------------------------
    Total:                       8

rt7M_tl.a: [4]
    ABImemclr4.o                 6
    ABImemcpy_unaligned.o      118
    ABImemset.o                102
    ABImemset48.o               50
    XXexit.o                    12
    cexit.o                     10
    cmain.o                     26
    copy_init3.o                46
    cstartup_M.o                12
    data_init.o                 40
    zero_init3.o                34
    ---------------------------------------------------------
    Total:                     456

    Gaps                        14                         16
    Linker created              16                36    4 096
-------------------------------------------------------------
    Grand Total:            14 524      468      624    6 143


*******************************************************************************
*** ENTRY LIST
***

Entry                      Address   Size  Type      Object
-----                      -------   ----  ----      ------
.iar.init_table$$Base   0x000037b0          --   Gb  - Linker created -
.iar.init_table$$Limit  0x000037d4          --   Gb  - Linker created -
?main                   0x000037d5         Code  Gb  cmain.o [4]
AppToBoot               0x00002bf9   0x20  Code  Gb  BLE_LEUART_DMA.o [1]
BITBAND_Peripheral      0x00000f99    0xe  Code  Lc  em_cmu.o [1]
BITBAND_Peripheral      0x000033af    0xe  Code  Lc  em_dma.o [1]
BITBAND_Peripheral      0x00002da1    0xe  Code  Lc  em_gpio.o [1]
BITBAND_Peripheral      0x00002175    0xe  Code  Lc  em_wdog.o [1]
BLE_DevChip             0x20000980    0xc  Data  Gb  BLE_LEUART_DMA.o [1]
BLE_INIT                0x00002b71   0x62  Code  Gb  BLE_LEUART_DMA.o [1]
BLE_ONLINE              0x200009c4    0x1  Data  Gb  BLE_LEUART_DMA.o [1]
BLE_Responsed           0x200009c6    0x1  Data  Gb  BLE_LEUART_DMA.o [1]
BLE_Update_End          0x00002c39   0x26  Code  Gb  BLE_LEUART_DMA.o [1]
BOOT_boot               0x00002291  0x12c  Code  Gb  boot.o [1]
BOOT_jump               0x00002285    0xc  Code  Gb  boot.o [1]
BleFwUpdate             0x00000beb  0x1c2  Code  Gb  main.o [1]
BleLeUartSta            0x200009c5    0x1  Data  Gb  BLE_LEUART_DMA.o [1]
BleTxDMADone            0x00002659   0x16  Code  Gb  BLE_LEUART_DMA.o [1]
BootUpdate              0x0000088d   0xa2  Code  Gb  main.o [1]
BootWriteIn             0x00000661  0x22c  Code  Gb  main.o [1]
CMU_AUXClkGet           0x000010a3   0x64  Code  Lc  em_cmu.o [1]
CMU_ClockDivGet         0x000011e5  0x10c  Code  Gb  em_cmu.o [1]
CMU_ClockEnable         0x000012f1   0xc2  Code  Gb  em_cmu.o [1]
CMU_ClockFreqGet        0x000013b3  0x156  Code  Gb  em_cmu.o [1]
CMU_ClockSelectGet      0x00001509  0x12c  Code  Gb  em_cmu.o [1]
CMU_ClockSelectSet      0x00001635  0x22e  Code  Gb  em_cmu.o [1]
CMU_DBGClkGet           0x00001107   0x40  Code  Lc  em_cmu.o [1]
CMU_FlashWaitStateControl
                        0x00000fe7   0x7e  Code  Lc  em_cmu.o [1]
CMU_FlashWaitStateMax   0x00000fa7   0x38  Code  Lc  em_cmu.o [1]
CMU_LFClkGet            0x00001147   0x88  Code  Lc  em_cmu.o [1]
CMU_Log2ToDiv           0x00000fdf    0x8  Code  Lc  em_cmu.o [1]
CMU_OscillatorEnable    0x000018a1   0x9c  Code  Gb  em_cmu.o [1]
CMU_Sync                0x000011cf   0x16  Code  Lc  em_cmu.o [1]
CMU_USBCClkGet          0x00001065   0x3e  Code  Lc  em_cmu.o [1]
CRC_calc                0x00002251   0x32  Code  Gb  crc.o [1]
CSTACK$$Base            0x200009d8          --   Gb  - Linker created -
CSTACK$$Limit           0x200019d8          --   Gb  - Linker created -
CalcInsideFlashCRCandWrIn
                        0x0000052d   0xa0  Code  Gb  main.o [1]
CopyRxBuff              0x200008e0   0x40  Data  Gb  BLE_LEUART_DMA.o [1]
DMA_ActivateBasic       0x0000354d   0x3c  Code  Gb  em_dma.o [1]
DMA_CfgChannel          0x00003589   0x5a  Code  Gb  em_dma.o [1]
DMA_CfgDescr            0x000035e3   0x42  Code  Gb  em_dma.o [1]
DMA_IRQHandler          0x000034a9   0xa4  Code  Gb  em_dma.o [1]
DMA_Init                0x00003625   0x38  Code  Gb  em_dma.o [1]
DMA_Prepare             0x000033bd   0xec  Code  Lc  em_dma.o [1]
DMA_Reset               0x0000365d   0x5e  Code  Gb  em_dma.o [1]
DealError               0x000005cd   0x94  Code  Gb  main.o [1]
DevChip                 0x20000970   0x10  Data  Gb  main.o [1]
EMU_EnterEM1            0x00002535   0x14  Code  Lc  BLE_LEUART_DMA.o [1]
EMU_UpdateOscConfig     0x00003099    0xa  Code  Gb  em_emu.o [1]
EnableLeUart            0x00002bd3   0x26  Code  Gb  BLE_LEUART_DMA.o [1]
FLASH_CalcPageSize      0x00000295   0x48  Code  Gb  main.o [1]
FLASH_POWER_DOWN        0x00002051   0x52  Code  Gb  m25pxx.o [1]
FW_INFO                 0x20000960   0x10  Data  Gb  main.o [1]
FlashCRC                0x000020a3   0x98  Code  Gb  m25pxx.o [1]
FlashRead               0x00001f99   0x58  Code  Gb  m25pxx.o [1]
FlashReadManufacturerIdentification
                        0x00001f59   0x40  Code  Gb  m25pxx.o [1]
FlashReadStatusRegister
                        0x00001d7b   0x38  Code  Gb  m25pxx.o [1]
FlashSectorErase        0x00001ff1   0x60  Code  Gb  m25pxx.o [1]
FlashWriteEnable        0x00001d5f   0x1c  Code  Gb  m25pxx.o [1]
GPIO_DriveModeSet       0x00002daf   0x26  Code  Gb  em_gpio.o [1]
GPIO_IntConfig          0x00002dd5   0x90  Code  Gb  em_gpio.o [1]
GPIO_PinModeSet         0x00002e65   0xcc  Code  Gb  em_gpio.o [1]
GPIO_PinOutClear        0x00002505   0x18  Code  Lc  BLE_LEUART_DMA.o [1]
GPIO_PinOutClear        0x00001af5   0x18  Code  Lc  m25pxx.o [1]
GPIO_PinOutClear        0x00000107   0x18  Code  Lc  main.o [1]
GPIO_PinOutSet          0x0000251d   0x18  Code  Lc  BLE_LEUART_DMA.o [1]
GPIO_PinOutSet          0x00001b0d   0x18  Code  Lc  m25pxx.o [1]
GPIO_PinOutSet          0x0000011f   0x18  Code  Lc  main.o [1]
GPIO_PinOutToggle       0x00000137   0x18  Code  Lc  main.o [1]
GetFlashCapacity        0x00001db3  0x1a6  Code  Gb  m25pxx.o [1]
GetProdRev              0x00002f51    0xa  Code  Lc  system_efm32wg.o [1]
INT_Disable             0x00002549   0x24  Code  Lc  BLE_LEUART_DMA.o [1]
INT_Enable              0x0000256d   0x2e  Code  Lc  BLE_LEUART_DMA.o [1]
INT_LockCnt             0x200009a0    0x4  Data  Gb  em_int.o [1]
InsideFlashWR           0x000002dd  0x250  Code  Gb  main.o [1]
IsFlashBusy             0x00001d47   0x18  Code  Gb  m25pxx.o [1]
IsFlashPowerOn          0x200009c9    0x1  Data  Gb  m25pxx.o [1]
JudgeFlashBusy          0x00000f39   0x32  Code  Gb  main.o [1]
LETIMER0_IRQHandler     0x000001cb   0xca  Code  Gb  main.o [1]
LETIMER_CompareSet      0x00001995   0x24  Code  Gb  em_letimer.o [1]
LETIMER_Init            0x000019b9   0x7c  Code  Gb  em_letimer.o [1]
LETIMER_IntClear        0x0000014f    0x4  Code  Lc  main.o [1]
LETIMER_IntEnable       0x00000153    0x8  Code  Lc  main.o [1]
LETIMER_setup           0x0000015b   0x70  Code  Gb  main.o [1]
LEUART0_IRQHandler      0x0000271f  0x2e8  Code  Gb  BLE_LEUART_DMA.o [1]
LEUARTSentByDma         0x00002a2b   0xbc  Code  Gb  BLE_LEUART_DMA.o [1]
LEUART_BaudrateSet      0x0000326f   0x50  Code  Gb  em_leuart.o [1]
LEUART_FreezeEnable     0x000032d1   0x18  Code  Gb  em_leuart.o [1]
LEUART_Init             0x000032e9   0x46  Code  Gb  em_leuart.o [1]
LEUART_IntClear         0x0000259b    0x4  Code  Lc  BLE_LEUART_DMA.o [1]
LEUART_IntEnable        0x0000259f    0x8  Code  Lc  BLE_LEUART_DMA.o [1]
LEUART_IntGet           0x000025a7    0x4  Code  Lc  BLE_LEUART_DMA.o [1]
LEUART_Reset            0x0000332f   0x3c  Code  Gb  em_leuart.o [1]
LEUART_Sync             0x00003261    0xe  Code  Lc  em_leuart.o [1]
LeUartRxBuff            0x200008a0   0x40  Data  Gb  BLE_LEUART_DMA.o [1]
LeUartTxBuff            0x20000780   0xa0  Data  Gb  BLE_LEUART_DMA.o [1]
LeUartTxCount           0x200009be    0x2  Data  Gb  BLE_LEUART_DMA.o [1]
LeUartWorkTimeCount     0x200009bc    0x2  Data  Gb  BLE_LEUART_DMA.o [1]
LeuartConfig            0x000025bf   0x9a  Code  Gb  BLE_LEUART_DMA.o [1]
M25Pxx_INIT             0x00001b25   0xda  Code  Gb  m25pxx.o [1]
MSC_ErasePage           0x20000093   0x8a  Code  Gb  em_msc.o [1]
MSC_Init                0x00001a5d   0x76  Code  Gb  em_msc.o [1]
MSC_WriteWord           0x2000011d   0x9e  Code  Gb  em_msc.o [1]
McuFwUpdate             0x0000092f   0xc4  Code  Gb  main.o [1]
MscLoadAddress          0x20000001   0x30  Code  Gb  em_msc.o [1]
MscLoadData             0x20000031   0x62  Code  Gb  em_msc.o [1]
MyBLE_Update_Start      0x00002c19   0x20  Code  Gb  BLE_LEUART_DMA.o [1]
MyLEUARTSentByDma       0x00002ae7   0x8a  Code  Gb  BLE_LEUART_DMA.o [1]
NVIC_ClearPendingIRQ    0x00003399   0x16  Code  Lc  em_dma.o [1]
NVIC_DisableIRQ         0x00003383   0x16  Code  Lc  em_dma.o [1]
NVIC_EnableIRQ          0x000024c5   0x16  Code  Lc  BLE_LEUART_DMA.o [1]
NVIC_EnableIRQ          0x0000336d   0x16  Code  Lc  em_dma.o [1]
NVIC_EnableIRQ          0x000000f1   0x16  Code  Lc  main.o [1]
NVIC_SetPriority        0x000024db   0x2a  Code  Lc  BLE_LEUART_DMA.o [1]
Rdy2DmaRx               0x00002701   0x1e  Code  Gb  BLE_LEUART_DMA.o [1]
ReChargeTimeCount       0x000025ab   0x14  Code  Lc  BLE_LEUART_DMA.o [1]
ReadBLEFwFromExflashAndWrIn
                        0x000009f3  0x1f8  Code  Gb  main.o [1]
Region$$Table$$Base     0x000037b0          --   Gb  - Linker created -
Region$$Table$$Limit    0x000037d4          --   Gb  - Linker created -
SPI_Read_Bytes          0x00001d05   0x42  Code  Gb  m25pxx.o [1]
SPI_Send_And_Read_Byte  0x00001c2f   0x46  Code  Gb  m25pxx.o [1]
SPI_Send_And_Read_Bytes
                        0x00001c75   0x4e  Code  Gb  m25pxx.o [1]
SPI_Send_Byte           0x00001bff   0x30  Code  Gb  m25pxx.o [1]
SPI_Send_Bytes          0x00001cc3   0x42  Code  Gb  m25pxx.o [1]
SetupLeuartDma          0x0000266f   0x92  Code  Gb  BLE_LEUART_DMA.o [1]
SysCtlDelay             0x00001aed    0x8  Code  Gb  GlobalData.o [1]
SystemCoreClock         0x200009b8    0x4  Data  Gb  system_efm32wg.o [1]
SystemCoreClockGet      0x00002f5b   0x2c  Code  Gb  system_efm32wg.o [1]
SystemHFClockGet        0x00002f87   0xa6  Code  Gb  system_efm32wg.o [1]
SystemHFXOClock         0x200001e4    0x4  Data  Lc  system_efm32wg.o [1]
SystemHFXOClockGet      0x0000302d    0x6  Code  Gb  system_efm32wg.o [1]
SystemInit              0x00003033    0xe  Code  Gb  system_efm32wg.o [1]
SystemLFRCOClockGet     0x00003041    0x6  Code  Gb  system_efm32wg.o [1]
SystemLFXOClock         0x200001e8    0x4  Data  Lc  system_efm32wg.o [1]
SystemLFXOClockGet      0x0000304d    0x6  Code  Gb  system_efm32wg.o [1]
SystemULFRCOClockGet    0x00003047    0x6  Code  Gb  system_efm32wg.o [1]
TX_DAM_CALLBACK         0x2000098c    0xc  Data  Gb  BLE_LEUART_DMA.o [1]
TxDone                  0x200001ed    0x1  Data  Gb  BLE_LEUART_DMA.o [1]
USART1_RX_IRQHandler    0x00003719   0x56  Code  Gb  retargetserial.o [1]
USART_BaudrateSyncSet   0x00003159   0x34  Code  Gb  em_usart.o [1]
USART_InitSync          0x0000318d   0x6e  Code  Gb  em_usart.o [1]
USART_Reset             0x000031fb   0x46  Code  Gb  em_usart.o [1]
USART_Rx                0x00003255    0xc  Code  Gb  em_usart.o [1]
WDOG_Enable             0x00002183   0x20  Code  Gb  em_wdog.o [1]
WDOG_Feed               0x000021a3   0x10  Code  Gb  em_wdog.o [1]
WDOG_Init               0x000021b3   0x7c  Code  Gb  em_wdog.o [1]
WDOG_Lock               0x0000222f   0x16  Code  Gb  em_wdog.o [1]
WaitLastTxDone          0x00002a07   0x24  Code  Gb  BLE_LEUART_DMA.o [1]
WriteCC254xFlash        0x00002c5f   0x8a  Code  Gb  BLE_LEUART_DMA.o [1]
__Vectors               0x00000000          --   Gb  startup_efm32wg.o [1]
__Vectors_End           0x000000e0         Data  Gb  startup_efm32wg.o [1]
__Vectors_Size {Abs}    0x000000e0          --   Gb  startup_efm32wg.o [1]
__aeabi_memclr4         0x00001a35         Code  Gb  ABImemclr4.o [4]
__aeabi_memset          0x0000245d         Code  Gb  ABImemset.o [4]
__cmain                 0x000037d5         Code  Gb  cmain.o [4]
__exit                  0x00003805         Code  Gb  XXexit.o [4]
__iar_Memset            0x0000245d         Code  Gb  ABImemset.o [4]
__iar_Memset4_word      0x000030ad         Code  Gb  ABImemset48.o [4]
__iar_Memset8_word      0x000030ad         Code  Gb  ABImemset48.o [4]
__iar_Memset_word       0x00002465         Code  Gb  ABImemset.o [4]
__iar_copy_init3        0x00000f6b   0x2e  Code  Gb  copy_init3.o [4]
__iar_data_init3        0x00003789   0x28  Code  Gb  data_init.o [4]
__iar_program_start     0x0000386d         Code  Gb  cstartup_M.o [4]
__iar_unaligned___aeabi_memcpy
                        0x000030e1         Code  Gb  ABImemcpy_unaligned.o [4]
__iar_unaligned___aeabi_memcpy4
                        0x00003101         Code  Gb  ABImemcpy_unaligned.o [4]
__iar_unaligned___aeabi_memcpy8
                        0x00003101         Code  Gb  ABImemcpy_unaligned.o [4]
__iar_zero_init3        0x00001a3b   0x22  Code  Gb  zero_init3.o [4]
__low_level_init        0x000037ef    0x4  Code  Gb  low_level_init.o [3]
__vector_table          0x00000000         Data  Gb  startup_efm32wg.o [1]
__vector_table_0x1c     0x0000001c         Data  Gb  startup_efm32wg.o [1]
_call_main              0x000037e1         Code  Gb  cmain.o [4]
_exit                   0x000037f9         Code  Gb  cexit.o [4]
_main                   0x000037eb         Code  Gb  cmain.o [4]
bleStatusFlag           0x200001ee    0x1  Data  Gb  BLE_LEUART_DMA.o [1]
bleUpdatingShiningCount
                        0x200009cb    0x1  Data  Gb  main.o [1]
bootUpdatingShiningCount
                        0x200009cc    0x1  Data  Gb  main.o [1]
cmuStatus               0x200009c0    0x2  Data  Lc  em_emu.o [1]
dmaControlBlock         0x20000600  0x180  Data  Gb  dmactrl.o [1]
exit                    0x000037f3    0x4  Code  Gb  exit.o [3]
flashPageSize           0x200009a8    0x4  Data  Gb  main.o [1]
flashSize               0x200009a4    0x4  Data  Gb  main.o [1]
g_ucCurrentAddr         0x200009c7    0x1  Data  Gb  BLE_LEUART_DMA.o [1]
g_ucUartFrame           0x200001f0  0x400  Data  Gb  BLE_LEUART_DMA.o [1]
init                    0x200001d4    0xc  Data  Gb  main.o [1]
insert_zero_number      0x200001ec    0x1  Data  Gb  BLE_LEUART_DMA.o [1]
main                    0x00000dd9   0xe8  Code  Gb  main.o [1]
mcuUpdatingShiningCount
                        0x200009ca    0x1  Data  Gb  main.o [1]
pFlashInfo              0x200001e0    0x4  Data  Gb  m25pxx.o [1]
rxBuffer                0x20000998    0x8  Data  Lc  retargetserial.o [1]
rxCount                 0x200009b4    0x4  Data  Lc  retargetserial.o [1]
rxReadIndex             0x200009ac    0x4  Data  Lc  retargetserial.o [1]
rxWriteIndex            0x200009b0    0x4  Data  Lc  retargetserial.o [1]
start_add               0x200009c8    0x1  Data  Gb  BLE_LEUART_DMA.o [1]
systemStatus            0x20000820   0x80  Data  Gb  m25pxx.o [1]
tempESC                 0x20000920   0x40  Data  Gb  BLE_LEUART_DMA.o [1]
waitBleStopCommandresponse
                        0x200009c2    0x2  Data  Gb  main.o [1]


[1] = D:\uvutechnology-exam\i2watch\trunk\I4BOOT\proj\usbhid\iar\rockband1-Debug\Obj
[2] = command line
[3] = dl7M_tln.a
[4] = rt7M_tl.a

  14 524 bytes of readonly  code memory
     468 bytes of readwrite code memory
     624 bytes of readonly  data memory
   6 143 bytes of readwrite data memory

Errors: none
Warnings: none
