################################################################################
#                                                                              #
#      IAR Universal Linker V5.7.0.39                                          #
#                                                                              #
#           Link time     =  13/Sep/2014  09:02:11                             #
#           Target CPU    =  x51                                               #
#           List file     =  C:\Users\Administrator\Desktop\ÐÂ½¨ÎÄ¼þ¼Ð\Project #
#                            s\ble\util\BIM\cc254x\CC254xF256\List\BIM.map     #
#           Output file 1 =  C:\Users\Administrator\Desktop\ÐÂ½¨ÎÄ¼þ¼Ð\Project #
#                            s\ble\util\BIM\cc254x\CC254xF256\Exe\BIM_CC254xF2 #
#                            56.hex                                            #
#                            Format: intel-extended                            #
#           Output file 2 =  C:\Users\Administrator\Desktop\ÐÂ½¨ÎÄ¼þ¼Ð\Project #
#                            s\ble\util\BIM\cc254x\CC254xF256\Exe\BIM.d51      #
#                            Format: debug                                     #
#                            UBROF version 10.0.6                              #
#                            Using library modules for C-SPY (-rt)             #
#           Command line  =  -D_NR_OF_BANKS=0 -D_CODEBANK_END=0                #
#                            -D_CODEBANK_START=0                               #
#                            "-IC:\Program Files\IAR Systems\Embedded Workbenc #
#                            h 6.5\8051\CONFIG\"                               #
#                            C:\Users\Administrator\Desktop\ÐÂ½¨ÎÄ¼þ¼Ð\Project #
#                            s\ble\util\BIM\cc254x\CC254xF256\Obj\bim_ivec.r51 #
#                            C:\Users\Administrator\Desktop\ÐÂ½¨ÎÄ¼þ¼Ð\Project #
#                            s\ble\util\BIM\cc254x\CC254xF256\Obj\bim_main.r51 #
#                            C:\Users\Administrator\Desktop\ÐÂ½¨ÎÄ¼þ¼Ð\Project #
#                            s\ble\util\BIM\cc254x\CC254xF256\Obj\hal_flash.r5 #
#                            1                                                 #
#                            -o                                                #
#                            C:\Users\Administrator\Desktop\ÐÂ½¨ÎÄ¼þ¼Ð\Project #
#                            s\ble\util\BIM\cc254x\CC254xF256\Exe\BIM.d51      #
#                            -l                                                #
#                            C:\Users\Administrator\Desktop\ÐÂ½¨ÎÄ¼þ¼Ð\Project #
#                            s\ble\util\BIM\cc254x\CC254xF256\List\BIM.map     #
#                            -xmsno                                            #
#                            -IC:\Users\Administrator\Desktop\ÐÂ½¨ÎÄ¼þ¼Ð\Proje #
#                            cts\ble\util\BIM\cc254x\                          #
#                            -f bim_cc254x.xcl (-D_XDATA_BEG=0x0000            #
#                            -D_XDATA_END=0x1EFF -D_IDATA_BEG=0x09             #
#                            -D_IDATA_END=0xFF -D_CODE_BEG=0x0000              #
#                            -D_CODE_END=0x07FF -D?REGISTER_BANK=0             #
#                            -D_REGISTER_BANK_BEG=0 -D?PBANK_NUMBER=00         #
#                            -D_BREG_BEG=0x00 -D?VB=0x20                       #
#                            -Z(BIT)BREG=_BREG_BEG -Z(BIT)BIT_N=0-7F           #
#                            -Z(DATA)REGISTERS+8=_REGISTER_BANK_BEG            #
#                            -Z(DATA)BDATA_Z,BDATA_N,BDATA_I=20-2F             #
#                            -Z(DATA)VREG+_NR_OF_VIRTUAL_REGISTERS=_IDATA_BEG- #
#                            7F                                                #
#                            -Z(DATA)PSP,XSP=_IDATA_BEG-7F                     #
#                            -Z(DATA)DOVERLAY=_IDATA_BEG-7F                    #
#                            -Z(DATA)DATA_I,DATA_Z,DATA_N=_IDATA_BEG-7F        #
#                            -U(IDATA)0-7F=(DATA)0-7F                          #
#                            -Z(IDATA)IDATA_I,IDATA_Z,IDATA_N=_IDATA_BEG-_IDAT #
#                            A_END                                             #
#                            -Z(IDATA)ISTACK+_IDATA_STACK_SIZE#_IDATA_BEG-_IDA #
#                            TA_END                                            #
#                            -Z(IDATA)IOVERLAY=_IDATA_BEG-FF                   #
#                            -Z(CODE)INTVEC=_CODE_BEG                          #
#                            -Z(CODE)BIT_ID,BDATA_ID,DATA_ID,IDATA_ID,IXDATA_I #
#                            D,PDATA_ID,XDATA_ID=_CODE_BEG-_CODE_END           #
#                            -Z(CODE)ALIGNED_CODE|2=_CODE_BEG-_CODE_END        #
#                            -P(CODE)CSTART,RCODE,DIFUNCT,NEAR_CODE=_CODE_BEG- #
#                            _CODE_END                                         #
#                            -Z(XDATA)XSTACK+_XDATA_STACK_SIZE=_XDATA_BEG-_XDA #
#                            TA_END                                            #
#                            -Z(XDATA)XDATA_Z,XDATA_I,PDATA_Z=_XDATA_BEG-_XDAT #
#                            A_END                                             #
#                            -P(XDATA)XDATA_N=_XDATA_BEG-_XDATA_END -cx51      #
#                            -HFFFF) -D_NR_OF_VIRTUAL_REGISTERS=10             #
#                            -D?PBANK=0x93 -e_large_write=_formatted_write     #
#                            -e_large_read=_formatted_read -rt                 #
#                            -Ointel-extended=C:\Users\Administrator\Desktop\Ð #
#                            Â½¨ÎÄ¼þ¼Ð\Projects\ble\util\BIM\cc254x\CC254xF256 #
#                            \Exe\BIM_CC254xF256.hex                           #
#                            -s __program_start                                #
#                            "C:\Program Files\IAR Systems\Embedded Workbench  #
#                            6.5\8051\LIB\CLIB\cl-pli-nlxd-1e16x01.r51"        #
#                            -D_IDATA_STACK_SIZE=0xC0 -D?ESP=0 -D?ESP_MASK=0   #
#                            -D_EXTENDED_STACK_START=0                         #
#                            -D_EXTENDED_STACK_SIZE=0                          #
#                            -D_PDATA_STACK_SIZE=0x0                           #
#                            -D_XDATA_STACK_SIZE=0x180                         #
#                            -D_XDATA_HEAP_SIZE=0xFF -D_FAR_HEAP_SIZE=0xFFF    #
#                            -D_HUGE_HEAP_SIZE=0xFFF                           #
#                            -D_FAR22_HEAP_SIZE=0xFFF                          #
#                                                                              #
#                           Copyright (C) 1987-2013 IAR Systems AB.            #
################################################################################





                ****************************************
                *                                      *
                *           CROSS REFERENCE            *
                *                                      *
                ****************************************

       Program entry at : CODE      0000074B  Relocatable, from module : CSTARTUP




                ****************************************
                *                                      *
                *            RUNTIME MODEL             *
                *                                      *
                ****************************************

  __SystemLibrary          = CLib
  __calling_convention     = xdata_reentrant
  __code_model             = near
  __core                   = plain
  __data_model             = large
  __dptr_size              = 16
  __extended_stack         = disabled
  __location_for_constants = data
  __number_of_dptrs        = 1
  __rt_version             = 1

                ****************************************
                *                                      *
                *    AUTOMATIC SYMBOL REDIRECTIONS     *
                *                                      *
                ****************************************

                  There are no automatic symbol redirections.



                ****************************************
                *                                      *
                *              MODULE MAP              *
                *                                      *
                ****************************************


  DEFINED ABSOLUTE ENTRIES
  PROGRAM MODULE, NAME : ?ABS_ENTRY_MOD

Absolute parts
           ENTRY                   ADDRESS         REF BY
           =====                   =======         ======
           _FAR22_HEAP_SIZE        00000FFF 
           _HUGE_HEAP_SIZE         00000FFF 
           _FAR_HEAP_SIZE          00000FFF 
           _XDATA_HEAP_SIZE        000000FF 
           _XDATA_STACK_SIZE       00000180 
           _PDATA_STACK_SIZE       00000000 
           _EXTENDED_STACK_SIZE    00000000 
           _EXTENDED_STACK_START   00000000 
           ?ESP_MASK               00000000 
           ?ESP                    00000000 
           _IDATA_STACK_SIZE       000000C0 
           ?PBANK                  00000093 
           _NR_OF_VIRTUAL_REGISTERS
                                   00000010 
           ?VB                     00000020        ?FUNC_ENTER_XDATA (?FUNC_ENTER_XDATA)
                                                   ?FUNC_LEAVE_XDATA (?FUNC_LEAVE_XDATA)
           _BREG_BEG               00000000 
           ?PBANK_NUMBER           00000000 
           _REGISTER_BANK_BEG      00000000 
           ?REGISTER_BANK          00000000        Segment part 6 (CSTARTUP)
           _CODE_END               000007FF 
           _CODE_BEG               00000000 
           _IDATA_END              000000FF 
           _IDATA_BEG              00000009 
           _XDATA_END              00001EFF 
           _XDATA_BEG              00000000 
           _CODEBANK_START         00000000 
           _CODEBANK_END           00000000 
           _NR_OF_BANKS            00000000 
    *************************************************************************

  FILE NAME : C:\Users\Administrator\Desktop\ÐÂ½¨ÎÄ¼þ¼Ð\Projects\ble\util\BIM\cc254x\CC254xF256\Obj\bim_ivec.r51
  PROGRAM MODULE, NAME : bim_ivec

  SEGMENTS IN THE MODULE
  ======================
INTVEC
  Common segment, address: CODE 00000000 - 0000008D (0x8e bytes), align: 0
  Segment part 0. ROOT.
    -------------------------------------------------------------------------
<CSTART,NEAR_CODE,RCODE> 1 (was RCODE)
  Relative segment, address: CODE 00000719 - 0000072A (0x12 bytes), align: 0
  Segment part 1. ROOT.       Intra module refs:   Absolute parts
                                                   Segment part 0
           ENTRY                   ADDRESS         REF BY
           =====                   =======         ======
           __ivec_03               00000719 
           __ivec_0b               00000719 
           __ivec_13               00000719 
           __ivec_1b               0000072B 
           __ivec_23               0000072B 
           __ivec_2b               0000072B 
           __ivec_33               0000072B 
           __ivec_3b               0000072B 
           __ivec_43               0000072B 
           __ivec_4b               0000072B 
           __ivec_53               0000072B 
           __ivec_5b               0000072B 
           __ivec_63               0000072B 
           __ivec_6b               0000072B 
           __ivec_73               0000072B 
           __ivec_7b               0000072B 
           __ivec_83               0000072B 
           __ivec_8b               0000072B 
           LOCAL                   ADDRESS         
           =====                   =======         
           __imgA_03               00000719 
           __imgA_0b               00000719 
           __imgA_13               00000724 
           __imgA_1b               0000072B 
           __imgA_23               0000072B 
           __imgA_2b               0000072B 
           __imgA_33               0000072B 
           __imgA_3b               0000072B 
           __imgA_43               0000072B 
           __imgA_4b               0000072B 
           __imgA_53               0000072B 
           __imgA_5b               0000072B 
           __imgA_63               0000072B 
           __imgA_6b               0000072B 
           __imgA_73               0000072B 
           __imgA_7b               0000072B 
           __imgA_83               0000072B 
           __imgA_8b               0000072B 
           __relay_err             0000072B 

    *************************************************************************

  FILE NAME : C:\Users\Administrator\Desktop\ÐÂ½¨ÎÄ¼þ¼Ð\Projects\ble\util\BIM\cc254x\CC254xF256\Obj\bim_main.r51
  PROGRAM MODULE, NAME : bim_main

  SEGMENTS IN THE MODULE
  ======================
SFR_AN
  Relative segment, address: DATA 00000086 - 00000086 (0x1 bytes), align: 0
  Segment part 1. ROOT.       Intra module refs:   main
           ENTRY                   ADDRESS         REF BY
           =====                   =======         ======
           U0CSR                   00000086 
    -------------------------------------------------------------------------
SFR_AN
  Relative segment, address: DATA 00000088 - 00000088 (0x1 bytes), align: 0
  Segment part 2. ROOT.       Intra module refs:   main
                                                   uart1RX_isr
           ENTRY                   ADDRESS         REF BY
           =====                   =======         ======
           _A_TCON                 00000088 
           LOCAL                   ADDRESS         
           =====                   =======         
           TCON                    00000088 
    -------------------------------------------------------------------------
SFR_AN
  Relative segment, address: DATA 0000009E - 0000009E (0x1 bytes), align: 0
  Segment part 3. ROOT.       Intra module refs:   main
           ENTRY                   ADDRESS         REF BY
           =====                   =======         ======
           CLKCONSTA               0000009E 
    -------------------------------------------------------------------------
SFR_AN
  Relative segment, address: DATA 000000A8 - 000000A8 (0x1 bytes), align: 0
  Segment part 4. ROOT.       Intra module refs:   HalFlashRead (hal_flash)
                                                   main
           ENTRY                   ADDRESS         REF BY
           =====                   =======         ======
           _A_IEN0                 000000A8 
           LOCAL                   ADDRESS         
           =====                   =======         
           IEN0                    000000A8 
    -------------------------------------------------------------------------
SFR_AN
  Relative segment, address: DATA 000000C1 - 000000C1 (0x1 bytes), align: 0
  Segment part 5. ROOT.       Intra module refs:   main
                                                   uart1RX_isr
           ENTRY                   ADDRESS         REF BY
           =====                   =======         ======
           U0DBUF                  000000C1 
    -------------------------------------------------------------------------
SFR_AN
  Relative segment, address: DATA 000000C2 - 000000C2 (0x1 bytes), align: 0
  Segment part 6. ROOT.       Intra module refs:   main
           ENTRY                   ADDRESS         REF BY
           =====                   =======         ======
           U0BAUD                  000000C2 
    -------------------------------------------------------------------------
SFR_AN
  Relative segment, address: DATA 000000C4 - 000000C4 (0x1 bytes), align: 0
  Segment part 7. ROOT.       Intra module refs:   main
           ENTRY                   ADDRESS         REF BY
           =====                   =======         ======
           U0UCR                   000000C4 
    -------------------------------------------------------------------------
SFR_AN
  Relative segment, address: DATA 000000C5 - 000000C5 (0x1 bytes), align: 0
  Segment part 8. ROOT.       Intra module refs:   main
           ENTRY                   ADDRESS         REF BY
           =====                   =======         ======
           U0GCR                   000000C5 
    -------------------------------------------------------------------------
SFR_AN
  Relative segment, address: DATA 000000C6 - 000000C6 (0x1 bytes), align: 0
  Segment part 9. ROOT.       Intra module refs:   main
           ENTRY                   ADDRESS         REF BY
           =====                   =======         ======
           CLKCONCMD               000000C6 
    -------------------------------------------------------------------------
SFR_AN
  Relative segment, address: DATA 000000C9 - 000000C9 (0x1 bytes), align: 0
  Segment part 10. ROOT.      Intra module refs:   main
           ENTRY                   ADDRESS         REF BY
           =====                   =======         ======
           WDCTL                   000000C9 
    -------------------------------------------------------------------------
SFR_AN
  Relative segment, address: DATA 000000D4 - 000000D4 (0x1 bytes), align: 0
  Segment part 11. ROOT.      Intra module refs:   main
           ENTRY                   ADDRESS         REF BY
           =====                   =======         ======
           DMA0CFGL                000000D4 
    -------------------------------------------------------------------------
SFR_AN
  Relative segment, address: DATA 000000D5 - 000000D5 (0x1 bytes), align: 0
  Segment part 12. ROOT.      Intra module refs:   main
           ENTRY                   ADDRESS         REF BY
           =====                   =======         ======
           DMA0CFGH                000000D5 
    -------------------------------------------------------------------------
SFR_AN
  Relative segment, address: DATA 000000F3 - 000000F3 (0x1 bytes), align: 0
  Segment part 13. ROOT.      Intra module refs:   main
           ENTRY                   ADDRESS         REF BY
           =====                   =======         ======
           P0SEL                   000000F3 
    -------------------------------------------------------------------------
<XDATA_N> 1 (was XDATA_N)
  Relative segment, address: XDATA 000001AD - 00000242 (0x96 bytes), align: 0
  Segment part 22.            Intra module refs:   main
                                                   uart1RX_isr
           ENTRY                   ADDRESS         REF BY
           =====                   =======         ======
           rxBufferSlave           000001AD 
    -------------------------------------------------------------------------
XDATA_Z
  Relative segment, address: XDATA 00000180 - 00000180 (0x1 bytes), align: 0
  Segment part 23.            Intra module refs:   main
                                                   uart1RX_isr
           ENTRY                   ADDRESS         REF BY
           =====                   =======         ======
           RxLen                   00000180 
    -------------------------------------------------------------------------
XDATA_Z
  Relative segment, address: XDATA 00000181 - 00000181 (0x1 bytes), align: 0
  Segment part 24.            Intra module refs:   main
                                                   uart1RX_isr
           ENTRY                   ADDRESS         REF BY
           =====                   =======         ======
           spiFlage                00000181 
    -------------------------------------------------------------------------
XDATA_Z
  Relative segment, address: XDATA 00000182 - 00000183 (0x2 bytes), align: 0
  Segment part 25.            Intra module refs:   main
                                                   uart1RX_isr
           ENTRY                   ADDRESS         REF BY
           =====                   =======         ======
           uartDelay               00000182 
    -------------------------------------------------------------------------
<XDATA_N> 1 (was XDATA_N)
  Relative segment, address: XDATA 00000243 - 0000024A (0x8 bytes), align: 0
  Segment part 26.            Intra module refs:   main
           ENTRY                   ADDRESS         REF BY
           =====                   =======         ======
           dmaCh0                  00000243        HalFlashWrite (hal_flash)
    -------------------------------------------------------------------------
DATA_AN
  Relative segment, address: DATA 00000009 - 00000009 (0x1 bytes), align: 0
  Segment part 14. ROOT.      Intra module refs:   main
           ENTRY                   ADDRESS         REF BY
           =====                   =======         ======
           JumpToImageAorB         00000009 
    -------------------------------------------------------------------------
<CSTART,NEAR_CODE,RCODE> 1 (was NEAR_CODE)
  Relative segment, address: CODE 0000009F - 00000115 (0x77 bytes), align: 0
  Segment part 38.            Intra module refs:   uart1RX_isr::??INTVEC 145
           ENTRY                   ADDRESS         REF BY
           =====                   =======         ======
           uart1RX_isr             0000009F 
               interrupt function
               ISTACK = 00000000 ( 00000009 )
    -------------------------------------------------------------------------
<CSTART,NEAR_CODE,RCODE> 1 (was NEAR_CODE)
  Relative segment, address: CODE 00000116 - 000001D7 (0xc2 bytes), align: 0
  Segment part 39.            Intra module refs:   main
           ENTRY                   ADDRESS         REF BY
           =====                   =======         ======
           crcCheck                00000116 
               calls direct
               XSTACK = 00000000 ( 0000008F )
    -------------------------------------------------------------------------
XDATA_AN
  Relative segment, address: XDATA 0000780E - 00007813 (0x6 bytes), align: 0
  Segment part 15. ROOT.      Intra module refs:   SPI_READ
           ENTRY                   ADDRESS         REF BY
           =====                   =======         ======
           mac_buf                 0000780E 
    -------------------------------------------------------------------------
XDATA_Z
  Relative segment, address: XDATA 00000184 - 00000198 (0x15 bytes), align: 0
  Segment part 28.            Intra module refs:   SPI_READ
                                                   main
           ENTRY                   ADDRESS         REF BY
           =====                   =======         ======
           devInfor                00000184 
    -------------------------------------------------------------------------
<CSTART,NEAR_CODE,RCODE> 1 (was NEAR_CODE)
  Relative segment, address: CODE 000001D8 - 00000232 (0x5b bytes), align: 0
  Segment part 40.            Intra module refs:   main
           ENTRY                   ADDRESS         REF BY
           =====                   =======         ======
           SPI_READ                000001D8 
               ISTACK = 00000000 ( 00000002 )
    -------------------------------------------------------------------------
<CSTART,NEAR_CODE,RCODE> 1 (was NEAR_CODE)
  Relative segment, address: CODE 00000233 - 00000237 (0x5 bytes), align: 0
  Segment part 41.            Intra module refs:   SPI_READ
           LOCAL                   ADDRESS         
           =====                   =======         
           ?Subroutine0            00000233 
    -------------------------------------------------------------------------
XDATA_I
  Relative segment, address: XDATA 000001A2 - 000001AC (0xb bytes), align: 0
  Segment part 29.            Intra module refs:   main
           ENTRY                   ADDRESS         REF BY
           =====                   =======         ======
           ackData                 000001A2 
    -------------------------------------------------------------------------
<CSTART,NEAR_CODE,RCODE> 1 (was NEAR_CODE)
  Relative segment, address: CODE 00000238 - 000004D3 (0x29c bytes), align: 0
  Segment part 42.
           ENTRY                   ADDRESS         REF BY
           =====                   =======         ======
           main                    00000238        ?call_main (?cmain)
               calls direct
               XSTACK = 00000000 ( 00000002 )
    -------------------------------------------------------------------------
XDATA_Z
  Relative segment, address: XDATA 00000199 - 00000199 (0x1 bytes), align: 0
  Segment part 33.            Intra module refs:   main
           LOCAL                   ADDRESS         
           =====                   =======         
           main::writePage         00000199 
    -------------------------------------------------------------------------
XDATA_Z
  Relative segment, address: XDATA 0000019A - 0000019B (0x2 bytes), align: 0
  Segment part 34.            Intra module refs:   main
           LOCAL                   ADDRESS         
           =====                   =======         
           main::writeOffset       0000019A 
    -------------------------------------------------------------------------
XDATA_Z
  Relative segment, address: XDATA 0000019C - 0000019D (0x2 bytes), align: 0
  Segment part 35.            Intra module refs:   main
           LOCAL                   ADDRESS         
           =====                   =======         
           main::writeAdd          0000019C 
    -------------------------------------------------------------------------
XDATA_Z
  Relative segment, address: XDATA 0000019E - 0000019F (0x2 bytes), align: 0
  Segment part 36.            Intra module refs:   main
           LOCAL                   ADDRESS         
           =====                   =======         
           main::checkSumCode      0000019E 
    -------------------------------------------------------------------------
XDATA_Z
  Relative segment, address: XDATA 000001A0 - 000001A1 (0x2 bytes), align: 0
  Segment part 37.            Intra module refs:   main
           LOCAL                   ADDRESS         
           =====                   =======         
           main::checkSumCon       000001A0 
    -------------------------------------------------------------------------
INTVEC
  Common segment, address: CODE 00000000 - 00000093 (0x94 bytes), align: 0
  Segment part 16. ROOT.
           ENTRY                   ADDRESS         REF BY
           =====                   =======         ======
           uart1RX_isr::??INTVEC 145
                                   00000091 
    -------------------------------------------------------------------------
XDATA_ID
  Relative segment, address: CODE 00000094 - 0000009E (0xb bytes), align: 0
  Segment part 30.            Intra module refs:   ackData

    *************************************************************************

  FILE NAME : C:\Users\Administrator\Desktop\ÐÂ½¨ÎÄ¼þ¼Ð\Projects\ble\util\BIM\cc254x\CC254xF256\Obj\hal_flash.r51
  PROGRAM MODULE, NAME : hal_flash

  SEGMENTS IN THE MODULE
  ======================
SFR_AN
  Relative segment, address: DATA 000000C7 - 000000C7 (0x1 bytes), align: 0
  Segment part 2. ROOT.       Intra module refs:   HalFlashRead
           ENTRY                   ADDRESS         REF BY
           =====                   =======         ======
           MEMCTR                  000000C7 
    -------------------------------------------------------------------------
SFR_AN
  Relative segment, address: DATA 000000D1 - 000000D1 (0x1 bytes), align: 0
  Segment part 3. ROOT.       Intra module refs:   HalFlashWrite
           ENTRY                   ADDRESS         REF BY
           =====                   =======         ======
           DMAIRQ                  000000D1 
    -------------------------------------------------------------------------
SFR_AN
  Relative segment, address: DATA 000000D6 - 000000D6 (0x1 bytes), align: 0
  Segment part 4. ROOT.       Intra module refs:   HalFlashWrite
           ENTRY                   ADDRESS         REF BY
           =====                   =======         ======
           DMAARM                  000000D6 
    -------------------------------------------------------------------------
<CSTART,NEAR_CODE,RCODE> 1 (was NEAR_CODE)
  Relative segment, address: CODE 000004D4 - 0000055A (0x87 bytes), align: 0
  Segment part 10.
           ENTRY                   ADDRESS         REF BY
           =====                   =======         ======
           HalFlashRead            000004D4        crcCheck (bim_main)
                                                   main (bim_main)
               XSTACK = 00000002 ( 0000000B )
               ISTACK = 00000000 ( 00000001 )
    -------------------------------------------------------------------------
<CSTART,NEAR_CODE,RCODE> 1 (was NEAR_CODE)
  Relative segment, address: CODE 0000055B - 000005C0 (0x66 bytes), align: 0
  Segment part 11.
           ENTRY                   ADDRESS         REF BY
           =====                   =======         ======
           HalFlashWrite           0000055B        main (bim_main)
               XSTACK = 00000002 ( 00000009 )
    -------------------------------------------------------------------------
<CSTART,NEAR_CODE,RCODE> 1 (was NEAR_CODE)
  Relative segment, address: CODE 000005C1 - 000005D7 (0x17 bytes), align: 0
  Segment part 12.
           ENTRY                   ADDRESS         REF BY
           =====                   =======         ======
           HalFlashErase           000005C1        main (bim_main)
               ISTACK = 00000000 ( 00000002 )

    *************************************************************************

  FILE NAME : C:\Program Files\IAR Systems\Embedded Workbench 6.5\8051\LIB\CLIB\cl-pli-nlxd-1e16x01.r51
  LIBRARY MODULE, NAME : ?cexit

  SEGMENTS IN THE MODULE
  ======================
<CSTART,NEAR_CODE,RCODE> 1 (was CSTART)
  Relative segment, address: CODE 00000771 - 00000775 (0x5 bytes), align: 0
  Segment part 0.
           ENTRY                   ADDRESS         REF BY
           =====                   =======         ======
           exit                    00000771        ?call_main (?cmain)
           ?C_EXIT                 00000771 
           ?ROM_MONITOR_NOPS       00000771 

    -------------------------------------------------------------------------
  LIBRARY MODULE, NAME : ?cmain

  SEGMENTS IN THE MODULE
  ======================
<CSTART,NEAR_CODE,RCODE> 1 (was CSTART)
  Relative segment, address: CODE 0000067E, align: 0
  Segment part 5.
           ENTRY                   ADDRESS         REF BY
           =====                   =======         ======
           ?cmain                  0000067E        Segment part 13 (CSTARTUP)
               calls direct
    -------------------------------------------------------------------------
<CSTART,NEAR_CODE,RCODE> 1 (was CSTART)
  Relative segment, address: CODE 0000067E - 0000068D (0x10 bytes), align: 0
  Segment part 16.
           ENTRY                   ADDRESS         REF BY
           =====                   =======         ======
           __INIT_XDATA_Z          0000067E        RxLen (bim_main)
                                                   devInfor (bim_main)
                                                   main::checkSumCode (bim_main)
                                                   main::checkSumCon (bim_main)
                                                   main::writeAdd (bim_main)
                                                   main::writeOffset (bim_main)
                                                   main::writePage (bim_main)
                                                   spiFlage (bim_main)
                                                   uartDelay (bim_main)
    -------------------------------------------------------------------------
<CSTART,NEAR_CODE,RCODE> 1 (was CSTART)
  Relative segment, address: CODE 0000068E - 000006B3 (0x26 bytes), align: 0
  Segment part 33.
           ENTRY                   ADDRESS         REF BY
           =====                   =======         ======
           __INIT_XDATA_I          0000068E        ackData (bim_main)
    -------------------------------------------------------------------------
<CSTART,NEAR_CODE,RCODE> 1 (was CSTART)
  Relative segment, address: CODE 000006B4 - 000006B9 (0x6 bytes), align: 0
  Segment part 38.            Intra module refs:   ?cmain
           ENTRY                   ADDRESS         REF BY
           =====                   =======         ======
           ?call_main              000006B4 

    -------------------------------------------------------------------------
  LIBRARY MODULE, NAME : CSTARTUP

  SEGMENTS IN THE MODULE
  ======================
REGISTERS
  Relative segment, address: DATA 00000000, align: 0
  Segment part 0.             Intra module refs:   Segment part 6
           ENTRY                   ADDRESS         REF BY
           =====                   =======         ======
           ?REGISTERS              00000000 
    -------------------------------------------------------------------------
ISTACK
  Relative segment, address: IDATA 00000040, align: 0
  Segment part 1.             Intra module refs:   Segment part 6
           ENTRY                   ADDRESS         REF BY
           =====                   =======         ======
           ?ISTACK_START           00000040 
    -------------------------------------------------------------------------
XSTACK
  Relative segment, address: XDATA 00000000, align: 0
  Segment part 3.             Intra module refs:   ?RESET_XSP
           ENTRY                   ADDRESS         REF BY
           =====                   =======         ======
           ?XSTACK_START           00000000 
    -------------------------------------------------------------------------
INTVEC
  Common segment, address: CODE 00000000 - 00000002 (0x3 bytes), align: 0
  Segment part 5. ROOT.       Intra module refs:   Segment part 6
    -------------------------------------------------------------------------
<CSTART,NEAR_CODE,RCODE> 1 (was CSTART)
  Relative segment, address: CODE 0000074B - 00000750 (0x6 bytes), align: 0
  Segment part 6. ROOT.       Intra module refs:   Segment part 5
           ENTRY                   ADDRESS         REF BY
           =====                   =======         ======
           __program_start         0000074B        Absolute parts (?ABS_ENTRY_MOD)
           ?RESET_SP               0000074E 
    -------------------------------------------------------------------------
<CSTART,NEAR_CODE,RCODE> 1 (was CSTART)
  Relative segment, address: CODE 00000751 - 00000756 (0x6 bytes), align: 0
  Segment part 8.
           ENTRY                   ADDRESS         REF BY
           =====                   =======         ======
           ?RESET_XSP              00000751        ?XSP (VIRTUAL_REGISTERS)
    -------------------------------------------------------------------------
<CSTART,NEAR_CODE,RCODE> 1 (was CSTART)
  Relative segment, address: CODE 00000757 - 00000759 (0x3 bytes), align: 0
  Segment part 13.            Intra module refs:   Absolute parts

    -------------------------------------------------------------------------
  LIBRARY MODULE, NAME : VIRTUAL_REGISTERS

  SEGMENTS IN THE MODULE
  ======================
BREG
  Relative segment, address: BIT 00000020.0 - 00000020.7 (0x8 bits), align: 0
  Segment part 0.
           ENTRY                   ADDRESS         REF BY
           =====                   =======         ======
           ?B0                     00000020.0      Absolute parts (CSTARTUP)
    -------------------------------------------------------------------------
VREG
  Relative segment, address: DATA 0000000A - 0000000A (0x1 bytes), align: 0
  Segment part 1.
           ENTRY                   ADDRESS         REF BY
           =====                   =======         ======
           ?V0                     0000000A        ?FUNC_ENTER_XDATA (?FUNC_ENTER_XDATA)
                                                   ?FUNC_LEAVE_XDATA (?FUNC_LEAVE_XDATA)
                                                   HalFlashRead (hal_flash)
                                                   HalFlashWrite (hal_flash)
                                                   crcCheck (bim_main)
                                                   main (bim_main)
    -------------------------------------------------------------------------
XSP
  Relative segment, address: DATA 0000001B - 0000001C (0x2 bytes), align: 0
  Segment part 34.
           ENTRY                   ADDRESS         REF BY
           =====                   =======         ======
           ?XSP                    0000001B        ?ADD_XSTACK_DISP0_8 (?ADD_XSTACK_DISP8)
                                                   ?ALLOC_XSTACK8 (?ALLOC_XSTACK8)
                                                   ?DEALLOC_XSTACK8 (?DEALLOC_XSTACK8)
                                                   ?FUNC_ENTER_XDATA (?FUNC_ENTER_XDATA)
                                                   ?FUNC_LEAVE_XDATA (?FUNC_LEAVE_XDATA)
                                                   ?RESET_XSP (CSTARTUP)
                                                   ?XSTACK_DISP0_8 (?XSTACK_DISP8)
                                                   crcCheck (bim_main)

    -------------------------------------------------------------------------
  LIBRARY MODULE, NAME : ?MOVE_LONG8_XDATA_IDATA

  SEGMENTS IN THE MODULE
  ======================
<CSTART,NEAR_CODE,RCODE> 1 (was RCODE)
  Relative segment, address: CODE 0000075A - 00000766 (0xd bytes), align: 0
  Segment part 0.
           ENTRY                   ADDRESS         REF BY
           =====                   =======         ======
           ?MOVE_LONG8_XDATA_IDATA
                                   0000075A        ?PUSH_XSTACK_I (?PUSH_XSTACK_I)

    -------------------------------------------------------------------------
  LIBRARY MODULE, NAME : ?US_SHR

  SEGMENTS IN THE MODULE
  ======================
<CSTART,NEAR_CODE,RCODE> 1 (was RCODE)
  Relative segment, address: CODE 0000073C - 0000073E (0x3 bytes), align: 0
  Segment part 1.             Intra module refs:   Segment part 2
           ENTRY                   ADDRESS         REF BY
           =====                   =======         ======
           ?US_SHR                 0000073C        HalFlashWrite (hal_flash)
                                                   main (bim_main)
    -------------------------------------------------------------------------
<CSTART,NEAR_CODE,RCODE> 1 (was RCODE)
  Relative segment, address: CODE 0000073F - 0000074A (0xc bytes), align: 0
  Segment part 2.             Intra module refs:   ?US_SHR

    -------------------------------------------------------------------------
  LIBRARY MODULE, NAME : ?S_SHL

  SEGMENTS IN THE MODULE
  ======================
<CSTART,NEAR_CODE,RCODE> 1 (was RCODE)
  Relative segment, address: CODE 00000706 - 00000708 (0x3 bytes), align: 0
  Segment part 0.
           ENTRY                   ADDRESS         REF BY
           =====                   =======         ======
           ?S_SHL                  00000706        HalFlashRead (hal_flash)
                                                   crcCheck (bim_main)
                                                   main (bim_main)
    -------------------------------------------------------------------------
<CSTART,NEAR_CODE,RCODE> 1 (was RCODE)
  Relative segment, address: CODE 00000709 - 0000070B (0x3 bytes), align: 0
  Segment part 1.             Intra module refs:   Segment part 2
           ENTRY                   ADDRESS         REF BY
           =====                   =======         ======
           ?S_SHL_REW              00000709 
    -------------------------------------------------------------------------
<CSTART,NEAR_CODE,RCODE> 1 (was RCODE)
  Relative segment, address: CODE 0000070C - 00000718 (0xd bytes), align: 0
  Segment part 2.             Intra module refs:   ?S_SHL
                                                   ?S_SHL_REW

    -------------------------------------------------------------------------
  LIBRARY MODULE, NAME : ?ALLOC_XSTACK8

  SEGMENTS IN THE MODULE
  ======================
<CSTART,NEAR_CODE,RCODE> 1 (was RCODE)
  Relative segment, address: CODE 000006F0 - 00000705 (0x16 bytes), align: 0
  Segment part 0.
           ENTRY                   ADDRESS         REF BY
           =====                   =======         ======
           ?ALLOC_XSTACK8          000006F0        crcCheck (bim_main)

    -------------------------------------------------------------------------
  LIBRARY MODULE, NAME : ?DEALLOC_XSTACK8

  SEGMENTS IN THE MODULE
  ======================
<CSTART,NEAR_CODE,RCODE> 1 (was RCODE)
  Relative segment, address: CODE 000006D5 - 000006EF (0x1b bytes), align: 0
  Segment part 0.
           ENTRY                   ADDRESS         REF BY
           =====                   =======         ======
           ?DEALLOC_XSTACK8        000006D5        crcCheck (bim_main)
                                                   main (bim_main)

    -------------------------------------------------------------------------
  LIBRARY MODULE, NAME : ?ADD_XSTACK_DISP8

  SEGMENTS IN THE MODULE
  ======================
<CSTART,NEAR_CODE,RCODE> 1 (was RCODE)
  Relative segment, address: CODE 000006BA - 000006D4 (0x1b bytes), align: 0
  Segment part 1.
           ENTRY                   ADDRESS         REF BY
           =====                   =======         ======
           ?ADD_XSTACK_DISP0_8     000006BA        ?PUSH_XSTACK_I (?PUSH_XSTACK_I)

    -------------------------------------------------------------------------
  LIBRARY MODULE, NAME : ?XSTACK_DISP8

  SEGMENTS IN THE MODULE
  ======================
<CSTART,NEAR_CODE,RCODE> 1 (was RCODE)
  Relative segment, address: CODE 00000767 - 00000770 (0xa bytes), align: 0
  Segment part 1.
           ENTRY                   ADDRESS         REF BY
           =====                   =======         ======
           ?XSTACK_DISP0_8         00000767        HalFlashRead (hal_flash)
                                                   HalFlashWrite (hal_flash)
                                                   crcCheck (bim_main)

    -------------------------------------------------------------------------
  LIBRARY MODULE, NAME : ?FUNC_ENTER_XDATA

  SEGMENTS IN THE MODULE
  ======================
<CSTART,NEAR_CODE,RCODE> 1 (was RCODE)
  Relative segment, address: CODE 000005D8 - 0000063D (0x66 bytes), align: 0
  Segment part 1.
           ENTRY                   ADDRESS         REF BY
           =====                   =======         ======
           ?FUNC_ENTER_XDATA       000005D8        HalFlashRead (hal_flash)
                                                   HalFlashWrite (hal_flash)
                                                   crcCheck (bim_main)

    -------------------------------------------------------------------------
  LIBRARY MODULE, NAME : ?FUNC_LEAVE_XDATA

  SEGMENTS IN THE MODULE
  ======================
<CSTART,NEAR_CODE,RCODE> 1 (was RCODE)
  Relative segment, address: CODE 0000063E - 0000067D (0x40 bytes), align: 0
  Segment part 1.
           ENTRY                   ADDRESS         REF BY
           =====                   =======         ======
           ?FUNC_LEAVE_XDATA       0000063E        HalFlashRead (hal_flash)
                                                   HalFlashWrite (hal_flash)
                                                   crcCheck (bim_main)

    -------------------------------------------------------------------------
  LIBRARY MODULE, NAME : ?PUSH_XSTACK_I

  SEGMENTS IN THE MODULE
  ======================
<CSTART,NEAR_CODE,RCODE> 1 (was RCODE)
  Relative segment, address: CODE 0000072B - 0000072E (0x4 bytes), align: 0
  Segment part 2.
           ENTRY                   ADDRESS         REF BY
           =====                   =======         ======
           ?PUSH_XSTACK_I_TWO      0000072B        crcCheck (bim_main)
                                                   main (bim_main)
    -------------------------------------------------------------------------
<CSTART,NEAR_CODE,RCODE> 1 (was RCODE)
  Relative segment, address: CODE 0000072F - 0000073B (0xd bytes), align: 0
  Segment part 4.             Intra module refs:   ?PUSH_XSTACK_I_TWO
           ENTRY                   ADDRESS         REF BY
           =====                   =======         ======
           ?PUSH_XSTACK_I          0000072F 

    *************************************************************************

  DEFINED ABSOLUTE ENTRIES
  PROGRAM MODULE, NAME : ?FILLER_BYTES

  SEGMENTS IN THE MODULE
  ======================
INTVEC
  Common segment, address: CODE 00000000 - 00000093 (0x94 bytes), align: 0
  Segment part 1.
    -------------------------------------------------------------------------
?FILL1
  Relative segment, address: CODE 00000776 - 000007FF (0x8a bytes), align: 0
  Segment part 0.




                ****************************************
                *                                      *
                *            MODULE SUMMARY            *
                *                                      *
                ****************************************

Module                    CODE      DATA         XDATA      IDATA    BIT
------                    ----      ----         -----      -----    ---
                         (Rel)  (Rel)  (Abs)  (Rel)  (Abs)  (Rel)  (Rel)
?ADD_XSTACK_DISP8           27
?ALLOC_XSTACK8              22
?DEALLOC_XSTACK8            27
?FILLER_BYTES              138
  + common                 148
?FUNC_ENTER_XDATA          102
?FUNC_LEAVE_XDATA           64
?MOVE_LONG8_XDATA_IDATA     13
?PUSH_XSTACK_I              17
?S_SHL                      19
?US_SHR                     15
?XSTACK_DISP8               10
?cexit                       5
?cmain                      60
CSTARTUP                    15
  + common                   3
VIRTUAL_REGISTERS                   3                                  8
bim_ivec                    18
  + common                 142
bim_main                 1 088            13    203      6
  + shared                 148             1
  + common
hal_flash                  260             3
N/A (command line)                 24           384           192
N/A (alignment)
----------               -----     --     --    ---      -    ---      -
Total:                   1 900     27     17    587      6    192      8
  + common                 148


                ****************************************
                *                                      *
                *              CALL GRAPH              *
                *                                      *
                ****************************************

  ->Sub-tree of type: Interrupt function tree that does not make
                    : indirect calls
                             XSTACK   ISTACK
    | Stack used (prev) :  00000000 00000000
  01  uart1RX_isr
      | Stack used (prev) :  00000000 00000000
      | + function block  :  00000000 00000009
  <-Sub-tree of type: Interrupt function tree that does not make
                    : indirect calls
    | Stack used          :  00000000 00000009


  ->Sub-tree of type: Function tree
                             XSTACK   ISTACK
    | Stack used (prev) :  00000000 00000009
  02    exit
        | Stack used (prev) :  00000000 00000009
        | + function block  :  00000000 00000000
  01  ?cmain
      | Stack used (prev) :  00000000 00000009
      | + function block  :  00000000 00000000
  <-Sub-tree of type: Function tree
    | Stack used          :  00000000 00000009


  ->Sub-tree of type: Function tree
                             XSTACK   ISTACK
    | Stack used (prev) :  00000000 00000009
  03      HalFlashErase
          | Stack used (prev) :  00000000 00000009
          | + function block  :  00000000 00000002
  03      HalFlashWrite
          | Stack used (prev) :  00000000 00000009
          | + function block  :  0000000B 00000000
  03      HalFlashRead
          | Stack used (prev) :  00000000 00000009
          | + function block  :  0000000D 00000001
  03      SPI_READ
          | Stack used (prev) :  00000000 00000009
          | + function block  :  00000000 00000002
  04        HalFlashRead
            | Stack used (prev) :  00000000 00000009
            | + function block  :  0000000D 00000001
            |  Already listed
  03      crcCheck
          | Stack used (prev) :  0000000D 0000000A
          | + function block  :  0000011E 00000000
  02    main
        | Stack used (prev) :  0000012B 0000000B
        | + function block  :  00000000 00000000
  01  ?call_main
      | Stack used (prev) :  0000012B 0000000B
      | + function block  :  00000000 00000000
  <-Sub-tree of type: Function tree
    | Stack used          :  0000012B 0000000B


  ->Sub-tree of type: Function tree
                             XSTACK   ISTACK
    | Stack used (prev) :  0000012B 0000000B
  01  __program_start
      | Stack used (prev) :  0000012B 0000000B
      | + function block  :  00000000 00000000
  <-Sub-tree of type: Function tree
    | Stack used          :  0000012B 0000000B




                ****************************************
                *                                      *
                *      SEGMENTS IN ADDRESS ORDER       *
                *                                      *
                ****************************************


SEGMENT              SPACE    START ADDRESS   END ADDRESS     SIZE  TYPE  ALIGN
=======              =====    =============   ===========     ====  ====  =====
INTVEC               CODE          00000000 - 00000093          94   com    0
PDATA_ID             CODE               00000094                     dse    0
IXDATA_ID            CODE               00000094                     dse    0
IDATA_ID             CODE               00000094                     dse    0
DATA_ID              CODE               00000094                     dse    0
BIT_ID               CODE               00000094                     dse    0
BDATA_ID             CODE               00000094                     dse    0
XDATA_ID             CODE          00000094 - 0000009E           B   rel    0
<CSTART,NEAR_CODE,RCODE> 1
                     CODE          0000009F - 00000775         6D7   rel    0
?FILL1               CODE          00000776 - 000007FF          8A   rel    0
REGISTERS            DATA          00000000 - 00000007           8   rel    0
DATA_AN              DATA          00000009 - 00000009           1   rel    0
VREG                 DATA          0000000A - 0000001A          11   rel    0
PSP                  DATA               0000001B                     dse    0
XSP                  DATA          0000001B - 0000001C           2   rel    0
BREG                 BIT        00000020.0  -  00000020.7        8   rel    0
SFR_AN               DATA          00000086 - 00000086           1   rel    0
                     DATA          00000088 - 00000088           1 
                     DATA          0000009E - 0000009E           1 
                     DATA          000000A8 - 000000A8           1 
                     DATA          000000C1 - 000000C2           2 
                     DATA          000000C4 - 000000C7           4 
                     DATA          000000C9 - 000000C9           1 
                     DATA          000000D1 - 000000D1           1 
                     DATA          000000D4 - 000000D6           3 
                     DATA          000000F3 - 000000F3           1 
XSTACK               XDATA         00000000 - 0000017F         180   rel    0
XDATA_Z              XDATA         00000180 - 000001A1          22   rel    0
XDATA_I              XDATA         000001A2 - 000001AC           B   rel    0
<XDATA_N> 1          XDATA         000001AD - 0000024A          9E   rel    0
XDATA_AN             XDATA         0000780E - 00007813           6   rel    0
ISTACK               IDATA         00000040 - 000000FF          C0   rel    0

                ****************************************
                *                                      *
                *        END OF CROSS REFERENCE        *
                *                                      *
                ****************************************

 1 910 bytes of CODE  memory (+             138 range fill )
    27 bytes of DATA  memory (+ 17 absolute )
   587 bytes of XDATA memory (+  6 absolute )
   192 bytes of IDATA memory
     8 bits  of BIT   memory

Errors: none
Warnings: none

