###############################################################################
#
# IAR ELF Linker V7.30.4.8167/W32 for ARM                 28/Dec/2016  12:03:38
# Copyright 2007-2014 IAR Systems AB.
#
#    Output file  =  
#        D:\uvutechnology-exam\i2watch\trunk\I4_H\MCU
#        Firmware\I4S\projects\ihealthtrack\iar\i4_H-debug\Exe\rockband0_MCU_H.out
#    Map file     =  
#        D:\uvutechnology-exam\i2watch\trunk\I4_H\MCU
#        Firmware\I4S\projects\ihealthtrack\iar\i4_H-debug\List\rockband0_MCU_H.map
#    Command line =  
#        "D:\uvutechnology-exam\i2watch\trunk\I4_H\MCU
#        Firmware\I4S\projects\ihealthtrack\iar\i4_H-debug\Obj\AD7156.o"
#        "D:\uvutechnology-exam\i2watch\trunk\I4_H\MCU
#        Firmware\I4S\projects\ihealthtrack\iar\i4_H-debug\Obj\adc.o"
#        "D:\uvutechnology-exam\i2watch\trunk\I4_H\MCU
#        Firmware\I4S\projects\ihealthtrack\iar\i4_H-debug\Obj\AFE44x0.o"
#        "D:\uvutechnology-exam\i2watch\trunk\I4_H\MCU
#        Firmware\I4S\projects\ihealthtrack\iar\i4_H-debug\Obj\BLE-LEUART-DMA.o"
#        "D:\uvutechnology-exam\i2watch\trunk\I4_H\MCU
#        Firmware\I4S\projects\ihealthtrack\iar\i4_H-debug\Obj\BMM150.o"
#        "D:\uvutechnology-exam\i2watch\trunk\I4_H\MCU
#        Firmware\I4S\projects\ihealthtrack\iar\i4_H-debug\Obj\bsp.o"
#        "D:\uvutechnology-exam\i2watch\trunk\I4_H\MCU
#        Firmware\I4S\projects\ihealthtrack\iar\i4_H-debug\Obj\caplesense.o"
#        "D:\uvutechnology-exam\i2watch\trunk\I4_H\MCU
#        Firmware\I4S\projects\ihealthtrack\iar\i4_H-debug\Obj\CapTouchDetect.o"
#        "D:\uvutechnology-exam\i2watch\trunk\I4_H\MCU
#        Firmware\I4S\projects\ihealthtrack\iar\i4_H-debug\Obj\clock.o"
#        "D:\uvutechnology-exam\i2watch\trunk\I4_H\MCU
#        Firmware\I4S\projects\ihealthtrack\iar\i4_H-debug\Obj\clockApp.o"
#        "D:\uvutechnology-exam\i2watch\trunk\I4_H\MCU
#        Firmware\I4S\projects\ihealthtrack\iar\i4_H-debug\Obj\common_vars.o"
#        "D:\uvutechnology-exam\i2watch\trunk\I4_H\MCU
#        Firmware\I4S\projects\ihealthtrack\iar\i4_H-debug\Obj\cortex-m_faults.o"
#        "D:\uvutechnology-exam\i2watch\trunk\I4_H\MCU
#        Firmware\I4S\projects\ihealthtrack\iar\i4_H-debug\Obj\crc.o"
#        "D:\uvutechnology-exam\i2watch\trunk\I4_H\MCU
#        Firmware\I4S\projects\ihealthtrack\iar\i4_H-debug\Obj\data_gather.o"
#        "D:\uvutechnology-exam\i2watch\trunk\I4_H\MCU
#        Firmware\I4S\projects\ihealthtrack\iar\i4_H-debug\Obj\DelayUsingTimerInt.o"
#        "D:\uvutechnology-exam\i2watch\trunk\I4_H\MCU
#        Firmware\I4S\projects\ihealthtrack\iar\i4_H-debug\Obj\Device_task.o"
#        "D:\uvutechnology-exam\i2watch\trunk\I4_H\MCU
#        Firmware\I4S\projects\ihealthtrack\iar\i4_H-debug\Obj\display_task.o"
#        "D:\uvutechnology-exam\i2watch\trunk\I4_H\MCU
#        Firmware\I4S\projects\ihealthtrack\iar\i4_H-debug\Obj\dmactrl.o"
#        "D:\uvutechnology-exam\i2watch\trunk\I4_H\MCU
#        Firmware\I4S\projects\ihealthtrack\iar\i4_H-debug\Obj\drv2605.o"
#        "D:\uvutechnology-exam\i2watch\trunk\I4_H\MCU
#        Firmware\I4S\projects\ihealthtrack\iar\i4_H-debug\Obj\em_acmp.o"
#        "D:\uvutechnology-exam\i2watch\trunk\I4_H\MCU
#        Firmware\I4S\projects\ihealthtrack\iar\i4_H-debug\Obj\em_adc.o"
#        "D:\uvutechnology-exam\i2watch\trunk\I4_H\MCU
#        Firmware\I4S\projects\ihealthtrack\iar\i4_H-debug\Obj\em_burtc.o"
#        "D:\uvutechnology-exam\i2watch\trunk\I4_H\MCU
#        Firmware\I4S\projects\ihealthtrack\iar\i4_H-debug\Obj\em_cmu.o"
#        "D:\uvutechnology-exam\i2watch\trunk\I4_H\MCU
#        Firmware\I4S\projects\ihealthtrack\iar\i4_H-debug\Obj\em_dma.o"
#        "D:\uvutechnology-exam\i2watch\trunk\I4_H\MCU
#        Firmware\I4S\projects\ihealthtrack\iar\i4_H-debug\Obj\em_emu.o"
#        "D:\uvutechnology-exam\i2watch\trunk\I4_H\MCU
#        Firmware\I4S\projects\ihealthtrack\iar\i4_H-debug\Obj\em_gpio.o"
#        "D:\uvutechnology-exam\i2watch\trunk\I4_H\MCU
#        Firmware\I4S\projects\ihealthtrack\iar\i4_H-debug\Obj\em_i2c.o"
#        "D:\uvutechnology-exam\i2watch\trunk\I4_H\MCU
#        Firmware\I4S\projects\ihealthtrack\iar\i4_H-debug\Obj\em_int.o"
#        "D:\uvutechnology-exam\i2watch\trunk\I4_H\MCU
#        Firmware\I4S\projects\ihealthtrack\iar\i4_H-debug\Obj\em_lcd.o"
#        "D:\uvutechnology-exam\i2watch\trunk\I4_H\MCU
#        Firmware\I4S\projects\ihealthtrack\iar\i4_H-debug\Obj\em_lesense.o"
#        "D:\uvutechnology-exam\i2watch\trunk\I4_H\MCU
#        Firmware\I4S\projects\ihealthtrack\iar\i4_H-debug\Obj\em_letimer.o"
#        "D:\uvutechnology-exam\i2watch\trunk\I4_H\MCU
#        Firmware\I4S\projects\ihealthtrack\iar\i4_H-debug\Obj\em_leuart.o"
#        "D:\uvutechnology-exam\i2watch\trunk\I4_H\MCU
#        Firmware\I4S\projects\ihealthtrack\iar\i4_H-debug\Obj\em_msc.o"
#        "D:\uvutechnology-exam\i2watch\trunk\I4_H\MCU
#        Firmware\I4S\projects\ihealthtrack\iar\i4_H-debug\Obj\em_prs.o"
#        "D:\uvutechnology-exam\i2watch\trunk\I4_H\MCU
#        Firmware\I4S\projects\ihealthtrack\iar\i4_H-debug\Obj\em_rmu.o"
#        "D:\uvutechnology-exam\i2watch\trunk\I4_H\MCU
#        Firmware\I4S\projects\ihealthtrack\iar\i4_H-debug\Obj\em_rtc.o"
#        "D:\uvutechnology-exam\i2watch\trunk\I4_H\MCU
#        Firmware\I4S\projects\ihealthtrack\iar\i4_H-debug\Obj\em_system.o"
#        "D:\uvutechnology-exam\i2watch\trunk\I4_H\MCU
#        Firmware\I4S\projects\ihealthtrack\iar\i4_H-debug\Obj\em_timer.o"
#        "D:\uvutechnology-exam\i2watch\trunk\I4_H\MCU
#        Firmware\I4S\projects\ihealthtrack\iar\i4_H-debug\Obj\em_usart.o"
#        "D:\uvutechnology-exam\i2watch\trunk\I4_H\MCU
#        Firmware\I4S\projects\ihealthtrack\iar\i4_H-debug\Obj\em_vcmp.o"
#        "D:\uvutechnology-exam\i2watch\trunk\I4_H\MCU
#        Firmware\I4S\projects\ihealthtrack\iar\i4_H-debug\Obj\em_wdog.o"
#        "D:\uvutechnology-exam\i2watch\trunk\I4_H\MCU
#        Firmware\I4S\projects\ihealthtrack\iar\i4_H-debug\Obj\flash_task.o"
#        "D:\uvutechnology-exam\i2watch\trunk\I4_H\MCU
#        Firmware\I4S\projects\ihealthtrack\iar\i4_H-debug\Obj\GlobalData.o"
#        "D:\uvutechnology-exam\i2watch\trunk\I4_H\MCU
#        Firmware\I4S\projects\ihealthtrack\iar\i4_H-debug\Obj\heap_1.o"
#        "D:\uvutechnology-exam\i2watch\trunk\I4_H\MCU
#        Firmware\I4S\projects\ihealthtrack\iar\i4_H-debug\Obj\i2c_driver.o"
#        "D:\uvutechnology-exam\i2watch\trunk\I4_H\MCU
#        Firmware\I4S\projects\ihealthtrack\src\iar_cortexM4lf_math.a"
#        "D:\uvutechnology-exam\i2watch\trunk\I4_H\MCU
#        Firmware\I4S\projects\ihealthtrack\iar\i4_H-debug\Obj\interrupt.o"
#        "D:\uvutechnology-exam\i2watch\trunk\I4_H\MCU
#        Firmware\I4S\projects\ihealthtrack\iar\i4_H-debug\Obj\L3GD20H.o"
#        "D:\uvutechnology-exam\i2watch\trunk\I4_H\MCU
#        Firmware\I4S\projects\ihealthtrack\iar\i4_H-debug\Obj\led_font.o"
#        "D:\uvutechnology-exam\i2watch\trunk\I4_H\MCU
#        Firmware\I4S\projects\ihealthtrack\iar\i4_H-debug\Obj\list.o"
#        "D:\uvutechnology-exam\i2watch\trunk\I4_H\MCU
#        Firmware\I4S\projects\ihealthtrack\iar\i4_H-debug\Obj\low_power_tick_management.o"
#        "D:\uvutechnology-exam\i2watch\trunk\I4_H\MCU
#        Firmware\I4S\projects\ihealthtrack\iar\i4_H-debug\Obj\LPS22HB.o"
#        "D:\uvutechnology-exam\i2watch\trunk\I4_H\MCU
#        Firmware\I4S\projects\ihealthtrack\iar\i4_H-debug\Obj\M00930.o"
#        "D:\uvutechnology-exam\i2watch\trunk\I4_H\MCU
#        Firmware\I4S\projects\ihealthtrack\iar\i4_H-debug\Obj\m25pxx.o"
#        "D:\uvutechnology-exam\i2watch\trunk\I4_H\MCU
#        Firmware\I4S\projects\ihealthtrack\iar\i4_H-debug\Obj\main.o"
#        "D:\uvutechnology-exam\i2watch\trunk\I4_H\MCU
#        Firmware\I4S\projects\ihealthtrack\iar\i4_H-debug\Obj\mcp9804.o"
#        "D:\uvutechnology-exam\i2watch\trunk\I4_H\MCU
#        Firmware\I4S\projects\ihealthtrack\iar\i4_H-debug\Obj\mems.o"
#        "D:\uvutechnology-exam\i2watch\trunk\I4_H\MCU
#        Firmware\I4S\projects\ihealthtrack\iar\i4_H-debug\Obj\mems_tracking.o"
#        "D:\uvutechnology-exam\i2watch\trunk\I4_H\MCU
#        Firmware\I4S\projects\ihealthtrack\iar\i4_H-debug\Obj\Menu.o"
#        "D:\uvutechnology-exam\i2watch\trunk\I4_H\MCU
#        Firmware\I4S\projects\ihealthtrack\iar\i4_H-debug\Obj\notification.o"
#        "D:\uvutechnology-exam\i2watch\trunk\I4_H\MCU
#        Firmware\I4S\projects\ihealthtrack\iar\i4_H-debug\Obj\port.o"
#        "D:\uvutechnology-exam\i2watch\trunk\I4_H\MCU
#        Firmware\I4S\projects\ihealthtrack\iar\i4_H-debug\Obj\portasm.o"
#        "D:\uvutechnology-exam\i2watch\trunk\I4_H\MCU
#        Firmware\I4S\projects\ihealthtrack\iar\i4_H-debug\Obj\queue.o"
#        "D:\uvutechnology-exam\i2watch\trunk\I4_H\MCU
#        Firmware\I4S\projects\ihealthtrack\iar\i4_H-debug\Obj\Si14x.o"
#        "D:\uvutechnology-exam\i2watch\trunk\I4_H\MCU
#        Firmware\I4S\projects\ihealthtrack\iar\i4_H-debug\Obj\signal_proc.o"
#        "D:\uvutechnology-exam\i2watch\trunk\I4_H\MCU
#        Firmware\I4S\projects\ihealthtrack\iar\i4_H-debug\Obj\sleep.o"
#        "D:\uvutechnology-exam\i2watch\trunk\I4_H\MCU
#        Firmware\I4S\projects\ihealthtrack\iar\i4_H-debug\Obj\startup_efm32wg.o"
#        "D:\uvutechnology-exam\i2watch\trunk\I4_H\MCU
#        Firmware\I4S\projects\ihealthtrack\iar\i4_H-debug\Obj\subMenu.o"
#        "D:\uvutechnology-exam\i2watch\trunk\I4_H\MCU
#        Firmware\I4S\projects\ihealthtrack\iar\i4_H-debug\Obj\sys_sharing_source.o"
#        "D:\uvutechnology-exam\i2watch\trunk\I4_H\MCU
#        Firmware\I4S\projects\ihealthtrack\iar\i4_H-debug\Obj\system_efm32wg.o"
#        "D:\uvutechnology-exam\i2watch\trunk\I4_H\MCU
#        Firmware\I4S\projects\ihealthtrack\iar\i4_H-debug\Obj\tasks.o" -o
#        "D:\uvutechnology-exam\i2watch\trunk\I4_H\MCU
#        Firmware\I4S\projects\ihealthtrack\iar\i4_H-debug\Exe\rockband0_MCU_H.out"
#        --map "D:\uvutechnology-exam\i2watch\trunk\I4_H\MCU
#        Firmware\I4S\projects\ihealthtrack\iar\i4_H-debug\List\rockband0_MCU_H.map"
#        --config "D:\uvutechnology-exam\i2watch\trunk\I4_H\MCU
#        Firmware\I4S\projects\ihealthtrack\iar\ihealthtrack.icf" --entry
#        __iar_program_start --redirect __write=__write_buffered --vfe
#
###############################################################################

*******************************************************************************
*** RUNTIME MODEL ATTRIBUTES
***

CppFlavor       = *
__Heap_Handler  = DLMalloc
__SystemLibrary = DLib


*******************************************************************************
*** PLACEMENT SUMMARY
***

"A1":  place at 0x00000000 { ro section .intvec };
"P1":  place in [from 0x00000000 to 0x0003ffff] { ro };
"P2":  place in [from 0x20000000 to 0x20007fff] { rw, block CSTACK, block HEAP };

  Section             Kind        Address     Size  Object
  -------             ----        -------     ----  ------
"A1":                                         0xe0
  .intvec             ro code  0x00000000     0xe0  startup_efm32wg.o [1]
                             - 0x000000e0     0xe0

"P1":                                      0x2f402
  .rodata             const    0x000000e0  0x13458  arm_common_tables.o [4]
  .text               ro code  0x00013538   0x395c  BLE-LEUART-DMA.o [1]
  .text               ro code  0x00016e94    0x280  DelayUsingTimerInt.o [1]
  .text               ro code  0x00017114     0x66  ABImemset.o [6]
  .text               ro code  0x0001717a     0x22  zero_init3.o [6]
  .text               ro code  0x0001719c     0x76  ABImemcpy_unaligned.o [6]
  .text               ro code  0x00017212      0xa  xsprout.o [3]
  .text               ro code  0x0001721c    0xc78  em_cmu.o [1]
  .text               ro code  0x00017e94    0x10a  em_leuart.o [1]
  .rodata             const    0x00017f9e      0x2  BLE-LEUART-DMA.o [1]
  .text               ro code  0x00017fa0    0x1b0  em_gpio.o [1]
  .text               ro code  0x00018150    0x3ac  em_dma.o [1]
  .text               ro code  0x000184fc    0x518  queue.o [1]
  .text               ro code  0x00018a14    0xd14  flash_task.o [1]
  .text               ro code  0x00019728   0x1090  sys_sharing_source.o [1]
  .text               ro code  0x0001a7b8    0x8f8  tasks.o [1]
  .text               ro code  0x0001b0b0    0x2bc  main.o [1]
  .text               ro code  0x0001b36c    0x9e0  m25pxx.o [1]
  .text               ro code  0x0001bd4c   0x1518  dlmalloc.o [3]
  .text               ro code  0x0001d264    0x820  AFE44x0.o [1]
  .text               ro code  0x0001da84     0x76  crc.o [1]
  .rodata             const    0x0001dafa      0x2  CapTouchDetect.o [1]
  .text               ro code  0x0001dafc   0x1fac  subMenu.o [1]
  .text               ro code  0x0001faa8    0x2ec  M00930.o [1]
  .text               ro code  0x0001fd94     0x30  I32ToDbl.o [5]
  .text               ro code  0x0001fdc4    0x246  DblDiv.o [5]
  .text               ro code  0x0002000c     0x90  DblToFlt.o [5]
  Veneer              ro code  0x0002009c      0x8  - Linker created -
  Veneer              ro code  0x000200a4      0x8  - Linker created -
  .text               ro code  0x000200ac    0x730  GlobalData.o [1]
  .text               ro code  0x000207dc    0x328  clockApp.o [1]
  .text               ro code  0x00020b04     0xc0  clock.o [1]
  .text               ro code  0x00020bc4    0x32c  CapTouchDetect.o [1]
  .text               ro code  0x00020ef0    0x8c4  Menu.o [1]
  .text               ro code  0x000217b4     0x98  notification.o [1]
  .text               ro code  0x0002184c     0x6e  ceil.o [5]
  .text               ro code  0x000218bc     0x58  DblToI32.o [5]
  .text               ro code  0x00021914     0xce  em_timer.o [1]
  .text               ro code  0x000219e4    0x148  system_efm32wg.o [1]
  .text               ro code  0x00021b2c    0x258  em_emu.o [1]
  .text               ro code  0x00021d84    0x164  port.o [1]
  .text               ro code  0x00021ee8     0x9e  list.o [1]
  .text               ro code  0x00021f88     0x74  heap_1.o [1]
  CODE                ro code  0x00021ffc     0xb4  portasm.o [1]
  .text               ro code  0x000220b0    0x536  data_gather.o [1]
  .text               ro code  0x000225e8    0x1f0  em_adc.o [1]
  .text               ro code  0x000227d8     0x4e  FltToDbl.o [5]
  .text               ro code  0x00022828    0x1a2  DblMul.o [5]
  .text               ro code  0x000229cc     0xe8  DblAdd.o [5]
  .text               ro code  0x00022ab4    0x274  drv2605.o [1]
  .text               ro code  0x00022d28    0xb76  mems.o [1]
  .text               ro code  0x000238a0    0x448  mcp9804.o [1]
  .text               ro code  0x00023ce8    0x704  Si14x.o [1]
  .text               ro code  0x000243ec    0x348  caplesense.o [1]
  .text               ro code  0x00024734    0x12c  em_rmu.o [1]
  .text               ro code  0x00024860     0xb2  em_letimer.o [1]
  .text               ro code  0x00024914     0x84  em_rtc.o [1]
  .text               ro code  0x00024998     0xec  em_wdog.o [1]
  .text               ro code  0x00024a84    0x2a4  low_power_tick_management.o [1]
  .text               ro code  0x00024d28     0x30  em_system.o [1]
  .text               ro code  0x00024d58   0x1080  Device_task.o [1]
  .text               ro code  0x00025dd8    0x348  display_task.o [1]
  .text               ro code  0x00026120    0x11c  sleep.o [1]
  .text               ro code  0x0002623c    0x1c4  bsp.o [1]
  .text               ro code  0x00026400    0x114  em_usart.o [1]
  .text               ro code  0x00026514      0x6  ABImemclr4.o [6]
  .text               ro code  0x0002651a      0x6  abort.o [3]
  .text               ro code  0x00026520     0x2c  xgetmemchunk.o [3]
  .text               ro code  0x0002654c    0x884  signal_proc.o [1]
  .text               ro code  0x00026dd0    0xee8  mems_tracking.o [1]
  .text               ro code  0x00027cb8     0x34  sprintf.o [3]
  .text               ro code  0x00027cec     0x36  strlen.o [6]
  .text               ro code  0x00027d24    0x3fc  em_i2c.o [1]
  .text               ro code  0x00028120    0x1c0  i2c_driver.o [1]
  .text               ro code  0x000282e0    0x180  DblSub.o [5]
  .text               ro code  0x00028460     0xa4  em_msc.o [1]
  .text               ro code  0x00028504    0x128  em_burtc.o [1]
  .text               ro code  0x0002862c     0xb6  localtim.o [3]
  .text               ro code  0x000286e4     0xd0  mktime.o [3]
  .text               ro code  0x000287b4      0x8  abs.o [3]
  .text               ro code  0x000287bc     0x74  em_acmp.o [1]
  .text               ro code  0x00028830    0x424  em_lesense.o [1]
  .text               ro code  0x00028c54     0x32  ABImemset48.o [6]
  .text               ro code  0x00028c88      0xc  XXexit.o [6]
  .text               ro code  0x00028c94    0x144  arm_rfft_fast_init_f32.o [4]
  .text               ro code  0x00028dd8    0x194  arm_rfft_fast_f32.o [4]
  .text               ro code  0x00028f6c    0x10a  arm_cmplx_mag_f32.o [4]
  .text               ro code  0x00029078    0x100  sqrt.o [5]
  .text               ro code  0x00029178    0xc02  xprintflarge_nomb.o [3]
  .text               ro code  0x00029d7a      0x2  xtls.o [3]
  .text               ro code  0x00029d7c     0x29  setlocale.o [3]
  .text               ro code  0x00029da8      0xa  getzone.o [3]
  .text               ro code  0x00029db2     0x42  xgettime.o [3]
  .text               ro code  0x00029df4     0x86  xstol.o [3]
  .text               ro code  0x00029e7c    0x188  xttotm.o [3]
  .text               ro code  0x0002a004    0x748  arm_cfft_f32.o [4]
  .text               ro code  0x0002a74c     0x1c  sqrtf.o [5]
  .text               ro code  0x0002a768      0xc  iarEdom.o [6]
  .text               ro code  0x0002a774     0x16  strchr.o [6]
  .text               ro code  0x0002a78c     0x58  memchr.o [6]
  .text               ro code  0x0002a7e4     0xee  I64DivMod.o [6]
  .text               ro code  0x0002a8d2     0x42  xdnorm.o [5]
  .text               ro code  0x0002a914     0x2e  DblCmpLe.o [5]
  .text               ro code  0x0002a942      0xe  div.o [3]
  .text               ro code  0x0002a950    0x198  xstoul.o [3]
  .text               ro code  0x0002aae8      0xc  errno.o [3]
  .text               ro code  0x0002aaf4    0x134  xisdst.o [3]
  .text               ro code  0x0002ac28    0x560  arm_cfft_radix8_f32.o [4]
  .text               ro code  0x0002b188     0x6a  arm_bitreversal2.o [4]
  .text               ro code  0x0002b1f4      0x2  I64DivZer.o [6]
  .text               ro code  0x0002b1f6    0x164  xgetdst.o [3]
  .rodata             const    0x0002b35c    0xd5c  led_font.o [1]
  .rodata             const    0x0002c0b8    0xa00  led_font.o [1]
  .rodata             const    0x0002cab8    0x5f0  led_font.o [1]
  .rodata             const    0x0002d0a8    0x370  led_font.o [1]
  .rodata             const    0x0002d418    0x2d0  led_font.o [1]
  .rodata             const    0x0002d6e8    0x2a0  led_font.o [1]
  .rodata             const    0x0002d988    0x200  caplesense.o [1]
  .rodata             const    0x0002db88    0x200  caplesense.o [1]
  .text               ro code  0x0002dd88    0x1c2  lz77_init.o [6]
  .rodata             const    0x0002df4c    0x1a4  led_font.o [1]
  .rodata             const    0x0002e0f0    0x180  led_font.o [1]
  .rodata             const    0x0002e270    0x160  led_font.o [1]
  .text               ro code  0x0002e3d0    0x118  cortex-m_faults.o [1]
  .rodata             const    0x0002e4e8    0x100  led_font.o [1]
  .rodata             const    0x0002e5e8    0x100  led_font.o [1]
  .rodata             const    0x0002e6e8    0x100  led_font.o [1]
  .rodata             const    0x0002e7e8     0xfc  led_font.o [1]
  .rodata             const    0x0002e8e4     0xf0  led_font.o [1]
  .rodata             const    0x0002e9d4     0xc0  led_font.o [1]
  .text               ro code  0x0002ea94     0xa4  interrupt.o [1]
  .rodata             const    0x0002eb38     0x58  led_font.o [1]
  .rodata             const    0x0002eb90     0x50  led_font.o [1]
  .rodata             const    0x0002ebe0     0x40  caplesense.o [1]
  .rodata             const    0x0002ec20     0x40  led_font.o [1]
  .rodata             const    0x0002ec60     0x40  led_font.o [1]
  .rodata             const    0x0002eca0     0x40  led_font.o [1]
  .rodata             const    0x0002ece0     0x3c  led_font.o [1]
  .rodata             const    0x0002ed1c     0x3c  led_font.o [1]
  .rodata             const    0x0002ed58     0x30  led_font.o [1]
  .rodata             const    0x0002ed88     0x30  led_font.o [1]
  .rodata             const    0x0002edb8     0x30  signal_proc.o [1]
  .text               ro code  0x0002ede8     0x28  data_init.o [6]
  .text               ro code  0x0002ee10     0x22  fpinit_M.o [5]
  .iar.init_table     const    0x0002ee34     0x2c  - Linker created -
  .rodata             const    0x0002ee60     0x20  led_font.o [1]
  .rodata             const    0x0002ee80     0x20  led_font.o [1]
  .rodata             const    0x0002eea0     0x1c  led_font.o [1]
  .rodata             const    0x0002eebc     0x1c  led_font.o [1]
  .text               ro code  0x0002eed8     0x1a  cmain.o [6]
  .text               ro code  0x0002eef2      0x4  low_level_init.o [3]
  .text               ro code  0x0002eef6      0x4  exit.o [3]
  .text               ro code  0x0002eefc      0xa  cexit.o [6]
  .rodata             const    0x0002ef08     0x18  AFE44x0.o [1]
  .rodata             const    0x0002ef20     0x18  BLE-LEUART-DMA.o [1]
  .rodata             const    0x0002ef38     0x18  m25pxx.o [1]
  .rodata             const    0x0002ef50     0x18  mems.o [1]
  .rodata             const    0x0002ef68     0x14  caplesense.o [1]
  .rodata             const    0x0002ef7c     0x14  clockApp.o [1]
  .rodata             const    0x0002ef90     0x14  led_font.o [1]
  .rodata             const    0x0002efa4     0x10  BLE-LEUART-DMA.o [1]
  .rodata             const    0x0002efb4     0x10  DelayUsingTimerInt.o [1]
  .rodata             const    0x0002efc4     0x10  display_task.o [1]
  .rodata             const    0x0002efd4     0x10  M00930.o [1]
  .rodata             const    0x0002efe4     0x10  mcp9804.o [1]
  .rodata             const    0x0002eff4     0x10  Si14x.o [1]
  .text               ro code  0x0002f004     0x10  startup_efm32wg.o [1]
  .rodata             const    0x0002f014      0xc  BLE-LEUART-DMA.o [1]
  .rodata             const    0x0002f020      0xc  BLE-LEUART-DMA.o [1]
  .rodata             const    0x0002f02c      0xc  bsp.o [1]
  .rodata             const    0x0002f038      0xc  clockApp.o [1]
  .rodata             const    0x0002f044      0xc  Device_task.o [1]
  .rodata             const    0x0002f050      0xc  Device_task.o [1]
  .rodata             const    0x0002f05c      0xc  flash_task.o [1]
  .rodata             const    0x0002f068      0xc  m25pxx.o [1]
  .rodata             const    0x0002f074      0xc  mems_tracking.o [1]
  .rodata             const    0x0002f080      0xc  mems_tracking.o [1]
  .rodata             const    0x0002f08c      0xc  subMenu.o [1]
  .rodata             const    0x0002f098      0xc  sys_sharing_source.o [1]
  .text               ro code  0x0002f0a4      0xc  cstartup_M.o [6]
  .rodata             const    0x0002f0b0      0x8  BLE-LEUART-DMA.o [1]
  .rodata             const    0x0002f0b8      0x8  BLE-LEUART-DMA.o [1]
  .rodata             const    0x0002f0c0      0x8  Device_task.o [1]
  .rodata             const    0x0002f0c8      0x8  display_task.o [1]
  .rodata             const    0x0002f0d0      0x8  flash_task.o [1]
  .rodata             const    0x0002f0d8      0x8  flash_task.o [1]
  .rodata             const    0x0002f0e0      0x8  led_font.o [1]
  .rodata             const    0x0002f0e8      0x8  subMenu.o [1]
  .rodata             const    0x0002f0f0      0x8  subMenu.o [1]
  .rodata             const    0x0002f0f8      0x8  subMenu.o [1]
  .rodata             const    0x0002f100      0x8  subMenu.o [1]
  .rodata             const    0x0002f108      0x8  sys_sharing_source.o [1]
  .rodata             const    0x0002f110      0x8  tasks.o [1]
  .rodata             const    0x0002f118      0x4  clockApp.o [1]
  .rodata             const    0x0002f11c      0x4  em_i2c.o [1]
  .rodata             const    0x0002f120      0x4  Menu.o [1]
  .rodata             const    0x0002f124      0x4  Menu.o [1]
  .rodata             const    0x0002f128      0x4  port.o [1]
  .rodata             const    0x0002f12c      0x4  Si14x.o [1]
  .rodata             const    0x0002f130      0x4  sys_sharing_source.o [1]
  .text               ro code  0x0002f134      0x4  startup_efm32wg.o [1]
  .text               ro code  0x0002f138      0x4  startup_efm32wg.o [1]
  .text               ro code  0x0002f13c      0x4  startup_efm32wg.o [1]
  .text               ro code  0x0002f140      0x4  startup_efm32wg.o [1]
  .text               ro code  0x0002f144      0x4  startup_efm32wg.o [1]
  .text               ro code  0x0002f148      0x4  startup_efm32wg.o [1]
  .text               ro code  0x0002f14c      0x4  startup_efm32wg.o [1]
  .text               ro code  0x0002f150      0x4  startup_efm32wg.o [1]
  .text               ro code  0x0002f154      0x4  startup_efm32wg.o [1]
  .text               ro code  0x0002f158      0x4  startup_efm32wg.o [1]
  .text               ro code  0x0002f15c      0x4  startup_efm32wg.o [1]
  .text               ro code  0x0002f160      0x4  startup_efm32wg.o [1]
  .text               ro code  0x0002f164      0x4  startup_efm32wg.o [1]
  .text               ro code  0x0002f168      0x4  startup_efm32wg.o [1]
  .text               ro code  0x0002f16c      0x4  startup_efm32wg.o [1]
  .text               ro code  0x0002f170      0x4  startup_efm32wg.o [1]
  .text               ro code  0x0002f174      0x4  startup_efm32wg.o [1]
  .text               ro code  0x0002f178      0x4  startup_efm32wg.o [1]
  .text               ro code  0x0002f17c      0x4  startup_efm32wg.o [1]
  .text               ro code  0x0002f180      0x4  startup_efm32wg.o [1]
  .text               ro code  0x0002f184      0x4  startup_efm32wg.o [1]
  .text               ro code  0x0002f188      0x4  startup_efm32wg.o [1]
  .text               ro code  0x0002f18c      0x4  startup_efm32wg.o [1]
  .text               ro code  0x0002f190      0x4  startup_efm32wg.o [1]
  .text               ro code  0x0002f194      0x4  startup_efm32wg.o [1]
  .text               ro code  0x0002f198      0x4  startup_efm32wg.o [1]
  .text               ro code  0x0002f19c      0x4  startup_efm32wg.o [1]
  .text               ro code  0x0002f1a0      0x4  startup_efm32wg.o [1]
  .text               ro code  0x0002f1a4      0x4  startup_efm32wg.o [1]
  .text               ro code  0x0002f1a8      0x4  startup_efm32wg.o [1]
  .text               ro code  0x0002f1ac      0x4  startup_efm32wg.o [1]
  .text               ro code  0x0002f1b0      0x4  startup_efm32wg.o [1]
  .text               ro code  0x0002f1b4      0x4  startup_efm32wg.o [1]
  .rodata             const    0x0002f1b8      0x0  zero_init3.o [6]
  .rodata             const    0x0002f1b8      0x0  lz77_init.o [6]
  Initializer bytes   const    0x0002f1b8    0x32a  <for P2 s0>
                             - 0x0002f4e2  0x2f402

"P2":                                       0x5d30
  P2 s0                        0x20000000    0x53d  <Init block>
    .textrw           inited   0x20000000    0x1d4  em_msc.o [1]
    .data             inited   0x200001d4     0xc4  AFE44x0.o [1]
    .data             inited   0x20000298     0xb4  Menu.o [1]
    __DLIB_PERTHREAD  inited   0x2000034c     0x2c  xttotm.o [3]
    .data             inited   0x20000378     0x20  data_gather.o [1]
    .data             inited   0x20000398     0x20  flash_task.o [1]
    .data             inited   0x200003b8     0x10  data_gather.o [1]
    .data             inited   0x200003c8     0x10  data_gather.o [1]
    .data             inited   0x200003d8     0x10  data_gather.o [1]
    .data             inited   0x200003e8     0x10  data_gather.o [1]
    .data             inited   0x200003f8     0x10  data_gather.o [1]
    .data             inited   0x20000408     0x10  data_gather.o [1]
    .data             inited   0x20000418     0x10  data_gather.o [1]
    .data             inited   0x20000428     0x10  data_gather.o [1]
    .data             inited   0x20000438     0x10  flash_task.o [1]
    .data             inited   0x20000448     0x10  flash_task.o [1]
    .data             inited   0x20000458     0x10  flash_task.o [1]
    .data             inited   0x20000468     0x10  flash_task.o [1]
    .data             inited   0x20000478     0x10  flash_task.o [1]
    .data             inited   0x20000488     0x10  flash_task.o [1]
    .data             inited   0x20000498     0x10  flash_task.o [1]
    .data             inited   0x200004a8     0x10  flash_task.o [1]
    .data             inited   0x200004b8      0xc  Device_task.o [1]
    .data             inited   0x200004c4      0x8  BLE-LEUART-DMA.o [1]
    __DLIB_PERTHREAD  inited   0x200004cc      0x8  localtim.o [3]
    __DLIB_PERTHREAD  inited   0x200004d4      0x8  setlocale.o [3]
    .data             inited   0x200004dc      0x4  BLE-LEUART-DMA.o [1]
    .data             inited   0x200004e0      0x4  common_vars.o [1]
    .data             inited   0x200004e4      0x4  common_vars.o [1]
    .data             inited   0x200004e8      0x4  common_vars.o [1]
    .data             inited   0x200004ec      0x4  common_vars.o [1]
    .data             inited   0x200004f0      0x4  common_vars.o [1]
    .data             inited   0x200004f4      0x4  common_vars.o [1]
    .data             inited   0x200004f8      0x4  cortex-m_faults.o [1]
    .data             inited   0x200004fc      0x4  Device_task.o [1]
    .data             inited   0x20000500      0x4  mems.o [1]
    .data             inited   0x20000504      0x4  mems_tracking.o [1]
    .data             inited   0x20000508      0x4  mems_tracking.o [1]
    .data             inited   0x2000050c      0x4  port.o [1]
    .data             inited   0x20000510      0x4  system_efm32wg.o [1]
    .data             inited   0x20000514      0x4  system_efm32wg.o [1]
    .data             inited   0x20000518      0x4  tasks.o [1]
    __DLIB_PERTHREAD  inited   0x2000051c      0x4  xisdst.o [3]
    __DLIB_PERTHREAD  inited   0x20000520      0x4  errno.o [3]
    __DLIB_PERTHREAD  inited   0x20000524      0x4  xisdstData.o [3]
    .data             inited   0x20000528      0x1  AFE44x0.o [1]
    .data             inited   0x20000529      0x1  BLE-LEUART-DMA.o [1]
    .data             inited   0x2000052a      0x1  BLE-LEUART-DMA.o [1]
    .data             inited   0x2000052b      0x1  BLE-LEUART-DMA.o [1]
    .data             inited   0x2000052c      0x1  BLE-LEUART-DMA.o [1]
    .data             inited   0x2000052d      0x1  BLE-LEUART-DMA.o [1]
    .data             inited   0x2000052e      0x1  BLE-LEUART-DMA.o [1]
    .data             inited   0x2000052f      0x1  BLE-LEUART-DMA.o [1]
    .data             inited   0x20000530      0x1  BLE-LEUART-DMA.o [1]
    .data             inited   0x20000531      0x1  BLE-LEUART-DMA.o [1]
    .data             inited   0x20000532      0x1  CapTouchDetect.o [1]
    .data             inited   0x20000533      0x1  CapTouchDetect.o [1]
    .data             inited   0x20000534      0x1  CapTouchDetect.o [1]
    .data             inited   0x20000535      0x1  common_vars.o [1]
    .data             inited   0x20000536      0x1  common_vars.o [1]
    .data             inited   0x20000537      0x1  data_gather.o [1]
    .data             inited   0x20000538      0x1  Device_task.o [1]
    .data             inited   0x20000539      0x1  GlobalData.o [1]
    .data             inited   0x2000053a      0x1  mems_tracking.o [1]
    .data             inited   0x2000053b      0x1  sys_sharing_source.o [1]
    .data             inited   0x2000053c      0x1  sys_sharing_source.o [1]
  .bss                zero     0x20000540   0x1800  heap_1.o [1]
  .bss                zero     0x20001d40    0x400  signal_proc.o [1]
  .bss                zero     0x20002140    0x400  signal_proc.o [1]
  .bss                zero     0x20002540    0x400  signal_proc.o [1]
  .bss                zero     0x20002940    0x400  signal_proc.o [1]
  .bss                zero     0x20002d40    0x400  signal_proc.o [1]
  .bss                zero     0x20003140    0x300  mems_tracking.o [1]
  .bss                zero     0x20003440    0x300  Menu.o [1]
  .bss                zero     0x20003740    0x200  BLE-LEUART-DMA.o [1]
  .bss                zero     0x20003940    0x200  mems_tracking.o [1]
  .bss                zero     0x20003b40    0x1fc  data_gather.o [1]
  .bss                zero     0x20003d3c    0x1d8  dlmalloc.o [3]
  .bss                zero     0x20003f14    0x180  mems_tracking.o [1]
  .bss                zero     0x20004094    0x100  signal_proc.o [1]
  .bss                zero     0x20004194    0x100  signal_proc.o [1]
  .bss                zero     0x20004294     0xf8  common_vars.o [1]
  .bss                zero     0x2000438c     0xc0  mems.o [1]
  .bss                zero     0x2000444c     0x98  BLE-LEUART-DMA.o [1]
  .bss                zero     0x200044e4     0x80  BLE-LEUART-DMA.o [1]
  .bss                zero     0x20004600     0x80  dmactrl.o [1]
  .bss                zero     0x20004680     0x74  common_vars.o [1]
  .bss                zero     0x200046f4     0x60  DelayUsingTimerInt.o [1]
  .bss                zero     0x20004754     0x58  data_gather.o [1]
  .bss                zero     0x200047ac     0x50  queue.o [1]
  .bss                zero     0x200047fc     0x4c  mems_tracking.o [1]
  .bss                zero     0x20004848     0x40  main.o [1]
  .bss                zero     0x20004888     0x3c  tasks.o [1]
  .bss                zero     0x200048c4     0x30  signal_proc.o [1]
  .bss                zero     0x200048f4     0x20  BLE-LEUART-DMA.o [1]
  .bss                zero     0x20004914     0x20  flash_task.o [1]
  .bss                zero     0x20004934     0x18  em_i2c.o [1]
  .bss                zero     0x2000494c     0x18  signal_proc.o [1]
  .bss                zero     0x20004964     0x18  dlmalloc.o [3]
  .bss                zero     0x2000497c     0x14  common_vars.o [1]
  .bss                zero     0x20004990     0x14  tasks.o [1]
  .bss                zero     0x200049a4     0x14  tasks.o [1]
  .bss                zero     0x200049b8     0x14  tasks.o [1]
  .bss                zero     0x200049cc     0x14  tasks.o [1]
  .bss                zero     0x200049e0     0x10  BLE-LEUART-DMA.o [1]
  .bss                zero     0x200049f0     0x10  BLE-LEUART-DMA.o [1]
  .bss                zero     0x20004a00     0x10  GlobalData.o [1]
  .bss                zero     0x20004a10     0x10  Menu.o [1]
  .bss                zero     0x20004a20     0x10  signal_proc.o [1]
  .bss                zero     0x20004a30     0x10  sys_sharing_source.o [1]
  .bss                zero     0x20004a40     0x10  sys_sharing_source.o [1]
  .bss                zero     0x20004a50      0xc  BLE-LEUART-DMA.o [1]
  .bss                zero     0x20004a5c      0xc  BLE-LEUART-DMA.o [1]
  .bss                zero     0x20004a68      0xc  BLE-LEUART-DMA.o [1]
  .bss                zero     0x20004a74      0xc  flash_task.o [1]
  .bss                zero     0x20004a80      0xc  mems.o [1]
  .bss                zero     0x20004a8c      0xc  mems.o [1]
  .bss                zero     0x20004a98      0xc  mems_tracking.o [1]
  .bss                zero     0x20004aa4      0x8  AFE44x0.o [1]
  .bss                zero     0x20004aac      0x8  AFE44x0.o [1]
  .bss                zero     0x20004ab4      0x8  BLE-LEUART-DMA.o [1]
  .bss                zero     0x20004abc      0x8  display_task.o [1]
  .bss                zero     0x20004ac4      0x8  signal_proc.o [1]
  .bss                zero     0x20004acc      0x8  signal_proc.o [1]
  .bss                zero     0x20004ad4      0x8  sys_sharing_source.o [1]
  .bss                zero     0x20004adc      0x4  AFE44x0.o [1]
  .bss                zero     0x20004ae0      0x4  AFE44x0.o [1]
  .bss                zero     0x20004ae4      0x4  AFE44x0.o [1]
  .bss                zero     0x20004ae8      0x4  AFE44x0.o [1]
  .bss                zero     0x20004aec      0x4  AFE44x0.o [1]
  .bss                zero     0x20004af0      0x4  BLE-LEUART-DMA.o [1]
  .bss                zero     0x20004af4      0x4  BLE-LEUART-DMA.o [1]
  .bss                zero     0x20004af8      0x4  BLE-LEUART-DMA.o [1]
  .bss                zero     0x20004afc      0x4  BLE-LEUART-DMA.o [1]
  .bss                zero     0x20004b00      0x4  BLE-LEUART-DMA.o [1]
  .bss                zero     0x20004b04      0x4  BLE-LEUART-DMA.o [1]
  .bss                zero     0x20004b08      0x4  BLE-LEUART-DMA.o [1]
  .bss                zero     0x20004b0c      0x4  BLE-LEUART-DMA.o [1]
  .bss                zero     0x20004b10      0x4  BLE-LEUART-DMA.o [1]
  .bss                zero     0x20004b14      0x4  BLE-LEUART-DMA.o [1]
  .bss                zero     0x20004b18      0x4  BLE-LEUART-DMA.o [1]
  .bss                zero     0x20004b1c      0x4  BLE-LEUART-DMA.o [1]
  .bss                zero     0x20004b20      0x4  BLE-LEUART-DMA.o [1]
  .bss                zero     0x20004b24      0x4  BLE-LEUART-DMA.o [1]
  .bss                zero     0x20004b28      0x4  BLE-LEUART-DMA.o [1]
  .bss                zero     0x20004b2c      0x4  BLE-LEUART-DMA.o [1]
  .bss                zero     0x20004b30      0x4  caplesense.o [1]
  .bss                zero     0x20004b34      0x4  caplesense.o [1]
  .bss                zero     0x20004b38      0x4  CapTouchDetect.o [1]
  .bss                zero     0x20004b3c      0x4  CapTouchDetect.o [1]
  .bss                zero     0x20004b40      0x4  CapTouchDetect.o [1]
  .bss                zero     0x20004b44      0x4  clock.o [1]
  .bss                zero     0x20004b48      0x4  clock.o [1]
  .bss                zero     0x20004b4c      0x4  clock.o [1]
  .bss                zero     0x20004b50      0x4  clock.o [1]
  .bss                zero     0x20004b54      0x4  clockApp.o [1]
  .bss                zero     0x20004b58      0x4  clockApp.o [1]
  .bss                zero     0x20004b5c      0x4  clockApp.o [1]
  .bss                zero     0x20004b60      0x4  clockApp.o [1]
  .bss                zero     0x20004b64      0x4  clockApp.o [1]
  .bss                zero     0x20004b68      0x4  clockApp.o [1]
  .bss                zero     0x20004b6c      0x4  clockApp.o [1]
  .bss                zero     0x20004b70      0x4  common_vars.o [1]
  .bss                zero     0x20004b74      0x4  common_vars.o [1]
  .bss                zero     0x20004b78      0x4  common_vars.o [1]
  .bss                zero     0x20004b7c      0x4  common_vars.o [1]
  .bss                zero     0x20004b80      0x4  common_vars.o [1]
  .bss                zero     0x20004b84      0x4  common_vars.o [1]
  .bss                zero     0x20004b88      0x4  common_vars.o [1]
  .bss                zero     0x20004b8c      0x4  common_vars.o [1]
  .bss                zero     0x20004b90      0x4  common_vars.o [1]
  .bss                zero     0x20004b94      0x4  common_vars.o [1]
  .bss                zero     0x20004b98      0x4  common_vars.o [1]
  .bss                zero     0x20004b9c      0x4  common_vars.o [1]
  .bss                zero     0x20004ba0      0x4  common_vars.o [1]
  .bss                zero     0x20004ba4      0x4  common_vars.o [1]
  .bss                zero     0x20004ba8      0x4  common_vars.o [1]
  .bss                zero     0x20004bac      0x4  common_vars.o [1]
  .bss                zero     0x20004bb0      0x4  common_vars.o [1]
  .bss                zero     0x20004bb4      0x4  common_vars.o [1]
  .bss                zero     0x20004bb8      0x4  common_vars.o [1]
  .bss                zero     0x20004bbc      0x4  common_vars.o [1]
  .bss                zero     0x20004bc0      0x4  common_vars.o [1]
  .bss                zero     0x20004bc4      0x4  cortex-m_faults.o [1]
  .bss                zero     0x20004bc8      0x4  Device_task.o [1]
  .bss                zero     0x20004bcc      0x4  Device_task.o [1]
  .bss                zero     0x20004bd0      0x4  Device_task.o [1]
  .bss                zero     0x20004bd4      0x4  Device_task.o [1]
  .bss                zero     0x20004bd8      0x4  Device_task.o [1]
  .bss                zero     0x20004bdc      0x4  display_task.o [1]
  .bss                zero     0x20004be0      0x4  em_int.o [1]
  .bss                zero     0x20004be4      0x4  flash_task.o [1]
  .bss                zero     0x20004be8      0x4  GlobalData.o [1]
  .bss                zero     0x20004bec      0x4  GlobalData.o [1]
  .bss                zero     0x20004bf0      0x4  heap_1.o [1]
  .bss                zero     0x20004bf4      0x4  heap_1.o [1]
  .bss                zero     0x20004bf8      0x4  i2c_driver.o [1]
  .bss                zero     0x20004bfc      0x4  i2c_driver.o [1]
  .bss                zero     0x20004c00      0x4  low_power_tick_management.o [1]
  .bss                zero     0x20004c04      0x4  low_power_tick_management.o [1]
  .bss                zero     0x20004c08      0x4  low_power_tick_management.o [1]
  .bss                zero     0x20004c0c      0x4  m25pxx.o [1]
  .bss                zero     0x20004c10      0x4  main.o [1]
  .bss                zero     0x20004c14      0x4  mems.o [1]
  .bss                zero     0x20004c18      0x4  mems.o [1]
  .bss                zero     0x20004c1c      0x4  mems.o [1]
  .bss                zero     0x20004c20      0x4  mems.o [1]
  .bss                zero     0x20004c24      0x4  mems.o [1]
  .bss                zero     0x20004c28      0x4  mems_tracking.o [1]
  .bss                zero     0x20004c2c      0x4  mems_tracking.o [1]
  .bss                zero     0x20004c30      0x4  mems_tracking.o [1]
  .bss                zero     0x20004c34      0x4  mems_tracking.o [1]
  .bss                zero     0x20004c38      0x4  mems_tracking.o [1]
  .bss                zero     0x20004c3c      0x4  Menu.o [1]
  .bss                zero     0x20004c40      0x4  port.o [1]
  .bss                zero     0x20004c44      0x4  signal_proc.o [1]
  .bss                zero     0x20004c48      0x4  signal_proc.o [1]
  .bss                zero     0x20004c4c      0x4  signal_proc.o [1]
  .bss                zero     0x20004c50      0x4  signal_proc.o [1]
  .bss                zero     0x20004c54      0x4  signal_proc.o [1]
  .bss                zero     0x20004c58      0x4  signal_proc.o [1]
  .bss                zero     0x20004c5c      0x4  signal_proc.o [1]
  .bss                zero     0x20004c60      0x4  signal_proc.o [1]
  .bss                zero     0x20004c64      0x4  signal_proc.o [1]
  .bss                zero     0x20004c68      0x4  signal_proc.o [1]
  .bss                zero     0x20004c6c      0x4  signal_proc.o [1]
  .bss                zero     0x20004c70      0x4  signal_proc.o [1]
  .bss                zero     0x20004c74      0x4  signal_proc.o [1]
  .bss                zero     0x20004c78      0x4  signal_proc.o [1]
  .bss                zero     0x20004c7c      0x4  signal_proc.o [1]
  .bss                zero     0x20004c80      0x4  sleep.o [1]
  .bss                zero     0x20004c84      0x4  sleep.o [1]
  .bss                zero     0x20004c88      0x4  sleep.o [1]
  .bss                zero     0x20004c8c      0x4  system_efm32wg.o [1]
  .bss                zero     0x20004c90      0x4  tasks.o [1]
  .bss                zero     0x20004c94      0x4  tasks.o [1]
  .bss                zero     0x20004c98      0x4  tasks.o [1]
  .bss                zero     0x20004c9c      0x4  tasks.o [1]
  .bss                zero     0x20004ca0      0x4  tasks.o [1]
  .bss                zero     0x20004ca4      0x4  tasks.o [1]
  .bss                zero     0x20004ca8      0x4  tasks.o [1]
  .bss                zero     0x20004cac      0x4  tasks.o [1]
  .bss                zero     0x20004cb0      0x4  tasks.o [1]
  .bss                zero     0x20004cb4      0x4  tasks.o [1]
  .bss                zero     0x20004cb8      0x4  tasks.o [1]
  .bss                zero     0x20004cbc      0x4  tasks.o [1]
  .bss                zero     0x20004cc0      0x4  xgetmemchunk.o [3]
  .bss                zero     0x20004cc4      0x2  AFE44x0.o [1]
  .bss                zero     0x20004cc6      0x2  AFE44x0.o [1]
  .bss                zero     0x20004cc8      0x2  AFE44x0.o [1]
  .bss                zero     0x20004cca      0x2  BLE-LEUART-DMA.o [1]
  .bss                zero     0x20004ccc      0x2  BLE-LEUART-DMA.o [1]
  .bss                zero     0x20004cce      0x2  BLE-LEUART-DMA.o [1]
  .bss                zero     0x20004cd0      0x2  BLE-LEUART-DMA.o [1]
  .bss                zero     0x20004cd2      0x2  BLE-LEUART-DMA.o [1]
  .bss                zero     0x20004cd4      0x2  BLE-LEUART-DMA.o [1]
  .bss                zero     0x20004cd6      0x2  BLE-LEUART-DMA.o [1]
  .bss                zero     0x20004cd8      0x2  BLE-LEUART-DMA.o [1]
  .bss                zero     0x20004cda      0x2  BLE-LEUART-DMA.o [1]
  .bss                zero     0x20004cdc      0x2  BLE-LEUART-DMA.o [1]
  .bss                zero     0x20004cde      0x2  BLE-LEUART-DMA.o [1]
  .bss                zero     0x20004ce0      0x2  BLE-LEUART-DMA.o [1]
  .bss                zero     0x20004ce2      0x2  BLE-LEUART-DMA.o [1]
  .bss                zero     0x20004ce4      0x2  BLE-LEUART-DMA.o [1]
  .bss                zero     0x20004ce6      0x2  caplesense.o [1]
  .bss                zero     0x20004ce8      0x2  caplesense.o [1]
  .bss                zero     0x20004cea      0x2  CapTouchDetect.o [1]
  .bss                zero     0x20004cec      0x2  common_vars.o [1]
  .bss                zero     0x20004cee      0x2  DelayUsingTimerInt.o [1]
  .bss                zero     0x20004cf0      0x2  em_emu.o [1]
  .bss                zero     0x20004cf2      0x2  flash_task.o [1]
  .bss                zero     0x20004cf4      0x2  main.o [1]
  .bss                zero     0x20004cf6      0x2  mcp9804.o [1]
  .bss                zero     0x20004cf8      0x2  mcp9804.o [1]
  .bss                zero     0x20004cfa      0x2  mcp9804.o [1]
  .bss                zero     0x20004cfc      0x2  mems.o [1]
  .bss                zero     0x20004cfe      0x2  mems.o [1]
  .bss                zero     0x20004d00      0x2  mems.o [1]
  .bss                zero     0x20004d02      0x2  mems_tracking.o [1]
  .bss                zero     0x20004d04      0x2  mems_tracking.o [1]
  .bss                zero     0x20004d06      0x2  mems_tracking.o [1]
  .bss                zero     0x20004d08      0x2  mems_tracking.o [1]
  .bss                zero     0x20004d0a      0x2  mems_tracking.o [1]
  .bss                zero     0x20004d0c      0x2  mems_tracking.o [1]
  .bss                zero     0x20004d0e      0x2  mems_tracking.o [1]
  .bss                zero     0x20004d10      0x2  mems_tracking.o [1]
  .bss                zero     0x20004d12      0x2  mems_tracking.o [1]
  .bss                zero     0x20004d14      0x2  mems_tracking.o [1]
  .bss                zero     0x20004d16      0x2  signal_proc.o [1]
  .bss                zero     0x20004d18      0x2  signal_proc.o [1]
  .bss                zero     0x20004d1a      0x2  signal_proc.o [1]
  .bss                zero     0x20004d1c      0x2  signal_proc.o [1]
  .bss                zero     0x20004d1e      0x2  signal_proc.o [1]
  .bss                zero     0x20004d20      0x2  signal_proc.o [1]
  .bss                zero     0x20004d22      0x2  signal_proc.o [1]
  .bss                zero     0x20004d24      0x2  signal_proc.o [1]
  .bss                zero     0x20004d26      0x2  signal_proc.o [1]
  .bss                zero     0x20004d28      0x2  sys_sharing_source.o [1]
  .bss                zero     0x20004d2a      0x2  sys_sharing_source.o [1]
  .bss                zero     0x20004d2c      0x2  sys_sharing_source.o [1]
  .bss                zero     0x20004d2e      0x1  AFE44x0.o [1]
  .bss                zero     0x20004d2f      0x1  AFE44x0.o [1]
  .bss                zero     0x20004d30      0x1  AFE44x0.o [1]
  .bss                zero     0x20004d31      0x1  AFE44x0.o [1]
  .bss                zero     0x20004d32      0x1  BLE-LEUART-DMA.o [1]
  .bss                zero     0x20004d33      0x1  BLE-LEUART-DMA.o [1]
  .bss                zero     0x20004d34      0x1  BLE-LEUART-DMA.o [1]
  .bss                zero     0x20004d35      0x1  BLE-LEUART-DMA.o [1]
  .bss                zero     0x20004d36      0x1  BLE-LEUART-DMA.o [1]
  .bss                zero     0x20004d37      0x1  BLE-LEUART-DMA.o [1]
  .bss                zero     0x20004d38      0x1  BLE-LEUART-DMA.o [1]
  .bss                zero     0x20004d39      0x1  BLE-LEUART-DMA.o [1]
  .bss                zero     0x20004d3a      0x1  BLE-LEUART-DMA.o [1]
  .bss                zero     0x20004d3b      0x1  BLE-LEUART-DMA.o [1]
  .bss                zero     0x20004d3c      0x1  BLE-LEUART-DMA.o [1]
  .bss                zero     0x20004d3d      0x1  BLE-LEUART-DMA.o [1]
  .bss                zero     0x20004d3e      0x1  BLE-LEUART-DMA.o [1]
  .bss                zero     0x20004d3f      0x1  BLE-LEUART-DMA.o [1]
  .bss                zero     0x20004d40      0x1  BLE-LEUART-DMA.o [1]
  .bss                zero     0x20004d41      0x1  BLE-LEUART-DMA.o [1]
  .bss                zero     0x20004d42      0x1  BLE-LEUART-DMA.o [1]
  .bss                zero     0x20004d43      0x1  BLE-LEUART-DMA.o [1]
  .bss                zero     0x20004d44      0x1  BLE-LEUART-DMA.o [1]
  .bss                zero     0x20004d45      0x1  BLE-LEUART-DMA.o [1]
  .bss                zero     0x20004d46      0x1  BLE-LEUART-DMA.o [1]
  .bss                zero     0x20004d47      0x1  BLE-LEUART-DMA.o [1]
  .bss                zero     0x20004d48      0x1  BLE-LEUART-DMA.o [1]
  .bss                zero     0x20004d49      0x1  BLE-LEUART-DMA.o [1]
  .bss                zero     0x20004d4a      0x1  BLE-LEUART-DMA.o [1]
  .bss                zero     0x20004d4b      0x1  BLE-LEUART-DMA.o [1]
  .bss                zero     0x20004d4c      0x1  BLE-LEUART-DMA.o [1]
  .bss                zero     0x20004d4d      0x1  BLE-LEUART-DMA.o [1]
  .bss                zero     0x20004d4e      0x1  bsp.o [1]
  .bss                zero     0x20004d4f      0x1  caplesense.o [1]
  .bss                zero     0x20004d50      0x1  caplesense.o [1]
  .bss                zero     0x20004d51      0x1  caplesense.o [1]
  .bss                zero     0x20004d52      0x1  CapTouchDetect.o [1]
  .bss                zero     0x20004d53      0x1  CapTouchDetect.o [1]
  .bss                zero     0x20004d54      0x1  CapTouchDetect.o [1]
  .bss                zero     0x20004d55      0x1  common_vars.o [1]
  .bss                zero     0x20004d56      0x1  common_vars.o [1]
  .bss                zero     0x20004d57      0x1  common_vars.o [1]
  .bss                zero     0x20004d58      0x1  common_vars.o [1]
  .bss                zero     0x20004d59      0x1  common_vars.o [1]
  .bss                zero     0x20004d5a      0x1  common_vars.o [1]
  .bss                zero     0x20004d5b      0x1  common_vars.o [1]
  .bss                zero     0x20004d5c      0x1  common_vars.o [1]
  .bss                zero     0x20004d5d      0x1  common_vars.o [1]
  .bss                zero     0x20004d5e      0x1  common_vars.o [1]
  .bss                zero     0x20004d5f      0x1  common_vars.o [1]
  .bss                zero     0x20004d60      0x1  common_vars.o [1]
  .bss                zero     0x20004d61      0x1  common_vars.o [1]
  .bss                zero     0x20004d62      0x1  common_vars.o [1]
  .bss                zero     0x20004d63      0x1  common_vars.o [1]
  .bss                zero     0x20004d64      0x1  common_vars.o [1]
  .bss                zero     0x20004d65      0x1  common_vars.o [1]
  .bss                zero     0x20004d66      0x1  common_vars.o [1]
  .bss                zero     0x20004d67      0x1  Device_task.o [1]
  .bss                zero     0x20004d68      0x1  Device_task.o [1]
  .bss                zero     0x20004d69      0x1  Device_task.o [1]
  .bss                zero     0x20004d6a      0x1  Device_task.o [1]
  .bss                zero     0x20004d6b      0x1  Device_task.o [1]
  .bss                zero     0x20004d6c      0x1  Device_task.o [1]
  .bss                zero     0x20004d6d      0x1  drv2605.o [1]
  .bss                zero     0x20004d6e      0x1  drv2605.o [1]
  .bss                zero     0x20004d6f      0x1  drv2605.o [1]
  .bss                zero     0x20004d70      0x1  drv2605.o [1]
  .bss                zero     0x20004d71      0x1  drv2605.o [1]
  .bss                zero     0x20004d72      0x1  flash_task.o [1]
  .bss                zero     0x20004d73      0x1  GlobalData.o [1]
  .bss                zero     0x20004d74      0x1  GlobalData.o [1]
  .bss                zero     0x20004d75      0x1  GlobalData.o [1]
  .bss                zero     0x20004d76      0x1  i2c_driver.o [1]
  .bss                zero     0x20004d77      0x1  i2c_driver.o [1]
  .bss                zero     0x20004d78      0x1  low_power_tick_management.o [1]
  .bss                zero     0x20004d79      0x1  M00930.o [1]
  .bss                zero     0x20004d7a      0x1  mems.o [1]
  .bss                zero     0x20004d7b      0x1  mems.o [1]
  .bss                zero     0x20004d7c      0x1  mems.o [1]
  .bss                zero     0x20004d7d      0x1  mems.o [1]
  .bss                zero     0x20004d7e      0x1  mems.o [1]
  .bss                zero     0x20004d7f      0x1  mems.o [1]
  .bss                zero     0x20004d80      0x1  mems.o [1]
  .bss                zero     0x20004d81      0x1  mems.o [1]
  .bss                zero     0x20004d82      0x1  mems_tracking.o [1]
  .bss                zero     0x20004d83      0x1  mems_tracking.o [1]
  .bss                zero     0x20004d84      0x1  mems_tracking.o [1]
  .bss                zero     0x20004d85      0x1  mems_tracking.o [1]
  .bss                zero     0x20004d86      0x1  mems_tracking.o [1]
  .bss                zero     0x20004d87      0x1  mems_tracking.o [1]
  .bss                zero     0x20004d88      0x1  mems_tracking.o [1]
  .bss                zero     0x20004d89      0x1  mems_tracking.o [1]
  .bss                zero     0x20004d8a      0x1  mems_tracking.o [1]
  .bss                zero     0x20004d8b      0x1  Menu.o [1]
  .bss                zero     0x20004d8c      0x1  port.o [1]
  .bss                zero     0x20004d8d      0x1  signal_proc.o [1]
  .bss                zero     0x20004d8e      0x1  signal_proc.o [1]
  .bss                zero     0x20004d8f      0x1  signal_proc.o [1]
  .bss                zero     0x20004d90      0x1  signal_proc.o [1]
  .bss                zero     0x20004d91      0x1  signal_proc.o [1]
  .bss                zero     0x20004d92      0x1  signal_proc.o [1]
  .bss                zero     0x20004d93      0x1  signal_proc.o [1]
  .bss                zero     0x20004d94      0x1  signal_proc.o [1]
  .bss                zero     0x20004d95      0x1  signal_proc.o [1]
  .bss                zero     0x20004d96      0x1  signal_proc.o [1]
  .bss                zero     0x20004d97      0x1  signal_proc.o [1]
  .bss                zero     0x20004d98      0x1  subMenu.o [1]
  .bss                zero     0x20004d99      0x1  subMenu.o [1]
  .bss                zero     0x20004d9a      0x1  subMenu.o [1]
  .bss                zero     0x20004d9b      0x1  subMenu.o [1]
  .bss                zero     0x20004d9c      0x1  subMenu.o [1]
  .bss                zero     0x20004d9d      0x1  sys_sharing_source.o [1]
  .bss                zero     0x20004d9e      0x1  sys_sharing_source.o [1]
  .bss                zero     0x20004d9f      0x1  sys_sharing_source.o [1]
  .bss                zero     0x20004da0      0x1  sys_sharing_source.o [1]
  .bss                zero     0x20004da1      0x1  sys_sharing_source.o [1]
  .bss                zero     0x20004da2      0x1  sys_sharing_source.o [1]
  .bss                zero     0x20004da3      0x1  sys_sharing_source.o [1]
  .bss                zero     0x20004da4      0x1  sys_sharing_source.o [1]
  .bss                zero     0x20004da5      0x1  sys_sharing_source.o [1]
  .bss                zero     0x20004da6      0x1  sys_sharing_source.o [1]
  .bss                zero     0x20004da7      0x1  sys_sharing_source.o [1]
  .bss                zero     0x20004da8      0x1  sys_sharing_source.o [1]
  .bss                zero     0x20004da9      0x1  sys_sharing_source.o [1]
  CSTACK                       0x20004db0    0x800  <Block>
    CSTACK            uninit   0x20004db0    0x800  <Block tail>
  HEAP                         0x200055b0    0x780  <Block>
    HEAP              uninit   0x200055b0    0x780  <Block tail>
                             - 0x20005d30   0x5d30


*******************************************************************************
*** INIT TABLE
***

          Address     Size
          -------     ----
Zero (__iar_zero_init3)
    1 destination range, total size 0x486a:
          0x20000540  0x486a

Copy/lz77 (__iar_lz77_init3)
    1 source range, total size 0x32a (60% of destination):
          0x0002f1b8   0x32a
    1 destination range, total size 0x53d:
          0x20000000   0x53d



*******************************************************************************
*** MODULE SUMMARY
***

    Module                       ro code  rw code  ro data  rw data
    ------                       -------  -------  -------  -------
D:\uvutechnology-exam\i2watch\trunk\I4_H\MCU Firmware\I4S\projects\ihealthtrack\iar\i4_H-debug\Obj: [1]
    AFE44x0.o                      2 080               143      243
    BLE-LEUART-DMA.o              14 684                95    1 041
    CapTouchDetect.o                 812                 4       20
    DelayUsingTimerInt.o             640                16       98
    Device_task.o                  4 224                43       43
    GlobalData.o                   1 840                 1       28
    M00930.o                         748                16        1
    Menu.o                         2 244               116      969
    Si14x.o                        1 796                20
    bsp.o                            452                12        1
    caplesense.o                     840             1 108       15
    clock.o                          192                         16
    clockApp.o                       808                36       28
    common_vars.o                                       16      514
    cortex-m_faults.o                280                 2        8
    crc.o                            118
    data_gather.o                  1 334                96      757
    display_task.o                   840                24       12
    dmactrl.o                                                   128
    drv2605.o                        628                          5
    em_acmp.o                        116
    em_adc.o                         496
    em_burtc.o                       296
    em_cmu.o                       3 192
    em_dma.o                         940
    em_emu.o                         600                          2
    em_gpio.o                        432
    em_i2c.o                       1 020                 4       24
    em_int.o                                                      4
    em_lesense.o                   1 060
    em_letimer.o                     178
    em_leuart.o                      266
    em_msc.o                         164      468      282
    em_rmu.o                         300
    em_rtc.o                         132
    em_system.o                       48
    em_timer.o                       206
    em_usart.o                       276
    em_wdog.o                        236
    flash_task.o                   3 348               125      211
    heap_1.o                         116                      6 152
    i2c_driver.o                     448                         10
    interrupt.o                      164
    led_font.o                                      13 104
    list.o                           158
    low_power_tick_management.o      676                         13
    m25pxx.o                       2 528                36        4
    main.o                           700                         70
    mcp9804.o                      1 096                16        6
    mems.o                         2 934                26      254
    mems_tracking.o                3 816                29    1 810
    notification.o                   152
    port.o                           356                 6        9
    portasm.o                        180
    queue.o                        1 304                         80
    signal_proc.o                  2 180                48    5 825
    sleep.o                          284                         12
    startup_efm32wg.o                372
    subMenu.o                      8 108                44        5
    sys_sharing_source.o           4 240                26       61
    system_efm32wg.o                 328                 5       12
    tasks.o                        2 296                11      192
    ---------------------------------------------------------------
    Total:                        80 302      468   15 510   18 683

command line: [2]
    ---------------------------------------------------------------
    Total:

dl7M_tln.a: [3]
    abort.o                            6
    abs.o                              8
    div.o                             14
    dlmalloc.o                     5 400                        496
    errno.o                           12                 2        4
    exit.o                             4
    getzone.o                         10
    localtim.o                       182                 5        8
    low_level_init.o                   4
    mktime.o                         208
    setlocale.o                       41                 5        8
    sprintf.o                         52
    xgetdst.o                        356
    xgetmemchunk.o                    44                          4
    xgettime.o                        66
    xisdst.o                         308                 2        4
    xisdstData.o                                         3        4
    xprintflarge_nomb.o            3 074
    xsprout.o                         10
    xstol.o                          134
    xstoul.o                         408
    xtls.o                             2
    xttotm.o                         392                27       44
    ---------------------------------------------------------------
    Total:                        10 735                44      572

iar_cortexM4lf_math.a: [4]
    arm_bitreversal2.o               106
    arm_cfft_f32.o                 1 864
    arm_cfft_radix8_f32.o          1 376
    arm_cmplx_mag_f32.o              266
    arm_common_tables.o                             78 936
    arm_rfft_fast_f32.o              404
    arm_rfft_fast_init_f32.o         324
    ---------------------------------------------------------------
    Total:                         4 340            78 936

m7M_tls.a: [5]
    DblAdd.o                         232
    DblCmpLe.o                        46
    DblDiv.o                         582
    DblMul.o                         418
    DblSub.o                         384
    DblToFlt.o                       144
    DblToI32.o                        88
    FltToDbl.o                        78
    I32ToDbl.o                        48
    ceil.o                           110
    fpinit_M.o                        34
    sqrt.o                           256
    sqrtf.o                           28
    xdnorm.o                          66
    ---------------------------------------------------------------
    Total:                         2 514

rt7M_tl.a: [6]
    ABImemclr4.o                       6
    ABImemcpy_unaligned.o            118
    ABImemset.o                      102
    ABImemset48.o                     50
    I64DivMod.o                      238
    I64DivZer.o                        2
    XXexit.o                          12
    cexit.o                           10
    cmain.o                           26
    cstartup_M.o                      12
    data_init.o                       40
    iarEdom.o                         12
    lz77_init.o                      450
    memchr.o                          88
    strchr.o                          22
    strlen.o                          54
    zero_init3.o                      34
    ---------------------------------------------------------------
    Total:                         1 276

    Gaps                              37                 8      159
    Linker created                    16                44    3 968
-------------------------------------------------------------------
    Grand Total:                  99 220      468   94 542   23 382


*******************************************************************************
*** ENTRY LIST
***

Entry                      Address    Size  Type      Object
-----                      -------    ----  ----      ------
.iar.init_table$$Base   0x0002ee34           --   Gb  - Linker created -
.iar.init_table$$Limit  0x0002ee60           --   Gb  - Linker created -
?main                   0x0002eed9          Code  Gb  cmain.o [6]
ACC_8S                  0x20002140   0x400  Data  Gb  signal_proc.o [1]
ACC_Mag_ORI             0x20004194   0x100  Data  Gb  signal_proc.o [1]
ACMP_CapsenseInit       0x000287cb    0x4a  Code  Gb  em_acmp.o [1]
ACMP_GPIOSetup          0x00028815    0x1c  Code  Gb  em_acmp.o [1]
ACTION_PASSWORD         0x00017f9e     0x2  Data  Lc  BLE-LEUART-DMA.o [1]
ADC_CalibrateLoadSingle
                        0x000225e9    0xba  Code  Lc  em_adc.o [1]
ADC_DataSingleGet       0x0001978f     0x4  Code  Lc  sys_sharing_source.o [1]
ADC_INIT                0x00019987    0x3e  Code  Gb  sys_sharing_source.o [1]
ADC_Init                0x000226a3    0x3a  Code  Gb  em_adc.o [1]
ADC_InitSingle          0x000226dd    0x5c  Code  Gb  em_adc.o [1]
ADC_PrescaleCalc        0x00022739    0x40  Code  Gb  em_adc.o [1]
ADC_Start               0x00019793     0x6  Code  Lc  sys_sharing_source.o [1]
ADC_TimebaseCalc        0x00022779    0x32  Code  Gb  em_adc.o [1]
AFE44xx_Default_Reg_Init
                        0x0001d569    0x30  Code  Gb  AFE44x0.o [1]
AFE44xx_Default_Register_Settings
                        0x200001d4    0xc4  Data  Lc  AFE44x0.o [1]
AFE44xx_PowerOn_Init    0x0001d6a5    0xf4  Code  Gb  AFE44x0.o [1]
AFE44xx_Reg_Read        0x0001d4e7    0x82  Code  Gb  AFE44x0.o [1]
AFE44xx_Reg_Write       0x0001d477    0x70  Code  Gb  AFE44x0.o [1]
AFE44xx_SW_CMD          0x0001d40f    0x68  Code  Gb  AFE44x0.o [1]
AFE44xx_Shutoff         0x0001d5f1    0xb4  Code  Gb  AFE44x0.o [1]
AFE_AN_Voltage          0x20004d30     0x1  Data  Gb  AFE44x0.o [1]
AFE_DATA_PROC           0x0001d799   0x1a6  Code  Gb  AFE44x0.o [1]
AFE_INT_CALLBACK        0x0001d93f    0x9e  Code  Gb  AFE44x0.o [1]
AMB_TMP                 0x20004cf6     0x2  Data  Gb  mcp9804.o [1]
AMB_uA                  0x20004d2e     0x1  Data  Gb  AFE44x0.o [1]
AdjustCapVal            0x00020ccb    0x5c  Code  Gb  CapTouchDetect.o [1]
AmbientLight            0x20004cec     0x2  Data  Gb  common_vars.o [1]
AutoLockScreen          0x00020e39    0x2c  Code  Gb  CapTouchDetect.o [1]
AxieOUT                 0x20004aa4     0x8  Data  Gb  AFE44x0.o [1]
BAT_ADC_INIT            0x0002f098     0xc  Data  Gb  sys_sharing_source.o [1]
BITBAND_Peripheral      0x00020809     0xe  Code  Lc  clockApp.o [1]
BITBAND_Peripheral      0x000287bd     0xe  Code  Lc  em_acmp.o [1]
BITBAND_Peripheral      0x00028505     0xe  Code  Lc  em_burtc.o [1]
BITBAND_Peripheral      0x0001721d     0xe  Code  Lc  em_cmu.o [1]
BITBAND_Peripheral      0x00018193     0xe  Code  Lc  em_dma.o [1]
BITBAND_Peripheral      0x00021b35     0xe  Code  Lc  em_emu.o [1]
BITBAND_Peripheral      0x00017fa1     0xe  Code  Lc  em_gpio.o [1]
BITBAND_Peripheral      0x00027d25     0xe  Code  Lc  em_i2c.o [1]
BITBAND_Peripheral      0x0002883b     0xe  Code  Lc  em_lesense.o [1]
BITBAND_Peripheral      0x00024735     0xe  Code  Lc  em_rmu.o [1]
BITBAND_Peripheral      0x00024915     0xe  Code  Lc  em_rtc.o [1]
BITBAND_Peripheral      0x00024999     0xe  Code  Lc  em_wdog.o [1]
BITBAND_Peripheral      0x000200ad     0xe  Code  Lc  GlobalData.o [1]
BLE2EFM32_ANCSHandle    0x00015b5d   0x474  Code  Gb  BLE-LEUART-DMA.o [1]
BLE_ADVEN_CON           0x00016411    0x20  Code  Gb  BLE-LEUART-DMA.o [1]
BLE_APP_Model           0x20000529     0x1  Data  Gb  BLE-LEUART-DMA.o [1]
BLE_BROADCAST_UPDATE    0x0001644d    0xc4  Code  Gb  BLE-LEUART-DMA.o [1]
BLE_BUSY_COUNT          0x20004cce     0x2  Data  Gb  BLE-LEUART-DMA.o [1]
BLE_Close               0x00016641    0x14  Code  Gb  BLE-LEUART-DMA.o [1]
BLE_DATA_UPLOADING_PROC
                        0x000159b5   0x18c  Code  Gb  BLE-LEUART-DMA.o [1]
BLE_DevChip             0x20004a5c     0xc  Data  Gb  BLE-LEUART-DMA.o [1]
BLE_INIT                0x000162cb    0x6e  Code  Gb  BLE-LEUART-DMA.o [1]
BLE_Open                0x00016655    0x1a  Code  Gb  BLE-LEUART-DMA.o [1]
BLE_RESET               0x000162a7    0x24  Code  Gb  BLE-LEUART-DMA.o [1]
BLE_SET_CONNECT_INTERVAL
                        0x00016431    0x1c  Code  Gb  BLE-LEUART-DMA.o [1]
BLE_STATE               0x20004d32     0x1  Data  Gb  BLE-LEUART-DMA.o [1]
BLE_Should_Status       0x20004d36     0x1  Data  Gb  BLE-LEUART-DMA.o [1]
BMR_PER_SECOND          0x20004b70     0x4  Data  Gb  common_vars.o [1]
BMR_RATE                0x20004b74     0x4  Data  Gb  common_vars.o [1]
BURTC_CompareGet        0x00028603     0x8  Code  Gb  em_burtc.o [1]
BURTC_CompareSet        0x000285f1    0x12  Code  Gb  em_burtc.o [1]
BURTC_CounterGet        0x00020b05     0x6  Code  Lc  clock.o [1]
BURTC_CounterGet        0x0002083d     0x6  Code  Lc  clockApp.o [1]
BURTC_DivToLog2         0x00028547     0xe  Code  Lc  em_burtc.o [1]
BURTC_ERR               0x20004d4e     0x1  Data  Gb  bsp.o [1]
BURTC_Enable            0x00028513    0x22  Code  Lc  em_burtc.o [1]
BURTC_FreezeEnable      0x00028535    0x12  Code  Lc  em_burtc.o [1]
BURTC_IRQHandler        0x00020943    0x38  Code  Gb  clockApp.o [1]
BURTC_Init              0x00028583    0x6e  Code  Gb  em_burtc.o [1]
BURTC_IntClear          0x00020817     0x8  Code  Lc  clockApp.o [1]
BURTC_IntEnable         0x0002081f    0x10  Code  Lc  clockApp.o [1]
BURTC_IntGet            0x0002082f     0x6  Code  Lc  clockApp.o [1]
BURTC_RetRegGet         0x00020851     0x8  Code  Lc  clockApp.o [1]
BURTC_RetRegSet         0x00020849     0x8  Code  Lc  clockApp.o [1]
BURTC_StatusClear       0x00020835     0x8  Code  Lc  clockApp.o [1]
BURTC_Sync              0x00028555    0x2e  Code  Lc  em_burtc.o [1]
BURTC_TimestampGet      0x00020843     0x6  Code  Lc  clockApp.o [1]
BackToWork              0x0001a595    0x1c  Code  Gb  sys_sharing_source.o [1]
Band_PassFIR_Coefs      0x0002edb8    0x30  Data  Gb  signal_proc.o [1]
BatteryDrainVibratorControlFunc
                        0x000206ff    0x10  Code  Gb  GlobalData.o [1]
Battery_ADC_Init        0x000199c5    0x2a  Code  Gb  sys_sharing_source.o [1]
Battery_ADC_Read        0x000199f1   0x14e  Code  Gb  sys_sharing_source.o [1]
BleLeUartSta            0x20004d3a     0x1  Data  Gb  BLE-LEUART-DMA.o [1]
BleTxDMADone            0x000138d3    0x12  Code  Gb  BLE-LEUART-DMA.o [1]
BspInit                 0x000262c3    0xbe  Code  Gb  bsp.o [1]
CAPLESENSE_Init         0x0002464b    0x30  Code  Gb  caplesense.o [1]
CAPLESENSE_setupACMP    0x0002452b    0x18  Code  Gb  caplesense.o [1]
CAPLESENSE_setupCMU     0x000244d7    0x30  Code  Gb  caplesense.o [1]
CAPLESENSE_setupCallbacks
                        0x000245db     0xa  Code  Gb  caplesense.o [1]
CAPLESENSE_setupGPIO    0x00024507    0x24  Code  Gb  caplesense.o [1]
CAPLESENSE_setupInit    0x00024543    0x16  Code  Gb  caplesense.o [1]
CAPLESENSE_setupScaners
                        0x00024559    0x66  Code  Gb  caplesense.o [1]
CHARGER_STA_INIT        0x000262ab    0x18  Code  Gb  bsp.o [1]
CHECK_BATTERY           0x0001a211   0x2ba  Code  Gb  sys_sharing_source.o [1]
CHECK_BLE_STUFF         0x000136db    0x42  Code  Gb  BLE-LEUART-DMA.o [1]
CHECK_PER_Xsecond       0x00019de1   0x10a  Code  Gb  sys_sharing_source.o [1]
CHIP_Init               0x0001b0b1    0x30  Code  Lc  main.o [1]
CMU_AUXClkGet           0x00017335    0x64  Code  Lc  em_cmu.o [1]
CMU_ClockDivGet         0x00017477   0x10c  Code  Gb  em_cmu.o [1]
CMU_ClockDivSet         0x00017583   0x1c6  Code  Gb  em_cmu.o [1]
CMU_ClockEnable         0x00017749    0xc2  Code  Gb  em_cmu.o [1]
CMU_ClockFreqGet        0x0001780b   0x156  Code  Gb  em_cmu.o [1]
CMU_ClockSelectGet      0x00017961   0x12c  Code  Gb  em_cmu.o [1]
CMU_ClockSelectSet      0x00017a8d   0x22e  Code  Gb  em_cmu.o [1]
CMU_DBGClkGet           0x00017399    0x40  Code  Lc  em_cmu.o [1]
CMU_DivToLog2           0x00017263     0xe  Code  Lc  em_cmu.o [1]
CMU_FlashWaitStateControl
                        0x00017279    0x7e  Code  Lc  em_cmu.o [1]
CMU_FlashWaitStateMax   0x0001722b    0x38  Code  Lc  em_cmu.o [1]
CMU_HFRCOBandSet        0x00017ce5    0x9a  Code  Gb  em_cmu.o [1]
CMU_LFClkGet            0x000173d9    0x88  Code  Lc  em_cmu.o [1]
CMU_Lock                0x00021b55     0x8  Code  Lc  em_emu.o [1]
CMU_Log2ToDiv           0x00017271     0x8  Code  Lc  em_cmu.o [1]
CMU_OscillatorEnable    0x00017d95    0x9c  Code  Gb  em_cmu.o [1]
CMU_Sync                0x00017461    0x16  Code  Lc  em_cmu.o [1]
CMU_USBCClkGet          0x000172f7    0x3e  Code  Lc  em_cmu.o [1]
CMU_Unlock              0x00021b5d     0xa  Code  Lc  em_emu.o [1]
CRC_TEMP                0x20004ce0     0x2  Data  Gb  BLE-LEUART-DMA.o [1]
CRC_Tracking            0x0001dacb    0x30  Code  Gb  crc.o [1]
CRC_calc                0x0001da99    0x32  Code  Gb  crc.o [1]
CSTACK$$Base            0x20004db0           --   Gb  - Linker created -
CSTACK$$Limit           0x200055b0           --   Gb  - Linker created -
CallBackSubMenuActivate
                        0x0001e6cb    0x4c  Code  Gb  subMenu.o [1]
CallBackSubMenuAlarm    0x0001e72f   0x224  Code  Gb  subMenu.o [1]
CallBackSubMenuAmbientTemper
                        0x0001f4bd    0xae  Code  Gb  subMenu.o [1]
CallBackSubMenuBattery  0x0001e96d   0x1a4  Code  Gb  subMenu.o [1]
CallBackSubMenuBleMAC   0x0001eb11   0x1b4  Code  Gb  subMenu.o [1]
CallBackSubMenuBodyTemper
                        0x0001f40d    0xae  Code  Gb  subMenu.o [1]
CallBackSubMenuCalories
                        0x0001f0b5    0xe4  Code  Gb  subMenu.o [1]
CallBackSubMenuDistance
                        0x0001f291   0x15e  Code  Gb  subMenu.o [1]
CallBackSubMenuDownload
                        0x0001ecd9   0x110  Code  Gb  subMenu.o [1]
CallBackSubMenuFallAlert
                        0x0001f71d    0x4a  Code  Gb  subMenu.o [1]
CallBackSubMenuHeartRate
                        0x0001ef69   0x132  Code  Gb  subMenu.o [1]
CallBackSubMenuStep     0x0001f1a1    0xe4  Code  Gb  subMenu.o [1]
CallBackSubMenuTesting  0x0001f5cd   0x14c  Code  Gb  subMenu.o [1]
CallBackSubMenuTime     0x0001e721     0xe  Code  Gb  subMenu.o [1]
CallBackSubMenuUltraViolet
                        0x0001f3ef    0x18  Code  Gb  subMenu.o [1]
Change_BLE_CONNECT_INTERVAL
                        0x00013817    0x1c  Code  Gb  BLE-LEUART-DMA.o [1]
CheckFall               0x00016bbd    0xb0  Code  Gb  BLE-LEUART-DMA.o [1]
CheckFlashBusyStatus    0x00018af9    0x20  Code  Gb  flash_task.o [1]
CheckFlashStatus        0x00018abf    0x3a  Code  Gb  flash_task.o [1]
CheckGoalsAccomplish    0x00019f99   0x254  Code  Gb  sys_sharing_source.o [1]
CheckSOS                0x00016c7d    0x6e  Code  Gb  BLE-LEUART-DMA.o [1]
CheckVibrateStatus      0x00022beb    0x46  Code  Gb  drv2605.o [1]
Check_ADV_Counter       0x20004d43     0x1  Data  Lc  BLE-LEUART-DMA.o [1]
Check_Connect_Counter   0x20004d42     0x1  Data  Lc  BLE-LEUART-DMA.o [1]
Check_UV_Sensor         0x00019eeb    0xac  Code  Gb  sys_sharing_source.o [1]
ChunksPerSector         0x20000537     0x1  Data  Gb  data_gather.o [1]
ClearFlashBusyBit       0x00018a9b    0x1c  Code  Gb  flash_task.o [1]
ClearSysEnergyModeFlag  0x000206cf    0x14  Code  Gb  GlobalData.o [1]
Close_ALLCAPLESENSE     0x0002467b    0x42  Code  Gb  caplesense.o [1]
CombinIndexNumber       0x000194a5    0xe2  Code  Gb  flash_task.o [1]
Current_Connect_Interval
                        0x2000052d     0x1  Data  Gb  BLE-LEUART-DMA.o [1]
DATA_DEF_ACTIVE_LEVEL   0x200003e8    0x10  Data  Lc  data_gather.o [1]
DATA_DEF_ACTIVE_LEVEL   0x20000468    0x10  Data  Lc  flash_task.o [1]
DATA_DEF_AMBIENT_TEMPERATURE
                        0x200003c8    0x10  Data  Lc  data_gather.o [1]
DATA_DEF_AMBIENT_TEMPERATURE
                        0x20000448    0x10  Data  Lc  flash_task.o [1]
DATA_DEF_CALORIE_CONSUMPTION
                        0x20000418    0x10  Data  Lc  data_gather.o [1]
DATA_DEF_CALORIE_CONSUMPTION
                        0x20000498    0x10  Data  Lc  flash_task.o [1]
DATA_DEF_DISTANCE       0x20000408    0x10  Data  Lc  data_gather.o [1]
DATA_DEF_DISTANCE       0x20000488    0x10  Data  Lc  flash_task.o [1]
DATA_DEF_HEART_RATE     0x200003b8    0x10  Data  Lc  data_gather.o [1]
DATA_DEF_HEART_RATE     0x20000438    0x10  Data  Lc  flash_task.o [1]
DATA_DEF_SKIN_TEMPERATURE
                        0x200003d8    0x10  Data  Lc  data_gather.o [1]
DATA_DEF_SKIN_TEMPERATURE
                        0x20000458    0x10  Data  Lc  flash_task.o [1]
DATA_DEF_STEPS          0x200003f8    0x10  Data  Lc  data_gather.o [1]
DATA_DEF_STEPS          0x20000478    0x10  Data  Lc  flash_task.o [1]
DATA_DEF_UV             0x20000428    0x10  Data  Lc  data_gather.o [1]
DATA_DEF_UV             0x200004a8    0x10  Data  Lc  flash_task.o [1]
DMA_ActivateBasic       0x00018331    0x3c  Code  Gb  em_dma.o [1]
DMA_CfgChannel          0x0001836d    0x5a  Code  Gb  em_dma.o [1]
DMA_CfgDescr            0x000183c7    0x42  Code  Gb  em_dma.o [1]
DMA_IRQHandler          0x0001828d    0xa4  Code  Gb  em_dma.o [1]
DMA_Init                0x00018409    0x38  Code  Gb  em_dma.o [1]
DMA_Prepare             0x000181a1    0xec  Code  Lc  em_dma.o [1]
DMA_Reset               0x00018441    0x5e  Code  Gb  em_dma.o [1]
DRV2605_Driver          0x00022c31    0x3e  Code  Gb  drv2605.o [1]
DRV2605_Init            0x00022ae1   0x10a  Code  Gb  drv2605.o [1]
DRV2605_ReadReg         0x00022ca5    0x2a  Code  Gb  drv2605.o [1]
DRV2605_TEST_VAL        0x20004d6d     0x1  Data  Gb  drv2605.o [1]
DRV2605_WriteReg        0x00022ccf    0x3a  Code  Gb  drv2605.o [1]
DSP_PROCESSING          0x00026cbf    0x28  Code  Gb  signal_proc.o [1]
Data_Upload_Pak_Size    0x2000052c     0x1  Data  Gb  BLE-LEUART-DMA.o [1]
DelayTimerCallback      0x00017073    0x7a  Code  Gb  DelayUsingTimerInt.o [1]
DelayTimerStatus        0x20004cee     0x2  Data  Gb  DelayUsingTimerInt.o [1]
DevChip                 0x20004a00    0x10  Data  Gb  GlobalData.o [1]
DeviceTask              0x0002559d   0x750  Code  Gb  Device_task.o [1]
[...]
iconStep                0x0002ec60    0x40  Data  Gb  led_font.o [1]
iconTemperatureUnit_12_16
                        0x0002ed58    0x30  Data  Gb  led_font.o [1]
iconTemperature_15_16   0x0002ed1c    0x3c  Data  Gb  led_font.o [1]
iconUV                  0x0002eb90    0x50  Data  Gb  led_font.o [1]
indexDataBuffer         0x20003b40   0x1fc  Data  Gb  data_gather.o [1]
initDeviceTask          0x000254e3    0x22  Code  Gb  Device_task.o [1]
initDisplayTask         0x00025e0d    0x1c  Code  Gb  display_task.o [1]
initFlashTask           0x00018a45    0x22  Code  Gb  flash_task.o [1]
initIndexDataBuffer     0x000220b1   0x15c  Code  Gb  data_gather.o [1]
initLETIMER             0x00026381    0x52  Code  Gb  bsp.o [1]
initSystemStatus        0x0001b0e9   0x108  Code  Gb  main.o [1]
init_mparams            0x0001bd67    0x32  Code  Lc  dlmalloc.o [3]
init_top                0x0001bd99    0x34  Code  Lc  dlmalloc.o [3]
insert_zero_number      0x2000052a     0x1  Data  Gb  BLE-LEUART-DMA.o [1]
inside_iSteps           0x20004d84     0x1  Data  Gb  mems_tracking.o [1]
intTickFlag             0x20004d78     0x1  Data  Lc  low_power_tick_management.o [1]
isBLEError              0x0001666f    0x52  Code  Gb  BLE-LEUART-DMA.o [1]
isChargeStatusChange    0x20004d65     0x1  Data  Gb  common_vars.o [1]
isDetectedFall          0x20004d60     0x1  Data  Gb  common_vars.o [1]
isLedFlashing           0x20004d9e     0x1  Data  Gb  sys_sharing_source.o [1]
isMemsDeepSleeping      0x20004d73     0x1  Data  Gb  GlobalData.o [1]
isMemsError             0x00023197    0x60  Code  Gb  mems.o [1]
isMemsSleeping          0x20004d74     0x1  Data  Gb  GlobalData.o [1]
isOLEDOff               0x0001fb95     0xc  Code  Gb  M00930.o [1]
isSOSDetected           0x20004d63     0x1  Data  Gb  common_vars.o [1]
isTouchSensorOn         0x20004d51     0x1  Data  Gb  caplesense.o [1]
key_released            0x20000533     0x1  Data  Gb  CapTouchDetect.o [1]
lastKeyTouchTime        0x20004bd8     0x4  Data  Gb  Device_task.o [1]
lastLongPressedisBLE    0x20004d6a     0x1  Data  Gb  Device_task.o [1]
lastLongPressedisTest   0x20004d6b     0x1  Data  Gb  Device_task.o [1]
last_bottom_peak_position
                        0x20004c5c     0x4  Data  Gb  signal_proc.o [1]
last_bottom_pos_dela    0x20004d26     0x2  Data  Gb  signal_proc.o [1]
last_heart_ac_signal    0x20004c70     0x4  Data  Gb  signal_proc.o [1]
last_mems_sample        0x20004d04     0x2  Data  Gb  mems_tracking.o [1]
last_top_peak_position  0x20004c64     0x4  Data  Gb  signal_proc.o [1]
last_top_pos_dela       0x20004d22     0x2  Data  Gb  signal_proc.o [1]
lesenseChCb             0x20004b34     0x4  Data  Lc  caplesense.o [1]
lesenseScanCb           0x20004b30     0x4  Data  Lc  caplesense.o [1]
lmos                    0x00029fd4    0x18  Data  Lc  xttotm.o [3]
longTimerDefs           0x20004848    0x40  Data  Gb  main.o [1]
long_pressed_happened   0x20004d54     0x1  Data  Gb  CapTouchDetect.o [1]
lowBatteryLevelAlert    0x20004d66     0x1  Data  Gb  common_vars.o [1]
macAddrdata             0x0002e270   0x160  Data  Gb  led_font.o [1]
main                    0x0001b1f1    0x52  Code  Gb  main.o [1]
maxUVIndex              0x0002e5e8   0x100  Data  Gb  led_font.o [1]
memchr                  0x0002a78d          Code  Gb  memchr.o [6]
mems_P2P_Val_Delta      0x20004c2c     0x4  Data  Gb  mems_tracking.o [1]
mems_test_val           0x20004d7f     0x1  Data  Gb  mems.o [1]
menu_enabled_status     0x20004a10    0x10  Data  Gb  Menu.o [1]
menu_enabled_status_saved
                        0x20004d8b     0x1  Data  Gb  Menu.o [1]
merge_rfft_f32          0x00028e89    0xa0  Code  Gb  arm_rfft_fast_f32.o [4]
mos                     0x00029fec    0x18  Data  Lc  xttotm.o [3]
mparams                 0x20004964    0x18  Data  Lc  dlmalloc.o [3]
ndigs                   0x0002aac0    0x28  Data  Lc  xstoul.o [3]
oldFallStatus           0x20004d8a     0x1  Data  Gb  mems_tracking.o [1]
oled_drawHortLine       0x000215eb    0x38  Code  Gb  Menu.o [1]
oled_drawPic            0x00021623   0x162  Code  Gb  Menu.o [1]
onBleHeartBeatCheck     0x00025505    0x5c  Code  Gb  Device_task.o [1]
onBleTaskTimeOut        0x0001363f    0x34  Code  Gb  BLE-LEUART-DMA.o [1]
onCmdFlashInit          0x00018de3    0xbe  Code  Gb  flash_task.o [1]
onCmdInitChip           0x00018c27    0x48  Code  Gb  flash_task.o [1]
onCmdPrepareDataStorage
                        0x00018c6f    0x60  Code  Gb  flash_task.o [1]
onCmdPrepareSector      0x00018ea1    0x7c  Code  Gb  flash_task.o [1]
onCmdPrepareSectorForTesting
                        0x000193ab    0x1e  Code  Gb  flash_task.o [1]
onCmdSaveDataToFlash    0x00019085   0x128  Code  Gb  flash_task.o [1]
onEnterMenu             0x00025117    0x3c  Code  Gb  Device_task.o [1]
onManualRestMCU         0x00025153     0xa  Code  Gb  Device_task.o [1]
onMenuAction            0x0002515d   0x214  Code  Gb  Device_task.o [1]
onPostPreparedSector    0x0001937d     0xe  Code  Gb  flash_task.o [1]
onPostScanFlashStorage  0x00019333    0x4a  Code  Gb  flash_task.o [1]
onPostWroteDataToFlash  0x0001938b    0x20  Code  Gb  flash_task.o [1]
onRealtimeClockTick     0x00025371   0x172  Code  Gb  Device_task.o [1]
onSystemFirstTimeStartup
                        0x00024fb5     0x2  Code  Gb  Device_task.o [1]
onSystemModeChanged     0x00025053    0xc4  Code  Gb  Device_task.o [1]
onSystemStartup         0x00025011    0x42  Code  Gb  Device_task.o [1]
overflow_interval       0x20004b4c     0x4  Data  Lc  clock.o [1]
overflow_interval_r     0x20004b50     0x4  Data  Lc  clock.o [1]
pAlarmSetting           0x200004e0     0x4  Data  Gb  common_vars.o [1]
pFlashInfo              0x200004ec     0x4  Data  Gb  common_vars.o [1]
pFlashStorageIndicator  0x200004f0     0x4  Data  Gb  common_vars.o [1]
pFuncUpDataMenu         0x20000298    0xb4  Data  Gb  Menu.o [1]
pSystemTime             0x200004e8     0x4  Data  Gb  common_vars.o [1]
pUserProfile            0x200004e4     0x4  Data  Gb  common_vars.o [1]
pcInterruptPriorityRegisters
                        0x0002f128     0x4  Data  Lc  port.o [1]
peak_buff_wpr           0x20004d8f     0x1  Data  Gb  signal_proc.o [1]
peak_good_count         0x20004d94     0x1  Data  Gb  signal_proc.o [1]
peak_interval           0x20004acc     0x8  Data  Gb  signal_proc.o [1]
perimitSend             0x20004d4c     0x1  Data  Gb  BLE-LEUART-DMA.o [1]
pos_at_bottom_peak      0x20004d10     0x2  Data  Gb  mems_tracking.o [1]
pos_at_top_peak         0x20004d0e     0x2  Data  Gb  mems_tracking.o [1]
pos_max_interval        0x20004cfc     0x2  Data  Gb  mems.o [1]
pos_min_interval        0x20004cfe     0x2  Data  Gb  mems.o [1]
ppg_avg_peak2peak       0x20004d1c     0x2  Data  Gb  signal_proc.o [1]
prepareNextFlashSector  0x00018f1d    0x4c  Code  Gb  flash_task.o [1]
prepend_alloc           0x0001bdcd   0x36e  Code  Lc  dlmalloc.o [3]
prev_inside_iSteps      0x20004d0a     0x2  Data  Gb  mems_tracking.o [1]
prvAddCurrentTaskToDelayedList
                        0x0001ae97    0x3e  Code  Lc  tasks.o [1]
prvAllocateTCBAndStack  0x0001aed5    0x38  Code  Lc  tasks.o [1]
prvCheckTasksWaitingTermination
                        0x0001ae95     0x2  Code  Lc  tasks.o [1]
prvCopyDataFromQueue    0x0001890b    0x30  Code  Lc  queue.o [1]
prvCopyDataToQueue      0x00018873    0x98  Code  Lc  queue.o [1]
prvGetExpectedIdleTime  0x0001a993    0x34  Code  Lc  tasks.o [1]
prvIdleTask             0x0001ad91    0x2c  Code  Lc  tasks.o [1]
prvInitialiseTCBVariables
                        0x0001adf3    0x62  Code  Lc  tasks.o [1]
prvInitialiseTaskLists  0x0001ae55    0x40  Code  Lc  tasks.o [1]
prvIsQueueEmpty         0x000189a5    0x20  Code  Lc  queue.o [1]
prvIsQueueFull          0x000189c5    0x22  Code  Lc  queue.o [1]
prvResetNextTaskUnblockTime
                        0x0001af0d    0x26  Code  Lc  tasks.o [1]
prvTaskExitError        0x00021da9     0x8  Code  Lc  port.o [1]
prvUnlockQueue          0x0001893b    0x6a  Code  Lc  queue.o [1]
putIndexData            0x000222a9    0x60  Code  Gb  data_gather.o [1]
pvPortMalloc            0x00021f89    0x66  Code  Gb  heap_1.o [1]
pvTaskIncrementMutexHeldCount
                        0x0001b04d    0x18  Code  Gb  tasks.o [1]
pxCurrentTCB            0x20004c90     0x4  Data  Gb  tasks.o [1]
pxDelayedTaskList       0x20004c94     0x4  Data  Lc  tasks.o [1]
pxOverflowDelayedTaskList
                        0x20004c98     0x4  Data  Lc  tasks.o [1]
pxPortInitialiseStack   0x00021d85    0x24  Code  Gb  port.o [1]
pxReadyTasksLists       0x20004888    0x3c  Data  Lc  tasks.o [1]
read_AB_reg             0x20004cc8     0x2  Data  Gb  AFE44x0.o [1]
read_AB_reg_22bit       0x20004ae4     0x4  Data  Gb  AFE44x0.o [1]
read_IR_reg             0x20004cc6     0x2  Data  Gb  AFE44x0.o [1]
read_IR_reg_22bit       0x20004ae0     0x4  Data  Gb  AFE44x0.o [1]
resendTimes             0x20004ab4     0x8  Data  Gb  BLE-LEUART-DMA.o [1]
resetcause              0x20004b64     0x4  Data  Lc  clockApp.o [1]
restoreLedFlashPattern  0x00019b5f    0x20  Code  Lc  sys_sharing_source.o [1]
rtcOverflowCounter      0x20004b48     0x4  Data  Lc  clock.o [1]
rtcStartTime            0x20004b44     0x4  Data  Lc  clock.o [1]
saveIndexDataToFlash    0x000191ad   0x186  Code  Gb  flash_task.o [1]
saveLedFlashPattern     0x00019b3f    0x20  Code  Lc  sys_sharing_source.o [1]
save_activity_delta     0x20004c20     0x4  Data  Gb  mems.o [1]
scanWholeFlash          0x20000535     0x1  Data  Gb  common_vars.o [1]
searchEndIndex          0x20004b10     0x4  Data  Gb  BLE-LEUART-DMA.o [1]
searchStartIndex        0x20004b0c     0x4  Data  Gb  BLE-LEUART-DMA.o [1]
sectorNode              0x20004af0     0x4  Data  Gb  BLE-LEUART-DMA.o [1]
segment_holding         0x0001bd4d    0x1a  Code  Lc  dlmalloc.o [3]
si114x_default_ucoef    0x00023f4d    0x1e  Code  Gb  Si14x.o [1]
skinTempFlag            0x20004d56     0x1  Data  Gb  common_vars.o [1]
sleepBlockCnt           0x20004c88     0x4  Data  Lc  sleep.o [1]
sleepCallback           0x20004c80     0x4  Data  Lc  sleep.o [1]
smooth_hr_output        0x00026817    0xfa  Code  Gb  signal_proc.o [1]
sosNotification         0x20004d64     0x1  Data  Gb  common_vars.o [1]
sprintf                 0x00027cb9    0x34  Code  Gb  sprintf.o [3]
sqrt                    0x00029089          Code  Gb  sqrt.o [5]
sqrtf                   0x0002a74d          Code  Gb  sqrtf.o [5]
sqrtl                   0x00029089          Code  Gb  sqrt.o [5]
stage_rfft_f32          0x00028dd9    0xb0  Code  Gb  arm_rfft_fast_f32.o [4]
startCharging           0x20004d59     0x1  Data  Gb  common_vars.o [1]
startFlashLed           0x00019b7f    0xb2  Code  Gb  sys_sharing_source.o [1]
startUploadSectorNum    0x20004cd2     0x2  Data  Gb  BLE-LEUART-DMA.o [1]
status                  0x20004d8d     0x1  Data  Gb  signal_proc.o [1]
step_count              0x20004d85     0x1  Data  Gb  mems_tracking.o [1]
step_sign               0x20004d82     0x1  Data  Gb  mems_tracking.o [1]
steps_time              0x2000053a     0x1  Data  Gb  mems_tracking.o [1]
stopFlashLed            0x00019c31    0x2a  Code  Gb  sys_sharing_source.o [1]
stopVibrate             0x00022c9d     0x8  Code  Gb  drv2605.o [1]
strchr                  0x0002a775          Code  Gb  strchr.o [6]
strlen                  0x00027ced          Code  Gb  strlen.o [6]
switchToNextSector      0x00018f69    0xc2  Code  Gb  flash_task.o [1]
sys_alloc               0x0001c13b   0x38c  Code  Lc  dlmalloc.o [3]
systemSetting           0x20004680    0x74  Data  Gb  common_vars.o [1]
systemStatus            0x20004294    0xf8  Data  Gb  common_vars.o [1]
t2b_peak_pos_dela       0x20004d90     0x1  Data  Gb  signal_proc.o [1]
tempSectorNode          0x20004af4     0x4  Data  Gb  BLE-LEUART-DMA.o [1]
test_index              0x20004bc4     0x4  Data  Gb  cortex-m_faults.o [1]
test_menu_loopcount     0x20004d9a     0x1  Data  Gb  subMenu.o [1]
test_val                0x20004cfa     0x2  Data  Gb  mcp9804.o [1]
timerDefs               0x200046f4    0x60  Data  Gb  DelayUsingTimerInt.o [1]
tmalloc_large           0x0001c4d5   0x39c  Code  Lc  dlmalloc.o [3]
tmalloc_small           0x0001c871   0x21a  Code  Lc  dlmalloc.o [3]
top_index               0x20004d86     0x1  Data  Gb  mems_tracking.o [1]
top_peak_position       0x20004c60     0x4  Data  Gb  signal_proc.o [1]
top_peak_val            0x20004c6c     0x4  Data  Gb  signal_proc.o [1]
top_pos_dela            0x20004d20     0x2  Data  Gb  signal_proc.o [1]
top_value               0x200047fc    0x4c  Data  Gb  mems_tracking.o [1]
totalUploadSector       0x20004cd6     0x2  Data  Gb  BLE-LEUART-DMA.o [1]
touchValues             0x20004ce6     0x2  Data  Gb  caplesense.o [1]
triggerAlarm            0x00024d59   0x25c  Code  Gb  Device_task.o [1]
twiddleCoef_1024        0x00002060  0x2000  Data  Gb  arm_common_tables.o [4]
twiddleCoef_128         0x00000460   0x400  Data  Gb  arm_common_tables.o [4]
twiddleCoef_16          0x000000e0    0x80  Data  Gb  arm_common_tables.o [4]
twiddleCoef_2048        0x00004060  0x4000  Data  Gb  arm_common_tables.o [4]
twiddleCoef_256         0x00000860   0x800  Data  Gb  arm_common_tables.o [4]
twiddleCoef_32          0x00000160   0x100  Data  Gb  arm_common_tables.o [4]
twiddleCoef_512         0x00001060  0x1000  Data  Gb  arm_common_tables.o [4]
twiddleCoef_64          0x00000260   0x200  Data  Gb  arm_common_tables.o [4]
twiddleCoef_rfft_1024   0x0000c538  0x1000  Data  Gb  arm_common_tables.o [4]
twiddleCoef_rfft_128    0x0000b738   0x200  Data  Gb  arm_common_tables.o [4]
twiddleCoef_rfft_2048   0x0000d538  0x2000  Data  Gb  arm_common_tables.o [4]
twiddleCoef_rfft_256    0x0000b938   0x400  Data  Gb  arm_common_tables.o [4]
twiddleCoef_rfft_32     0x0000b5b8    0x80  Data  Gb  arm_common_tables.o [4]
twiddleCoef_rfft_4096   0x0000f538  0x4000  Data  Gb  arm_common_tables.o [4]
twiddleCoef_rfft_512    0x0000bd38   0x800  Data  Gb  arm_common_tables.o [4]
twiddleCoef_rfft_64     0x0000b638   0x100  Data  Gb  arm_common_tables.o [4]
uResetCause             0x20004c10     0x4  Data  Gb  main.o [1]
ucHeap                  0x20000540  0x1800  Data  Lc  heap_1.o [1]
ucMaxSysCallPriority    0x20004d8c     0x1  Data  Lc  port.o [1]
ucMenuRamBuf            0x20003440   0x300  Data  Gb  Menu.o [1]
ulMaxPRIGROUPValue      0x20004c40     0x4  Data  Lc  port.o [1]
ulPortSetInterruptMask  0x0002204d          Code  Gb  portasm.o [1]
ulStoppedTimerCompensation
                        0x20004c08     0x4  Data  Lc  low_power_tick_management.o [1]
ulTimerReloadValueForOneTick
                        0x20004c00     0x4  Data  Lc  low_power_tick_management.o [1]
up_dir                  0x20004d92     0x1  Data  Gb  signal_proc.o [1]
uxCriticalNesting       0x2000050c     0x4  Data  Lc  port.o [1]
uxCurrentNumberOfTasks  0x20004c9c     0x4  Data  Lc  tasks.o [1]
uxListRemove            0x00021f5f    0x28  Code  Gb  list.o [1]
uxPendedTicks           0x20004cac     0x4  Data  Lc  tasks.o [1]
uxSchedulerSuspended    0x20004cbc     0x4  Data  Lc  tasks.o [1]
uxTaskNumber            0x20004cb8     0x4  Data  Lc  tasks.o [1]
uxTopReadyPriority      0x20004ca4     0x4  Data  Lc  tasks.o [1]
vListInitialise         0x00021ee9    0x1e  Code  Gb  list.o [1]
vListInitialiseItem     0x00021f07     0x6  Code  Gb  list.o [1]
vListInsert             0x00021f25    0x3a  Code  Gb  list.o [1]
vListInsertEnd          0x00021f0d    0x18  Code  Gb  list.o [1]
vPortClearInterruptMask
                        0x0002205b          Code  Gb  portasm.o [1]
vPortEnableVFP          0x00022095          Code  Gb  portasm.o [1]
vPortEnterCritical      0x00021e5b    0x20  Code  Gb  port.o [1]
vPortExitCritical       0x00021e7b    0x1c  Code  Gb  port.o [1]
vPortFree               0x00021fef     0x2  Code  Gb  heap_1.o [1]
vPortSetupTimerInterrupt
                        0x00024b73    0x8e  Code  Gb  low_power_tick_management.o [1]
vPortStartFirstTask     0x0002207d          Code  Gb  portasm.o [1]
vPortSuppressTicksAndSleep
                        0x00024c01    0xe0  Code  Gb  low_power_tick_management.o [1]
vPortValidateInterruptPriority
                        0x00021eb5    0x14  Code  Gb  port.o [1]
vPortYield              0x00021e49    0x12  Code  Gb  port.o [1]
vQueueAddToRegistry     0x000189e7    0x28  Code  Gb  queue.o [1]
vTaskDelay              0x0001a8e3    0x5c  Code  Gb  tasks.o [1]
vTaskMissedYield        0x0001ad87     0x8  Code  Gb  tasks.o [1]
vTaskPlaceOnEventList   0x0001ac2b    0x6e  Code  Gb  tasks.o [1]
vTaskPriorityInherit    0x0001af33    0x96  Code  Gb  tasks.o [1]
vTaskSetTimeOutState    0x0001ad13    0x12  Code  Gb  tasks.o [1]
vTaskStartScheduler     0x0001a93f    0x44  Code  Gb  tasks.o [1]
vTaskStepTick           0x0001aa9f    0x10  Code  Gb  tasks.o [1]
vTaskSuspendAll         0x0001a983    0x10  Code  Gb  tasks.o [1]
vTaskSwitchContext      0x0001abd1    0x5a  Code  Gb  tasks.o [1]
val_at_bottom_peak      0x20004d08     0x2  Data  Gb  mems_tracking.o [1]
val_at_top_peak         0x20004d06     0x2  Data  Gb  mems_tracking.o [1]
val_threshold           0x20004d00     0x2  Data  Gb  mems.o [1]
waitFlashOperaDone      0x0001b39d    0x12  Code  Gb  m25pxx.o [1]
waitValidHeartrate      0x20004d5f     0x1  Data  Gb  common_vars.o [1]
wakeUpCallback          0x20004c84     0x4  Data  Lc  sleep.o [1]
walk_state              0x20004d83     0x1  Data  Gb  mems_tracking.o [1]
wathdoginit             0x200004b8     0xc  Data  Gb  Device_task.o [1]
wearoffCurrentTime      0x20004b3c     0x4  Data  Gb  CapTouchDetect.o [1]
wearoffOldTime          0x20004b38     0x4  Data  Gb  CapTouchDetect.o [1]
wearonTime              0x20004b40     0x4  Data  Gb  CapTouchDetect.o [1]
which_ax_near_zero      0x20004d7e     0x1  Data  Gb  mems.o [1]
writeToFlash            0x0001902b    0x5a  Code  Gb  flash_task.o [1]
xDelayedTaskList1       0x20004990    0x14  Data  Lc  tasks.o [1]
xDelayedTaskList2       0x200049a4    0x14  Data  Lc  tasks.o [1]
xMaximumPossibleSuppressedTicks
                        0x20004c04     0x4  Data  Lc  low_power_tick_management.o [1]
xNextFreeByte           0x20004bf0     0x4  Data  Lc  heap_1.o [1]
xNextTaskUnblockTime    0x20000518     0x4  Data  Lc  tasks.o [1]
xNumOfOverflows         0x20004cb4     0x4  Data  Lc  tasks.o [1]
xPendingReadyList       0x200049b8    0x14  Data  Lc  tasks.o [1]
xPortStartScheduler     0x00021db1    0x98  Code  Gb  port.o [1]
xQueueGenericCreate     0x0001856b    0x50  Code  Gb  queue.o [1]
xQueueGenericReceive    0x00018739   0x13a  Code  Gb  queue.o [1]
xQueueGenericReset      0x000184fd    0x6e  Code  Gb  queue.o [1]
xQueueGenericSend       0x000185bb    0xf8  Code  Gb  queue.o [1]
xQueueGenericSendFromISR
                        0x000186b3    0x86  Code  Gb  queue.o [1]
xQueueRegistry          0x200047ac    0x50  Data  Gb  queue.o [1]
xSchedulerRunning       0x20004ca8     0x4  Data  Lc  tasks.o [1]
xSuspendedTaskList      0x200049cc    0x14  Data  Lc  tasks.o [1]
xTaskCheckForTimeOut    0x0001ad25    0x62  Code  Gb  tasks.o [1]
xTaskGenericCreate      0x0001a7b9   0x12a  Code  Gb  tasks.o [1]
xTaskIncrementTick      0x0001aaaf   0x122  Code  Gb  tasks.o [1]
xTaskPriorityDisinherit
                        0x0001afc9    0x7e  Code  Gb  tasks.o [1]
xTaskRemoveFromEventList
                        0x0001ac99    0x7a  Code  Gb  tasks.o [1]
xTaskResumeAll          0x0001a9c7    0xd8  Code  Gb  tasks.o [1]
xTickCount              0x20004ca0     0x4  Data  Lc  tasks.o [1]
xYieldPending           0x20004cb0     0x4  Data  Lc  tasks.o [1]


[1] = D:\uvutechnology-exam\i2watch\trunk\I4_H\MCU Firmware\I4S\projects\ihealthtrack\iar\i4_H-debug\Obj
[2] = command line
[3] = dl7M_tln.a
[4] = iar_cortexM4lf_math.a
[5] = m7M_tls.a
[6] = rt7M_tl.a

  99 220 bytes of readonly  code memory
     468 bytes of readwrite code memory
  94 542 bytes of readonly  data memory
  23 382 bytes of readwrite data memory

Errors: none
Warnings: none
