###############################################################################
#                                                                             #
# IAR ELF Linker V6.60.1.5097/W32 for ARM               17/Oct/2014  14:59:26 #
# Copyright 2007-2013 IAR Systems AB.                                         #
#                                                                             #
#    Output file  =  D:\tempwork\bootloader(0921)\proj\usbhid\iar\usbhhidkbd\ #
#                    Debug\Exe\usbhhidkbd.out                                 #
#    Map file     =  D:\tempwork\bootloader(0921)\proj\usbhid\iar\usbhhidkbd\ #
#                    Debug\List\usbhhidkbd.map                                #
#    Command line =  "D:\tempwork\bootloader(0921)\proj\usbhid\iar\usbhhidkbd #
#                    \Debug\Obj\BLE_LEUART_DMA.o"                             #
#                    "D:\tempwork\bootloader(0921)\proj\usbhid\iar\usbhhidkbd #
#                    \Debug\Obj\boot.o" "D:\tempwork\bootloader(0921)\proj\us #
#                    bhid\iar\usbhhidkbd\Debug\Obj\crc.o"                     #
#                    "D:\tempwork\bootloader(0921)\proj\usbhid\iar\usbhhidkbd #
#                    \Debug\Obj\dmactrl.o" "D:\tempwork\bootloader(0921)\proj #
#                    \usbhid\iar\usbhhidkbd\Debug\Obj\em_assert.o"            #
#                    "D:\tempwork\bootloader(0921)\proj\usbhid\iar\usbhhidkbd #
#                    \Debug\Obj\em_cmu.o" "D:\tempwork\bootloader(0921)\proj\ #
#                    usbhid\iar\usbhhidkbd\Debug\Obj\em_dma.o"                #
#                    "D:\tempwork\bootloader(0921)\proj\usbhid\iar\usbhhidkbd #
#                    \Debug\Obj\em_ebi.o" "D:\tempwork\bootloader(0921)\proj\ #
#                    usbhid\iar\usbhhidkbd\Debug\Obj\em_emu.o"                #
#                    "D:\tempwork\bootloader(0921)\proj\usbhid\iar\usbhhidkbd #
#                    \Debug\Obj\em_gpio.o" "D:\tempwork\bootloader(0921)\proj #
#                    \usbhid\iar\usbhhidkbd\Debug\Obj\em_int.o"               #
#                    "D:\tempwork\bootloader(0921)\proj\usbhid\iar\usbhhidkbd #
#                    \Debug\Obj\em_letimer.o" "D:\tempwork\bootloader(0921)\p #
#                    roj\usbhid\iar\usbhhidkbd\Debug\Obj\em_leuart.o"         #
#                    "D:\tempwork\bootloader(0921)\proj\usbhid\iar\usbhhidkbd #
#                    \Debug\Obj\em_msc.o" "D:\tempwork\bootloader(0921)\proj\ #
#                    usbhid\iar\usbhhidkbd\Debug\Obj\em_system.o"             #
#                    "D:\tempwork\bootloader(0921)\proj\usbhid\iar\usbhhidkbd #
#                    \Debug\Obj\em_timer.o" "D:\tempwork\bootloader(0921)\pro #
#                    j\usbhid\iar\usbhhidkbd\Debug\Obj\em_usart.o"            #
#                    "D:\tempwork\bootloader(0921)\proj\usbhid\iar\usbhhidkbd #
#                    \Debug\Obj\em_wdog.o" "D:\tempwork\bootloader(0921)\proj #
#                    \usbhid\iar\usbhhidkbd\Debug\Obj\GlobalData.o"           #
#                    "D:\tempwork\bootloader(0921)\proj\usbhid\iar\usbhhidkbd #
#                    \Debug\Obj\m25pxx.o" "D:\tempwork\bootloader(0921)\proj\ #
#                    usbhid\iar\usbhhidkbd\Debug\Obj\mymain(0921).o"          #
#                    "D:\tempwork\bootloader(0921)\proj\usbhid\iar\usbhhidkbd #
#                    \Debug\Obj\retargetio.o" "D:\tempwork\bootloader(0921)\p #
#                    roj\usbhid\iar\usbhhidkbd\Debug\Obj\retargetserial.o"    #
#                    "D:\tempwork\bootloader(0921)\proj\usbhid\iar\usbhhidkbd #
#                    \Debug\Obj\startup_efm32wg.o"                            #
#                    "D:\tempwork\bootloader(0921)\proj\usbhid\iar\usbhhidkbd #
#                    \Debug\Obj\system_efm32wg.o" --redirect                  #
#                    _Printf=_PrintfFull --redirect _Scanf=_ScanfFull -o      #
#                    "D:\tempwork\bootloader(0921)\proj\usbhid\iar\usbhhidkbd #
#                    \Debug\Exe\usbhhidkbd.out" --map                         #
#                    "D:\tempwork\bootloader(0921)\proj\usbhid\iar\usbhhidkbd #
#                    \Debug\List\usbhhidkbd.map" --config                     #
#                    "D:\tempwork\bootloader(0921)\proj\usbhid\iar\EFM32-rom. #
#                    icf" --entry __iar_program_start --vfe                   #
#                                                                             #
#                                                                             #
###############################################################################

*******************************************************************************
*** RUNTIME MODEL ATTRIBUTES
***

CppFlavor       = *
__SystemLibrary = DLib


*******************************************************************************
*** PLACEMENT SUMMARY
***

"A1":  place at 0x00000000 { ro section .intvec };
"P1":  place in [from 0x00000000 to 0x0003ffff] { ro };
"P2":  place in [from 0x20000000 to 0x20007fff] { rw, block CSTACK };

  Section            Kind        Address    Size  Object
  -------            ----        -------    ----  ------
"A1":                                       0xe0
  .intvec            ro code  0x00000000    0xe0  startup_efm32wg.o [1]
                            - 0x000000e0    0xe0

"P1":                                     0x39e4
  Veneer             ro code  0x000000e0     0x8  - Linker created -
  Veneer             ro code  0x000000e8     0x8  - Linker created -
  .text              ro code  0x000000f0   0xe00  mymain(0921).o [1]
  .text              ro code  0x00000ef0   0x9ec  em_cmu.o [1]
  .text              ro code  0x000018dc    0xa0  em_letimer.o [1]
  .text              ro code  0x0000197c     0x6  ABImemclr4.o [4]
  .text              ro code  0x00001982    0x2e  copy_init3.o [4]
  .text              ro code  0x000019b0    0x90  em_msc.o [1]
  .text              ro code  0x00001a40     0x8  GlobalData.o [1]
  .text              ro code  0x00001a48   0x6c8  m25pxx.o [1]
  .text              ro code  0x00002110    0xdc  em_wdog.o [1]
  .text              ro code  0x000021ec    0x32  crc.o [1]
  .text              ro code  0x0000221e    0x22  zero_init3.o [4]
  .text              ro code  0x00002240   0x1d8  boot.o [1]
  .text              ro code  0x00002418    0x14  memset.o [3]
  .text              ro code  0x0000242c   0x888  BLE_LEUART_DMA.o [1]
  .text              ro code  0x00002cb4   0x144  system_efm32wg.o [1]
  .text              ro code  0x00002df8    0x14  em_emu.o [1]
  .text              ro code  0x00002e0c    0x32  ABImemset48.o [4]
  .text              ro code  0x00002e40    0x76  ABImemcpy_unaligned.o [4]
  .text              ro code  0x00002eb8   0x1b0  em_gpio.o [1]
  .text              ro code  0x00003068   0x108  em_usart.o [1]
  .text              ro code  0x00003170    0x66  ABImemset.o [4]
  .text              ro code  0x000031d8   0x10a  em_leuart.o [1]
  .text              ro code  0x000032e4   0x3b0  em_dma.o [1]
  .text              ro code  0x00003694     0xc  memcpy.o [3]
  .text              ro code  0x000036a0    0x70  retargetserial.o [1]
  .text              ro code  0x00003710    0x28  data_init.o [4]
  .iar.init_table    const    0x00003738    0x24  - Linker created -
  .text              ro code  0x0000375c    0x1a  cmain.o [4]
  .text              ro code  0x00003776     0x4  low_level_init.o [3]
  .text              ro code  0x0000377a     0x4  exit.o [3]
  .text              ro code  0x00003780     0xa  cexit.o [4]
  .text              ro code  0x0000378c     0xc  XXexit.o [4]
  .rodata            const    0x00003798    0x18  m25pxx.o [1]
  .rodata            const    0x000037b0    0x10  BLE_LEUART_DMA.o [1]
  .text              ro code  0x000037c0    0x10  startup_efm32wg.o [1]
  .rodata            const    0x000037d0     0xc  BLE_LEUART_DMA.o [1]
  .rodata            const    0x000037dc     0xc  BLE_LEUART_DMA.o [1]
  .rodata            const    0x000037e8     0xc  mymain(0921).o [1]
  .text              ro code  0x000037f4     0xc  cstartup_M.o [4]
  .rodata            const    0x00003800     0x8  BLE_LEUART_DMA.o [1]
  .rodata            const    0x00003808     0x8  BLE_LEUART_DMA.o [1]
  .text              ro code  0x00003810     0x4  startup_efm32wg.o [1]
  .text              ro code  0x00003814     0x4  startup_efm32wg.o [1]
  .text              ro code  0x00003818     0x4  startup_efm32wg.o [1]
  .text              ro code  0x0000381c     0x4  startup_efm32wg.o [1]
  .text              ro code  0x00003820     0x4  startup_efm32wg.o [1]
  .text              ro code  0x00003824     0x4  startup_efm32wg.o [1]
  .text              ro code  0x00003828     0x4  startup_efm32wg.o [1]
  .text              ro code  0x0000382c     0x4  startup_efm32wg.o [1]
  .text              ro code  0x00003830     0x4  startup_efm32wg.o [1]
  .text              ro code  0x00003834     0x4  startup_efm32wg.o [1]
  .text              ro code  0x00003838     0x4  startup_efm32wg.o [1]
  .text              ro code  0x0000383c     0x4  startup_efm32wg.o [1]
  .text              ro code  0x00003840     0x4  startup_efm32wg.o [1]
  .text              ro code  0x00003844     0x4  startup_efm32wg.o [1]
  .text              ro code  0x00003848     0x4  startup_efm32wg.o [1]
  .text              ro code  0x0000384c     0x4  startup_efm32wg.o [1]
  .text              ro code  0x00003850     0x4  startup_efm32wg.o [1]
  .text              ro code  0x00003854     0x4  startup_efm32wg.o [1]
  .text              ro code  0x00003858     0x4  startup_efm32wg.o [1]
  .text              ro code  0x0000385c     0x4  startup_efm32wg.o [1]
  .text              ro code  0x00003860     0x4  startup_efm32wg.o [1]
  .text              ro code  0x00003864     0x4  startup_efm32wg.o [1]
  .text              ro code  0x00003868     0x4  startup_efm32wg.o [1]
  .text              ro code  0x0000386c     0x4  startup_efm32wg.o [1]
  .text              ro code  0x00003870     0x4  startup_efm32wg.o [1]
  .text              ro code  0x00003874     0x4  startup_efm32wg.o [1]
  .text              ro code  0x00003878     0x4  startup_efm32wg.o [1]
  .text              ro code  0x0000387c     0x4  startup_efm32wg.o [1]
  .text              ro code  0x00003880     0x4  startup_efm32wg.o [1]
  .text              ro code  0x00003884     0x4  startup_efm32wg.o [1]
  .text              ro code  0x00003888     0x4  startup_efm32wg.o [1]
  .text              ro code  0x0000388c     0x4  startup_efm32wg.o [1]
  .text              ro code  0x00003890     0x4  startup_efm32wg.o [1]
  .text              ro code  0x00003894     0x4  startup_efm32wg.o [1]
  .text              ro code  0x00003898     0x4  startup_efm32wg.o [1]
  .text              ro code  0x0000389c     0x4  startup_efm32wg.o [1]
  .text              ro code  0x000038a0     0x4  startup_efm32wg.o [1]
  .text              ro code  0x000038a4     0x4  startup_efm32wg.o [1]
  .text              ro code  0x000038a8     0x4  startup_efm32wg.o [1]
  .text              ro code  0x000038ac     0x4  startup_efm32wg.o [1]
  .text              ro code  0x000038b0     0x4  startup_efm32wg.o [1]
  .text              ro code  0x000038b4     0x4  startup_efm32wg.o [1]
  .text              ro code  0x000038b8     0x4  startup_efm32wg.o [1]
  .text              ro code  0x000038bc     0x4  startup_efm32wg.o [1]
  .text              ro code  0x000038c0     0x4  startup_efm32wg.o [1]
  .text              ro code  0x000038c4     0x4  startup_efm32wg.o [1]
  .text              ro code  0x000038c8     0x4  startup_efm32wg.o [1]
  .text              ro code  0x000038cc     0x4  startup_efm32wg.o [1]
  .text              ro code  0x000038d0     0x4  startup_efm32wg.o [1]
  .rodata            const    0x000038d4     0x0  zero_init3.o [4]
  .rodata            const    0x000038d4     0x0  copy_init3.o [4]
  Initializer bytes  ro data  0x000038d4   0x1f0  <for P2 s0>
                            - 0x00003ac4  0x39e4

"P2", part 1 of 3:                         0x1f0
  P2 s0                       0x20000000   0x1f0  <Init block>
    .textrw          inited   0x20000000   0x1d4  em_msc.o [1]
    .data            inited   0x200001d4     0xc  mymain(0921).o [1]
    .data            inited   0x200001e0     0x4  m25pxx.o [1]
    .data            inited   0x200001e4     0x4  system_efm32wg.o [1]
    .data            inited   0x200001e8     0x4  system_efm32wg.o [1]
    .data            inited   0x200001ec     0x1  BLE_LEUART_DMA.o [1]
    .data            inited   0x200001ed     0x1  BLE_LEUART_DMA.o [1]
    .data            inited   0x200001ee     0x1  BLE_LEUART_DMA.o [1]
    .data            inited   0x200001ef     0x1  mymain(0921).o [1]
                            - 0x200001f0   0x1f0

"P2", part 2 of 3:                         0x7e8
  .bss               zero     0x200001f0   0x400  BLE_LEUART_DMA.o [1]
  .bss               zero     0x20000600   0x180  dmactrl.o [1]
  .bss               zero     0x20000780    0xa0  BLE_LEUART_DMA.o [1]
  .bss               zero     0x20000820    0x80  m25pxx.o [1]
  .bss               zero     0x200008a0    0x40  BLE_LEUART_DMA.o [1]
  .bss               zero     0x200008e0    0x40  BLE_LEUART_DMA.o [1]
  .bss               zero     0x20000920    0x40  BLE_LEUART_DMA.o [1]
  .bss               zero     0x20000960    0x10  GlobalData.o [1]
  .bss               zero     0x20000970    0x10  mymain(0921).o [1]
  .bss               zero     0x20000980     0xc  BLE_LEUART_DMA.o [1]
  .bss               zero     0x2000098c     0xc  BLE_LEUART_DMA.o [1]
  .bss               zero     0x20000998     0x8  retargetserial.o [1]
  .bss               zero     0x200009a0     0x4  em_int.o [1]
  .bss               zero     0x200009a4     0x4  mymain(0921).o [1]
  .bss               zero     0x200009a8     0x4  mymain(0921).o [1]
  .bss               zero     0x200009ac     0x4  retargetserial.o [1]
  .bss               zero     0x200009b0     0x4  retargetserial.o [1]
  .bss               zero     0x200009b4     0x4  retargetserial.o [1]
  .bss               zero     0x200009b8     0x4  system_efm32wg.o [1]
  .bss               zero     0x200009bc     0x2  BLE_LEUART_DMA.o [1]
  .bss               zero     0x200009be     0x2  BLE_LEUART_DMA.o [1]
  .bss               zero     0x200009c0     0x2  em_emu.o [1]
  .bss               zero     0x200009c2     0x2  mymain(0921).o [1]
  .bss               zero     0x200009c4     0x1  BLE_LEUART_DMA.o [1]
  .bss               zero     0x200009c5     0x1  BLE_LEUART_DMA.o [1]
  .bss               zero     0x200009c6     0x1  BLE_LEUART_DMA.o [1]
  .bss               zero     0x200009c7     0x1  BLE_LEUART_DMA.o [1]
  .bss               zero     0x200009c8     0x1  BLE_LEUART_DMA.o [1]
  .bss               zero     0x200009c9     0x1  m25pxx.o [1]
  .bss               zero     0x200009ca     0x1  mymain(0921).o [1]
  .bss               zero     0x200009cb     0x1  mymain(0921).o [1]
  .bss               zero     0x200009cc     0x1  mymain(0921).o [1]
  .bss               zero     0x200009cd     0x1  mymain(0921).o [1]
  .bss               zero     0x200009ce     0x1  mymain(0921).o [1]
  .bss               zero     0x200009cf     0x1  mymain(0921).o [1]
  .bss               zero     0x200009d0     0x1  mymain(0921).o [1]
  .bss               zero     0x200009d1     0x1  mymain(0921).o [1]
  .bss               zero     0x200009d2     0x1  mymain(0921).o [1]
                            - 0x200009d3   0x7e3

"P2", part 3 of 3:                        0x1000
  CSTACK                      0x200009d8  0x1000  <Block>
    CSTACK           uninit   0x200009d8  0x1000  <Block tail>
                            - 0x200019d8  0x1000


*******************************************************************************
*** INIT TABLE
***

          Address     Size
          -------     ----
Zero (__iar_zero_init3)
    1 destination range, total size 0x7e3:
          0x200001f0  0x7e3

Copy (__iar_copy_init3)
    1 source range, total size 0x1f0:
          0x000038d4  0x1f0
    1 destination range, total size 0x1f0:
          0x20000000  0x1f0



*******************************************************************************
*** MODULE SUMMARY
***

    Module                 ro code  rw code  ro data  rw data
    ------                 -------  -------  -------  -------
D:\tempwork\bootloader(0921)\proj\usbhid\iar\usbhhidkbd\Debug\Obj: [1]
    BLE_LEUART_DMA.o         2 184                59    1 412
    GlobalData.o                 8                         16
    boot.o                     472
    crc.o                       50
    dmactrl.o                                             384
    em_cmu.o                 2 540
    em_dma.o                   944
    em_emu.o                    20                          2
    em_gpio.o                  432
    em_int.o                                                4
    em_letimer.o               160
    em_leuart.o                266
    em_msc.o                   144      468      468
    em_usart.o                 264
    em_wdog.o                  220
    m25pxx.o                 1 736                28      133
    mymain(0921).o           3 584                25       48
    retargetserial.o           112                         20
    startup_efm32wg.o          436
    system_efm32wg.o           324                 8       12
    ---------------------------------------------------------
    Total:                  13 896      468      588    2 031

command line: [2]
    ---------------------------------------------------------
    Total:

dl7M_tln.a: [3]
    exit.o                       4
    low_level_init.o             4
    memcpy.o                    12
    memset.o                    20
    ---------------------------------------------------------
    Total:                      40

rt7M_tl.a: [4]
    ABImemclr4.o                 6
    ABImemcpy_unaligned.o      118
    ABImemset.o                102
    ABImemset48.o               50
    XXexit.o                    12
    cexit.o                     10
    cmain.o                     26
    copy_init3.o                46
    cstartup_M.o                12
    data_init.o                 40
    zero_init3.o                34
    ---------------------------------------------------------
    Total:                     456

    Gaps                        12                         16
    Linker created              16                36    4 096
-------------------------------------------------------------
    Grand Total:            14 420      468      624    6 143


*******************************************************************************
*** ENTRY LIST
***

Entry                      Address   Size  Type      Object
-----                      -------   ----  ----      ------
?main                   0x0000375d         Code  Gb  cmain.o [4]
AppToBoot               0x00002b11   0x20  Code  Gb  BLE_LEUART_DMA.o [1]
BITBAND_Peripheral      0x00000ef1    0xe  Code  Lc  em_cmu.o [1]
BITBAND_Peripheral      0x00003333    0xe  Code  Lc  em_dma.o [1]
BITBAND_Peripheral      0x00002eb9    0xe  Code  Lc  em_gpio.o [1]
BITBAND_Peripheral      0x00002111    0xe  Code  Lc  em_wdog.o [1]
BLE_DevChip             0x20000980    0xc  Data  Gb  BLE_LEUART_DMA.o [1]
BLE_INIT                0x00002a89   0x62  Code  Gb  BLE_LEUART_DMA.o [1]
BLE_ONLINE              0x200009c4    0x1  Data  Gb  BLE_LEUART_DMA.o [1]
BLE_Responsed           0x200009c6    0x1  Data  Gb  BLE_LEUART_DMA.o [1]
BLE_Update_End          0x00002b51   0x26  Code  Gb  BLE_LEUART_DMA.o [1]
BOOT_boot               0x0000224d  0x12c  Code  Gb  boot.o [1]
BOOT_jump               0x00002241    0xc  Code  Gb  boot.o [1]
BleFwUpdate             0x00000bf9  0x1c0  Code  Gb  mymain(0921).o [1]
BleLeUartSta            0x200009c5    0x1  Data  Gb  BLE_LEUART_DMA.o [1]
BleTxDMADone            0x000025b9   0x16  Code  Gb  BLE_LEUART_DMA.o [1]
BootUpdate              0x0000087f   0xb2  Code  Gb  mymain(0921).o [1]
BootWriteIn             0x00000643  0x23c  Code  Gb  mymain(0921).o [1]
CMU_AUXClkGet           0x00000ffb   0x64  Code  Lc  em_cmu.o [1]
CMU_ClockDivGet         0x00001139  0x10c  Code  Gb  em_cmu.o [1]
CMU_ClockEnable         0x00001245   0xc2  Code  Gb  em_cmu.o [1]
CMU_ClockFreqGet        0x00001307  0x13e  Code  Gb  em_cmu.o [1]
CMU_ClockSelectGet      0x00001445  0x12c  Code  Gb  em_cmu.o [1]
CMU_ClockSelectSet      0x00001571  0x238  Code  Gb  em_cmu.o [1]
CMU_DBGClkGet           0x0000105f   0x40  Code  Lc  em_cmu.o [1]
CMU_FlashWaitStateControl
                        0x00000f3f   0x7e  Code  Lc  em_cmu.o [1]
CMU_FlashWaitStateMax   0x00000eff   0x38  Code  Lc  em_cmu.o [1]
CMU_LFClkGet            0x0000109f   0x84  Code  Lc  em_cmu.o [1]
CMU_Log2ToDiv           0x00000f37    0x8  Code  Lc  em_cmu.o [1]
CMU_OscillatorEnable    0x000017e1   0x9c  Code  Gb  em_cmu.o [1]
CMU_Sync                0x00001123   0x16  Code  Lc  em_cmu.o [1]
CMU_USBCClkGet          0x00000fbd   0x3e  Code  Lc  em_cmu.o [1]
CRC_calc                0x000021ed   0x32  Code  Gb  crc.o [1]
CSTACK$$Base            0x200009d8          --   Gb  - Linker created -
CSTACK$$Limit           0x200019d8          --   Gb  - Linker created -
CalcInsideFlashCRCandWrIn
                        0x00000535   0xa0  Code  Gb  mymain(0921).o [1]
CopyRxBuff              0x200008e0   0x40  Data  Gb  BLE_LEUART_DMA.o [1]
DMA_ActivateBasic       0x000034c9   0x3c  Code  Gb  em_dma.o [1]
DMA_CfgChannel          0x00003505   0x5a  Code  Gb  em_dma.o [1]
DMA_CfgDescr            0x0000355f   0x42  Code  Gb  em_dma.o [1]
DMA_IRQHandler          0x00003425   0xa4  Code  Gb  em_dma.o [1]
DMA_Init                0x000035a1   0x38  Code  Gb  em_dma.o [1]
DMA_Prepare             0x00003341   0xe4  Code  Lc  em_dma.o [1]
DMA_Reset               0x000035d9   0x5e  Code  Gb  em_dma.o [1]
DealError               0x000005d5   0x6e  Code  Gb  mymain(0921).o [1]
DevChip                 0x20000960   0x10  Data  Gb  GlobalData.o [1]
EMU_EnterEM1            0x00002495   0x14  Code  Lc  BLE_LEUART_DMA.o [1]
EMU_UpdateOscConfig     0x00002df9    0xa  Code  Gb  em_emu.o [1]
EnableLeUart            0x00002aeb   0x26  Code  Gb  BLE_LEUART_DMA.o [1]
FLASH_CalcPageSize      0x0000028d   0x48  Code  Gb  mymain(0921).o [1]
FLASH_POWER_BACK        0x00001fef   0x52  Code  Gb  m25pxx.o [1]
FLASH_POWER_DOWN        0x00001f9d   0x52  Code  Gb  m25pxx.o [1]
FW_INFO                 0x20000970   0x10  Data  Gb  mymain(0921).o [1]
FlashCRC                0x00002041   0x98  Code  Gb  m25pxx.o [1]
FlashRead               0x00001ee5   0x58  Code  Gb  m25pxx.o [1]
FlashReadManufacturerIdentification
                        0x00001ea5   0x40  Code  Gb  m25pxx.o [1]
FlashReadStatusRegister
                        0x00001cc7   0x38  Code  Gb  m25pxx.o [1]
FlashSectorErase        0x00001f3d   0x60  Code  Gb  m25pxx.o [1]
FlashWriteEnable        0x00001cab   0x1c  Code  Gb  m25pxx.o [1]
GPIO_DriveModeSet       0x00002ec7   0x26  Code  Gb  em_gpio.o [1]
GPIO_IntConfig          0x00002eed   0x90  Code  Gb  em_gpio.o [1]
GPIO_PinModeSet         0x00002f7d   0xcc  Code  Gb  em_gpio.o [1]
GPIO_PinOutClear        0x0000246d   0x14  Code  Lc  BLE_LEUART_DMA.o [1]
GPIO_PinOutClear        0x00001a49   0x14  Code  Lc  m25pxx.o [1]
GPIO_PinOutClear        0x0000010b   0x14  Code  Lc  mymain(0921).o [1]
GPIO_PinOutSet          0x00002481   0x14  Code  Lc  BLE_LEUART_DMA.o [1]
GPIO_PinOutSet          0x00001a5d   0x14  Code  Lc  m25pxx.o [1]
GPIO_PinOutSet          0x0000011f   0x14  Code  Lc  mymain(0921).o [1]
GPIO_PinOutToggle       0x00000133   0x14  Code  Lc  mymain(0921).o [1]
GetFlashCapacity        0x00001cff  0x1a6  Code  Gb  m25pxx.o [1]
GetProdRev              0x00002cb5    0xa  Code  Lc  system_efm32wg.o [1]
INT_Disable             0x000024a9   0x24  Code  Lc  BLE_LEUART_DMA.o [1]
INT_Enable              0x000024cd   0x2e  Code  Lc  BLE_LEUART_DMA.o [1]
INT_LockCnt             0x200009a0    0x4  Data  Gb  em_int.o [1]
InsideFlashWR           0x000002d5  0x260  Code  Gb  mymain(0921).o [1]
IsFlashBusy             0x00001c93   0x18  Code  Gb  m25pxx.o [1]
IsFlashPowerOn          0x200009c9    0x1  Data  Gb  m25pxx.o [1]
LETIMER0_IRQHandler     0x000001c3   0xca  Code  Gb  mymain(0921).o [1]
LETIMER_CompareSet      0x000018dd   0x24  Code  Gb  em_letimer.o [1]
LETIMER_Init            0x00001901   0x7c  Code  Gb  em_letimer.o [1]
LETIMER_IntClear        0x00000147    0x4  Code  Lc  mymain(0921).o [1]
LETIMER_IntEnable       0x0000014b    0x8  Code  Lc  mymain(0921).o [1]
LETIMER_setup           0x00000153   0x70  Code  Gb  mymain(0921).o [1]
LEUART0_IRQHandler      0x0000267f  0x2a8  Code  Gb  BLE_LEUART_DMA.o [1]
LEUARTSentByDma         0x0000294b   0xb8  Code  Gb  BLE_LEUART_DMA.o [1]
LEUART_BaudrateSet      0x000031e7   0x50  Code  Gb  em_leuart.o [1]
LEUART_FreezeEnable     0x00003249   0x18  Code  Gb  em_leuart.o [1]
LEUART_Init             0x00003261   0x46  Code  Gb  em_leuart.o [1]
LEUART_IntClear         0x000024fb    0x4  Code  Lc  BLE_LEUART_DMA.o [1]
LEUART_IntEnable        0x000024ff    0x8  Code  Lc  BLE_LEUART_DMA.o [1]
LEUART_IntGet           0x00002507    0x4  Code  Lc  BLE_LEUART_DMA.o [1]
LEUART_Reset            0x000032a7   0x3c  Code  Gb  em_leuart.o [1]
LEUART_Sync             0x000031d9    0xe  Code  Lc  em_leuart.o [1]
LeUartRxBuff            0x200008a0   0x40  Data  Gb  BLE_LEUART_DMA.o [1]
LeUartTxBuff            0x20000780   0xa0  Data  Gb  BLE_LEUART_DMA.o [1]
LeUartTxCount           0x200009be    0x2  Data  Gb  BLE_LEUART_DMA.o [1]
LeUartWorkTimeCount     0x200009bc    0x2  Data  Gb  BLE_LEUART_DMA.o [1]
LeuartConfig            0x0000251f   0x9a  Code  Gb  BLE_LEUART_DMA.o [1]
M25Pxx_INIT             0x00001a71   0xda  Code  Gb  m25pxx.o [1]
MSC_ErasePage           0x20000093   0x8a  Code  Gb  em_msc.o [1]
MSC_Init                0x000019b1   0x76  Code  Gb  em_msc.o [1]
MSC_WriteWord           0x2000011d   0x9e  Code  Gb  em_msc.o [1]
McuFwUpdate             0x00000931   0xd4  Code  Gb  mymain(0921).o [1]
MscLoadAddress          0x20000001   0x30  Code  Gb  em_msc.o [1]
MscLoadData             0x20000031   0x62  Code  Gb  em_msc.o [1]
MyBLE_Update_Start      0x00002b31   0x20  Code  Gb  BLE_LEUART_DMA.o [1]
MyLEUARTSentByDma       0x00002a03   0x86  Code  Gb  BLE_LEUART_DMA.o [1]
NVIC_ClearPendingIRQ    0x00003319   0x1a  Code  Lc  em_dma.o [1]
NVIC_DisableIRQ         0x000032ff   0x1a  Code  Lc  em_dma.o [1]
NVIC_EnableIRQ          0x0000242d   0x1a  Code  Lc  BLE_LEUART_DMA.o [1]
NVIC_EnableIRQ          0x000032e5   0x1a  Code  Lc  em_dma.o [1]
NVIC_EnableIRQ          0x000000f1   0x1a  Code  Lc  mymain(0921).o [1]
NVIC_SetPriority        0x00002447   0x26  Code  Lc  BLE_LEUART_DMA.o [1]
Rdy2DmaRx               0x00002661   0x1e  Code  Gb  BLE_LEUART_DMA.o [1]
ReChargeTimeCount       0x0000250b   0x14  Code  Lc  BLE_LEUART_DMA.o [1]
ReadBLEFwFromExflashAndWrIn
                        0x00000a05  0x1e6  Code  Gb  mymain(0921).o [1]
Region$$Table$$Base     0x00003738          --   Gb  - Linker created -
Region$$Table$$Limit    0x0000375c          --   Gb  - Linker created -
SPI_Read_Bytes          0x00001c51   0x42  Code  Gb  m25pxx.o [1]
SPI_Send_And_Read_Byte  0x00001b7b   0x46  Code  Gb  m25pxx.o [1]
SPI_Send_And_Read_Bytes
                        0x00001bc1   0x4e  Code  Gb  m25pxx.o [1]
SPI_Send_Byte           0x00001b4b   0x30  Code  Gb  m25pxx.o [1]
SPI_Send_Bytes          0x00001c0f   0x42  Code  Gb  m25pxx.o [1]
SetupLeuartDma          0x000025cf   0x92  Code  Gb  BLE_LEUART_DMA.o [1]
SysCtlDelay             0x00001a41    0x8  Code  Gb  GlobalData.o [1]
SystemCoreClock         0x200009b8    0x4  Data  Gb  system_efm32wg.o [1]
SystemCoreClockGet      0x00002cbf   0x28  Code  Gb  system_efm32wg.o [1]
SystemHFClockGet        0x00002ce7   0xa6  Code  Gb  system_efm32wg.o [1]
SystemHFXOClock         0x200001e4    0x4  Data  Lc  system_efm32wg.o [1]
SystemHFXOClockGet      0x00002d8d    0x6  Code  Gb  system_efm32wg.o [1]
SystemInit              0x00002d93    0xe  Code  Gb  system_efm32wg.o [1]
SystemLFRCOClockGet     0x00002da1    0x6  Code  Gb  system_efm32wg.o [1]
SystemLFXOClock         0x200001e8    0x4  Data  Lc  system_efm32wg.o [1]
SystemLFXOClockGet      0x00002dad    0x6  Code  Gb  system_efm32wg.o [1]
SystemULFRCOClockGet    0x00002da7    0x6  Code  Gb  system_efm32wg.o [1]
TX_DAM_CALLBACK         0x2000098c    0xc  Data  Gb  BLE_LEUART_DMA.o [1]
TxDone                  0x200001ed    0x1  Data  Gb  BLE_LEUART_DMA.o [1]
USART1_RX_IRQHandler    0x000036a1   0x56  Code  Gb  retargetserial.o [1]
USART_BaudrateSyncSet   0x00003069   0x34  Code  Gb  em_usart.o [1]
USART_InitSync          0x0000309d   0x6e  Code  Gb  em_usart.o [1]
USART_Reset             0x0000310b   0x46  Code  Gb  em_usart.o [1]
USART_Rx                0x00003165    0xc  Code  Gb  em_usart.o [1]
WDOG_Enable             0x0000211f   0x20  Code  Gb  em_wdog.o [1]
WDOG_Feed               0x0000213f   0x10  Code  Gb  em_wdog.o [1]
WDOG_Init               0x0000214f   0x7c  Code  Gb  em_wdog.o [1]
WDOG_Lock               0x000021cb   0x16  Code  Gb  em_wdog.o [1]
WaitLastTxDone          0x00002927   0x24  Code  Gb  BLE_LEUART_DMA.o [1]
WriteCC254xFlash        0x00002b77   0x86  Code  Gb  BLE_LEUART_DMA.o [1]
__Vectors               0x00000000          --   Gb  startup_efm32wg.o [1]
__Vectors_End           0x000000e0         Data  Gb  startup_efm32wg.o [1]
__Vectors_Size {Abs}    0x000000e0          --   Gb  startup_efm32wg.o [1]
__aeabi_memclr4         0x0000197d         Code  Gb  ABImemclr4.o [4]
__aeabi_memset          0x00003171         Code  Gb  ABImemset.o [4]
__cmain                 0x0000375d         Code  Gb  cmain.o [4]
__exit                  0x0000378d         Code  Gb  XXexit.o [4]
__iar_Memset            0x00003171         Code  Gb  ABImemset.o [4]
__iar_Memset4_word      0x00002e0d         Code  Gb  ABImemset48.o [4]
__iar_Memset8_word      0x00002e0d         Code  Gb  ABImemset48.o [4]
__iar_Memset_word       0x00003179         Code  Gb  ABImemset.o [4]
__iar_copy_init3        0x00001983   0x2e  Code  Gb  copy_init3.o [4]
__iar_data_init3        0x00003711   0x28  Code  Gb  data_init.o [4]
__iar_program_start     0x000037f5         Code  Gb  cstartup_M.o [4]
__iar_unaligned___aeabi_memcpy
                        0x00002e41         Code  Gb  ABImemcpy_unaligned.o [4]
__iar_unaligned___aeabi_memcpy4
                        0x00002e61         Code  Gb  ABImemcpy_unaligned.o [4]
__iar_unaligned___aeabi_memcpy8
                        0x00002e61         Code  Gb  ABImemcpy_unaligned.o [4]
__iar_zero_init3        0x0000221f   0x22  Code  Gb  zero_init3.o [4]
__low_level_init        0x00003777    0x4  Code  Gb  low_level_init.o [3]
__vector_table          0x00000000         Data  Gb  startup_efm32wg.o [1]
__vector_table_0x1c     0x0000001c         Data  Gb  startup_efm32wg.o [1]
_call_main              0x00003769         Code  Gb  cmain.o [4]
_exit                   0x00003781         Code  Gb  cexit.o [4]
_main                   0x00003773         Code  Gb  cmain.o [4]
bleCount                0x200009cb    0x1  Data  Gb  mymain(0921).o [1]
bleStFlg                0x200001ee    0x1  Data  Gb  BLE_LEUART_DMA.o [1]
bootCount               0x200009cc    0x1  Data  Gb  mymain(0921).o [1]
cmuStatus               0x200009c0    0x2  Data  Lc  em_emu.o [1]
ctl                     0x200009c2    0x2  Data  Gb  mymain(0921).o [1]
dmaControlBlock         0x20000600  0x180  Data  Gb  dmactrl.o [1]
efmCount                0x200009ca    0x1  Data  Gb  mymain(0921).o [1]
exit                    0x0000377b    0x4  Code  Gb  exit.o [3]
flashPageSize           0x200009a8    0x4  Data  Gb  mymain(0921).o [1]
flashSize               0x200009a4    0x4  Data  Gb  mymain(0921).o [1]
g_ucCurrentAddr         0x200009c7    0x1  Data  Gb  BLE_LEUART_DMA.o [1]
g_ucUartFrame           0x200001f0  0x400  Data  Gb  BLE_LEUART_DMA.o [1]
init                    0x200001d4    0xc  Data  Gb  mymain(0921).o [1]
insert_zero_number      0x200001ec    0x1  Data  Gb  BLE_LEUART_DMA.o [1]
main                    0x00000dd9   0xa2  Code  Gb  mymain(0921).o [1]
memcpy                  0x00003695    0xc  Code  Gb  memcpy.o [3]
memset                  0x00002419   0x14  Code  Gb  memset.o [3]
pFlashInfo              0x200001e0    0x4  Data  Gb  m25pxx.o [1]
rxBuffer                0x20000998    0x8  Data  Lc  retargetserial.o [1]
rxCount                 0x200009b4    0x4  Data  Lc  retargetserial.o [1]
rxReadIndex             0x200009ac    0x4  Data  Lc  retargetserial.o [1]
rxWriteIndex            0x200009b0    0x4  Data  Lc  retargetserial.o [1]
start_add               0x200009c8    0x1  Data  Gb  BLE_LEUART_DMA.o [1]
systemStatus            0x20000820   0x80  Data  Gb  m25pxx.o [1]
tempESC                 0x20000920   0x40  Data  Gb  BLE_LEUART_DMA.o [1]


[1] = D:\tempwork\bootloader(0921)\proj\usbhid\iar\usbhhidkbd\Debug\Obj
[2] = command line
[3] = dl7M_tln.a
[4] = rt7M_tl.a

  14 420 bytes of readonly  code memory
     468 bytes of readwrite code memory
     624 bytes of readonly  data memory
   6 143 bytes of readwrite data memory

Errors: none
Warnings: none
